  Determining projects to restore...
  All projects are up-to-date for restore.
/Users/alexanderfedin/Projects/nolock.social/Nolock.social.frontend/NoLock.Social.Core/Camera/Services/CameraService.cs(24,45): warning CS8625: Cannot convert null literal to non-nullable reference type. [/Users/alexanderfedin/Projects/nolock.social/Nolock.social.frontend/NoLock.Social.Core/NoLock.Social.Core.csproj]
/Users/alexanderfedin/Projects/nolock.social/Nolock.social.frontend/NoLock.Social.Core/OCR/Interfaces/IBackgroundProcessingQueue.cs(68,51): warning CS8625: Cannot convert null literal to non-nullable reference type. [/Users/alexanderfedin/Projects/nolock.social/Nolock.social.frontend/NoLock.Social.Core/NoLock.Social.Core.csproj]
/Users/alexanderfedin/Projects/nolock.social/Nolock.social.frontend/NoLock.Social.Core/OCR/Models/QueuedDocument.cs(210,51): warning CS8625: Cannot convert null literal to non-nullable reference type. [/Users/alexanderfedin/Projects/nolock.social/Nolock.social.frontend/NoLock.Social.Core/NoLock.Social.Core.csproj]
/Users/alexanderfedin/Projects/nolock.social/Nolock.social.frontend/NoLock.Social.Core/OCR/Models/QueuedDocument.cs(211,39): warning CS8625: Cannot convert null literal to non-nullable reference type. [/Users/alexanderfedin/Projects/nolock.social/Nolock.social.frontend/NoLock.Social.Core/NoLock.Social.Core.csproj]
/Users/alexanderfedin/Projects/nolock.social/Nolock.social.frontend/NoLock.Social.Core/OCR/Models/QueuedDocument.cs(232,88): warning CS8625: Cannot convert null literal to non-nullable reference type. [/Users/alexanderfedin/Projects/nolock.social/Nolock.social.frontend/NoLock.Social.Core/NoLock.Social.Core.csproj]
/Users/alexanderfedin/Projects/nolock.social/Nolock.social.frontend/NoLock.Social.Core/OCR/Models/QueuedDocument.cs(232,113): warning CS8625: Cannot convert null literal to non-nullable reference type. [/Users/alexanderfedin/Projects/nolock.social/Nolock.social.frontend/NoLock.Social.Core/NoLock.Social.Core.csproj]
/Users/alexanderfedin/Projects/nolock.social/Nolock.social.frontend/NoLock.Social.Core/OCR/Services/DocumentProcessingQueue.cs(94,51): warning CS8625: Cannot convert null literal to non-nullable reference type. [/Users/alexanderfedin/Projects/nolock.social/Nolock.social.frontend/NoLock.Social.Core/NoLock.Social.Core.csproj]
/Users/alexanderfedin/Projects/nolock.social/Nolock.social.frontend/NoLock.Social.Core/OCR/Services/DocumentProcessingQueue.cs(391,43): warning CS8625: Cannot convert null literal to non-nullable reference type. [/Users/alexanderfedin/Projects/nolock.social/Nolock.social.frontend/NoLock.Social.Core/NoLock.Social.Core.csproj]
/Users/alexanderfedin/Projects/nolock.social/Nolock.social.frontend/NoLock.Social.Core/OCR/Services/DocumentProcessingQueue.cs(392,35): warning CS8625: Cannot convert null literal to non-nullable reference type. [/Users/alexanderfedin/Projects/nolock.social/Nolock.social.frontend/NoLock.Social.Core/NoLock.Social.Core.csproj]
/Users/alexanderfedin/Projects/nolock.social/Nolock.social.frontend/NoLock.Social.Core/OCR/Services/DocumentProcessingQueue.cs(393,32): warning CS8625: Cannot convert null literal to non-nullable reference type. [/Users/alexanderfedin/Projects/nolock.social/Nolock.social.frontend/NoLock.Social.Core/NoLock.Social.Core.csproj]
/Users/alexanderfedin/Projects/nolock.social/Nolock.social.frontend/NoLock.Social.Core/Camera/Services/CameraService.cs(22,16): warning CS8618: Non-nullable field '_currentStream' must contain a non-null value when exiting constructor. Consider adding the 'required' modifier or declaring the field as nullable. [/Users/alexanderfedin/Projects/nolock.social/Nolock.social.frontend/NoLock.Social.Core/NoLock.Social.Core.csproj]
/Users/alexanderfedin/Projects/nolock.social/Nolock.social.frontend/NoLock.Social.Core/Camera/Services/CameraService.cs(35,26): warning CS1998: This async method lacks 'await' operators and will run synchronously. Consider using the 'await' operator to await non-blocking API calls, or 'await Task.Run(...)' to do CPU-bound work on a background thread. [/Users/alexanderfedin/Projects/nolock.social/Nolock.social.frontend/NoLock.Social.Core/NoLock.Social.Core.csproj]
/Users/alexanderfedin/Projects/nolock.social/Nolock.social.frontend/NoLock.Social.Core/Camera/Services/CameraService.cs(138,30): warning CS8625: Cannot convert null literal to non-nullable reference type. [/Users/alexanderfedin/Projects/nolock.social/Nolock.social.frontend/NoLock.Social.Core/NoLock.Social.Core.csproj]
/Users/alexanderfedin/Projects/nolock.social/Nolock.social.frontend/NoLock.Social.Core/Security/SecurityService.cs(56,13): warning CS8604: Possible null reference argument for parameter 'logger' in 'void LoggerExtensions.LogInformation(ILogger logger, string? message, params object?[] args)'. [/Users/alexanderfedin/Projects/nolock.social/Nolock.social.frontend/NoLock.Social.Core/NoLock.Social.Core.csproj]
/Users/alexanderfedin/Projects/nolock.social/Nolock.social.frontend/NoLock.Social.Core/Security/SecurityService.cs(90,13): warning CS8604: Possible null reference argument for parameter 'logger' in 'void LoggerExtensions.LogInformation(ILogger logger, string? message, params object?[] args)'. [/Users/alexanderfedin/Projects/nolock.social/Nolock.social.frontend/NoLock.Social.Core/NoLock.Social.Core.csproj]
/Users/alexanderfedin/Projects/nolock.social/Nolock.social.frontend/NoLock.Social.Core/Security/SecurityService.cs(144,13): warning CS8604: Possible null reference argument for parameter 'logger' in 'void LoggerExtensions.LogInformation(ILogger logger, string? message, params object?[] args)'. [/Users/alexanderfedin/Projects/nolock.social/Nolock.social.frontend/NoLock.Social.Core/NoLock.Social.Core.csproj]
/Users/alexanderfedin/Projects/nolock.social/Nolock.social.frontend/NoLock.Social.Core/Identity/Services/SessionPersistenceService.cs(141,33): warning CS8603: Possible null reference return. [/Users/alexanderfedin/Projects/nolock.social/Nolock.social.frontend/NoLock.Social.Core/NoLock.Social.Core.csproj]
/Users/alexanderfedin/Projects/nolock.social/Nolock.social.frontend/NoLock.Social.Core/Identity/Services/SessionPersistenceService.cs(182,33): warning CS8603: Possible null reference return. [/Users/alexanderfedin/Projects/nolock.social/Nolock.social.frontend/NoLock.Social.Core/NoLock.Social.Core.csproj]
/Users/alexanderfedin/Projects/nolock.social/Nolock.social.frontend/NoLock.Social.Core/Identity/Services/SessionPersistenceService.cs(290,36): warning CS1998: This async method lacks 'await' operators and will run synchronously. Consider using the 'await' operator to await non-blocking API calls, or 'await Task.Run(...)' to do CPU-bound work on a background thread. [/Users/alexanderfedin/Projects/nolock.social/Nolock.social.frontend/NoLock.Social.Core/NoLock.Social.Core.csproj]
/Users/alexanderfedin/Projects/nolock.social/Nolock.social.frontend/NoLock.Social.Core/Identity/Services/SessionPersistenceService.cs(303,36): warning CS1998: This async method lacks 'await' operators and will run synchronously. Consider using the 'await' operator to await non-blocking API calls, or 'await Task.Run(...)' to do CPU-bound work on a background thread. [/Users/alexanderfedin/Projects/nolock.social/Nolock.social.frontend/NoLock.Social.Core/NoLock.Social.Core.csproj]
/Users/alexanderfedin/Projects/nolock.social/Nolock.social.frontend/NoLock.Social.Core/Camera/Services/CameraService.cs(602,35): warning CS1998: This async method lacks 'await' operators and will run synchronously. Consider using the 'await' operator to await non-blocking API calls, or 'await Task.Run(...)' to do CPU-bound work on a background thread. [/Users/alexanderfedin/Projects/nolock.social/Nolock.social.frontend/NoLock.Social.Core/NoLock.Social.Core.csproj]
/Users/alexanderfedin/Projects/nolock.social/Nolock.social.frontend/NoLock.Social.Core/Identity/Services/SessionPersistenceService.cs(321,36): warning CS1998: This async method lacks 'await' operators and will run synchronously. Consider using the 'await' operator to await non-blocking API calls, or 'await Task.Run(...)' to do CPU-bound work on a background thread. [/Users/alexanderfedin/Projects/nolock.social/Nolock.social.frontend/NoLock.Social.Core/NoLock.Social.Core.csproj]
/Users/alexanderfedin/Projects/nolock.social/Nolock.social.frontend/NoLock.Social.Core/Camera/Services/CameraService.cs(621,27): warning CS1998: This async method lacks 'await' operators and will run synchronously. Consider using the 'await' operator to await non-blocking API calls, or 'await Task.Run(...)' to do CPU-bound work on a background thread. [/Users/alexanderfedin/Projects/nolock.social/Nolock.social.frontend/NoLock.Social.Core/NoLock.Social.Core.csproj]
/Users/alexanderfedin/Projects/nolock.social/Nolock.social.frontend/NoLock.Social.Core/Camera/Services/CameraService.cs(641,44): warning CS1998: This async method lacks 'await' operators and will run synchronously. Consider using the 'await' operator to await non-blocking API calls, or 'await Task.Run(...)' to do CPU-bound work on a background thread. [/Users/alexanderfedin/Projects/nolock.social/Nolock.social.frontend/NoLock.Social.Core/NoLock.Social.Core.csproj]
/Users/alexanderfedin/Projects/nolock.social/Nolock.social.frontend/NoLock.Social.Core/Camera/Services/CameraService.cs(654,44): warning CS1998: This async method lacks 'await' operators and will run synchronously. Consider using the 'await' operator to await non-blocking API calls, or 'await Task.Run(...)' to do CPU-bound work on a background thread. [/Users/alexanderfedin/Projects/nolock.social/Nolock.social.frontend/NoLock.Social.Core/NoLock.Social.Core.csproj]
/Users/alexanderfedin/Projects/nolock.social/Nolock.social.frontend/NoLock.Social.Core/Camera/Services/CameraService.cs(667,27): warning CS1998: This async method lacks 'await' operators and will run synchronously. Consider using the 'await' operator to await non-blocking API calls, or 'await Task.Run(...)' to do CPU-bound work on a background thread. [/Users/alexanderfedin/Projects/nolock.social/Nolock.social.frontend/NoLock.Social.Core/NoLock.Social.Core.csproj]
/Users/alexanderfedin/Projects/nolock.social/Nolock.social.frontend/NoLock.Social.Core/OCR/Services/PollingService.cs(42,17): warning CS8625: Cannot convert null literal to non-nullable reference type. [/Users/alexanderfedin/Projects/nolock.social/Nolock.social.frontend/NoLock.Social.Core/NoLock.Social.Core.csproj]
/Users/alexanderfedin/Projects/nolock.social/Nolock.social.frontend/NoLock.Social.Core/Camera/Services/CameraService.cs(696,27): warning CS1998: This async method lacks 'await' operators and will run synchronously. Consider using the 'await' operator to await non-blocking API calls, or 'await Task.Run(...)' to do CPU-bound work on a background thread. [/Users/alexanderfedin/Projects/nolock.social/Nolock.social.frontend/NoLock.Social.Core/NoLock.Social.Core.csproj]
/Users/alexanderfedin/Projects/nolock.social/Nolock.social.frontend/NoLock.Social.Core/Camera/Services/CameraService.cs(735,27): warning CS1998: This async method lacks 'await' operators and will run synchronously. Consider using the 'await' operator to await non-blocking API calls, or 'await Task.Run(...)' to do CPU-bound work on a background thread. [/Users/alexanderfedin/Projects/nolock.social/Nolock.social.frontend/NoLock.Social.Core/NoLock.Social.Core.csproj]
/Users/alexanderfedin/Projects/nolock.social/Nolock.social.frontend/NoLock.Social.Core/Camera/Services/CameraService.cs(750,27): warning CS1998: This async method lacks 'await' operators and will run synchronously. Consider using the 'await' operator to await non-blocking API calls, or 'await Task.Run(...)' to do CPU-bound work on a background thread. [/Users/alexanderfedin/Projects/nolock.social/Nolock.social.frontend/NoLock.Social.Core/NoLock.Social.Core.csproj]
/Users/alexanderfedin/Projects/nolock.social/Nolock.social.frontend/NoLock.Social.Core/Camera/Services/CameraService.cs(820,46): warning CS8625: Cannot convert null literal to non-nullable reference type. [/Users/alexanderfedin/Projects/nolock.social/Nolock.social.frontend/NoLock.Social.Core/NoLock.Social.Core.csproj]
/Users/alexanderfedin/Projects/nolock.social/Nolock.social.frontend/NoLock.Social.Core/Identity/Services/SecureSessionPersistenceService.cs(137,33): warning CS8603: Possible null reference return. [/Users/alexanderfedin/Projects/nolock.social/Nolock.social.frontend/NoLock.Social.Core/NoLock.Social.Core.csproj]
/Users/alexanderfedin/Projects/nolock.social/Nolock.social.frontend/NoLock.Social.Core/Identity/Services/SecureSessionPersistenceService.cs(141,50): warning CS1998: This async method lacks 'await' operators and will run synchronously. Consider using the 'await' operator to await non-blocking API calls, or 'await Task.Run(...)' to do CPU-bound work on a background thread. [/Users/alexanderfedin/Projects/nolock.social/Nolock.social.frontend/NoLock.Social.Core/NoLock.Social.Core.csproj]
/Users/alexanderfedin/Projects/nolock.social/Nolock.social.frontend/NoLock.Social.Core/OCR/Configuration/OCRServiceOptions.cs(19,37): warning CS8618: Non-nullable property 'PollingConfiguration' must contain a non-null value when exiting constructor. Consider adding the 'required' modifier or declaring the property as nullable. [/Users/alexanderfedin/Projects/nolock.social/Nolock.social.frontend/NoLock.Social.Core/NoLock.Social.Core.csproj]
/Users/alexanderfedin/Projects/nolock.social/Nolock.social.frontend/NoLock.Social.Core/OCR/Models/QueuedDocument.cs(309,29): warning CS8625: Cannot convert null literal to non-nullable reference type. [/Users/alexanderfedin/Projects/nolock.social/Nolock.social.frontend/NoLock.Social.Core/NoLock.Social.Core.csproj]
/Users/alexanderfedin/Projects/nolock.social/Nolock.social.frontend/NoLock.Social.Core/OCR/Models/QueuedDocument.cs(312,32): warning CS8625: Cannot convert null literal to non-nullable reference type. [/Users/alexanderfedin/Projects/nolock.social/Nolock.social.frontend/NoLock.Social.Core/NoLock.Social.Core.csproj]
/Users/alexanderfedin/Projects/nolock.social/Nolock.social.frontend/NoLock.Social.Core/OCR/Models/QueuedDocument.cs(315,28): warning CS8625: Cannot convert null literal to non-nullable reference type. [/Users/alexanderfedin/Projects/nolock.social/Nolock.social.frontend/NoLock.Social.Core/NoLock.Social.Core.csproj]
/Users/alexanderfedin/Projects/nolock.social/Nolock.social.frontend/NoLock.Social.Core/OCR/Models/QueuedDocument.cs(316,25): warning CS8625: Cannot convert null literal to non-nullable reference type. [/Users/alexanderfedin/Projects/nolock.social/Nolock.social.frontend/NoLock.Social.Core/NoLock.Social.Core.csproj]
/Users/alexanderfedin/Projects/nolock.social/Nolock.social.frontend/NoLock.Social.Core/OCR/Models/QueuedDocument.cs(317,32): warning CS8625: Cannot convert null literal to non-nullable reference type. [/Users/alexanderfedin/Projects/nolock.social/Nolock.social.frontend/NoLock.Social.Core/NoLock.Social.Core.csproj]
/Users/alexanderfedin/Projects/nolock.social/Nolock.social.frontend/NoLock.Social.Core/OCR/Models/QueuedDocument.cs(369,43): warning CS8625: Cannot convert null literal to non-nullable reference type. [/Users/alexanderfedin/Projects/nolock.social/Nolock.social.frontend/NoLock.Social.Core/NoLock.Social.Core.csproj]
/Users/alexanderfedin/Projects/nolock.social/Nolock.social.frontend/NoLock.Social.Core/OCR/Models/QueuedDocument.cs(21,37): warning CS8618: Non-nullable property 'SubmissionRequest' must contain a non-null value when exiting constructor. Consider adding the 'required' modifier or declaring the property as nullable. [/Users/alexanderfedin/Projects/nolock.social/Nolock.social.frontend/NoLock.Social.Core/NoLock.Social.Core.csproj]
/Users/alexanderfedin/Projects/nolock.social/Nolock.social.frontend/NoLock.Social.Core/OCR/Models/QueuedDocument.cs(54,23): warning CS8618: Non-nullable property 'OcrTrackingId' must contain a non-null value when exiting constructor. Consider adding the 'required' modifier or declaring the property as nullable. [/Users/alexanderfedin/Projects/nolock.social/Nolock.social.frontend/NoLock.Social.Core/NoLock.Social.Core.csproj]
/Users/alexanderfedin/Projects/nolock.social/Nolock.social.frontend/NoLock.Social.Core/OCR/Models/QueuedDocument.cs(72,34): warning CS8618: Non-nullable property 'ProcessingResult' must contain a non-null value when exiting constructor. Consider adding the 'required' modifier or declaring the property as nullable. [/Users/alexanderfedin/Projects/nolock.social/Nolock.social.frontend/NoLock.Social.Core/NoLock.Social.Core.csproj]
/Users/alexanderfedin/Projects/nolock.social/Nolock.social.frontend/NoLock.Social.Core/OCR/Models/QueuedDocument.cs(78,23): warning CS8618: Non-nullable property 'ErrorMessage' must contain a non-null value when exiting constructor. Consider adding the 'required' modifier or declaring the property as nullable. [/Users/alexanderfedin/Projects/nolock.social/Nolock.social.frontend/NoLock.Social.Core/NoLock.Social.Core.csproj]
/Users/alexanderfedin/Projects/nolock.social/Nolock.social.frontend/NoLock.Social.Core/OCR/Models/QueuedDocument.cs(84,23): warning CS8618: Non-nullable property 'ErrorCode' must contain a non-null value when exiting constructor. Consider adding the 'required' modifier or declaring the property as nullable. [/Users/alexanderfedin/Projects/nolock.social/Nolock.social.frontend/NoLock.Social.Core/NoLock.Social.Core.csproj]
/Users/alexanderfedin/Projects/nolock.social/Nolock.social.frontend/NoLock.Social.Core/OCR/Models/QueuedDocument.cs(90,23): warning CS8618: Non-nullable property 'ExceptionDetails' must contain a non-null value when exiting constructor. Consider adding the 'required' modifier or declaring the property as nullable. [/Users/alexanderfedin/Projects/nolock.social/Nolock.social.frontend/NoLock.Social.Core/NoLock.Social.Core.csproj]
/Users/alexanderfedin/Projects/nolock.social/Nolock.social.frontend/NoLock.Social.Core/OCR/Models/QueuedDocument.cs(115,57): warning CS8618: Non-nullable property 'CancellationTokenSource' must contain a non-null value when exiting constructor. Consider adding the 'required' modifier or declaring the property as nullable. [/Users/alexanderfedin/Projects/nolock.social/Nolock.social.frontend/NoLock.Social.Core/NoLock.Social.Core.csproj]
/Users/alexanderfedin/Projects/nolock.social/Nolock.social.frontend/NoLock.Social.Core/OCR/Models/QueuedDocument.cs(145,23): warning CS8618: Non-nullable property 'SourceIdentifier' must contain a non-null value when exiting constructor. Consider adding the 'required' modifier or declaring the property as nullable. [/Users/alexanderfedin/Projects/nolock.social/Nolock.social.frontend/NoLock.Social.Core/NoLock.Social.Core.csproj]
/Users/alexanderfedin/Projects/nolock.social/Nolock.social.frontend/NoLock.Social.Core/OCR/Models/OCRSubmissionRequest.cs(11,23): warning CS8618: Non-nullable property 'ImageData' must contain a non-null value when exiting constructor. Consider adding the 'required' modifier or declaring the property as nullable. [/Users/alexanderfedin/Projects/nolock.social/Nolock.social.frontend/NoLock.Social.Core/NoLock.Social.Core.csproj]
/Users/alexanderfedin/Projects/nolock.social/Nolock.social.frontend/NoLock.Social.Core/OCR/Models/OCRStatusResponse.cs(150,23): warning CS8618: Non-nullable property 'FieldName' must contain a non-null value when exiting constructor. Consider adding the 'required' modifier or declaring the property as nullable. [/Users/alexanderfedin/Projects/nolock.social/Nolock.social.frontend/NoLock.Social.Core/NoLock.Social.Core.csproj]
/Users/alexanderfedin/Projects/nolock.social/Nolock.social.frontend/NoLock.Social.Core/OCR/Models/OCRStatusResponse.cs(155,23): warning CS8618: Non-nullable property 'Value' must contain a non-null value when exiting constructor. Consider adding the 'required' modifier or declaring the property as nullable. [/Users/alexanderfedin/Projects/nolock.social/Nolock.social.frontend/NoLock.Social.Core/NoLock.Social.Core.csproj]
/Users/alexanderfedin/Projects/nolock.social/Nolock.social.frontend/NoLock.Social.Core/OCR/Models/OCRStatusResponse.cs(165,28): warning CS8618: Non-nullable property 'BoundingBox' must contain a non-null value when exiting constructor. Consider adding the 'required' modifier or declaring the property as nullable. [/Users/alexanderfedin/Projects/nolock.social/Nolock.social.frontend/NoLock.Social.Core/NoLock.Social.Core.csproj]
/Users/alexanderfedin/Projects/nolock.social/Nolock.social.frontend/NoLock.Social.Core/OCR/Models/OCRStatusResponse.cs(109,23): warning CS8618: Non-nullable property 'ExtractedText' must contain a non-null value when exiting constructor. Consider adding the 'required' modifier or declaring the property as nullable. [/Users/alexanderfedin/Projects/nolock.social/Nolock.social.frontend/NoLock.Social.Core/NoLock.Social.Core.csproj]
/Users/alexanderfedin/Projects/nolock.social/Nolock.social.frontend/NoLock.Social.Core/OCR/Models/OCRStatusResponse.cs(119,23): warning CS8618: Non-nullable property 'DetectedLanguage' must contain a non-null value when exiting constructor. Consider adding the 'required' modifier or declaring the property as nullable. [/Users/alexanderfedin/Projects/nolock.social/Nolock.social.frontend/NoLock.Social.Core/NoLock.Social.Core.csproj]
/Users/alexanderfedin/Projects/nolock.social/Nolock.social.frontend/NoLock.Social.Core/OCR/Models/OCRStatusResponse.cs(129,23): warning CS8618: Non-nullable property 'StructuredData' must contain a non-null value when exiting constructor. Consider adding the 'required' modifier or declaring the property as nullable. [/Users/alexanderfedin/Projects/nolock.social/Nolock.social.frontend/NoLock.Social.Core/NoLock.Social.Core.csproj]
/Users/alexanderfedin/Projects/nolock.social/Nolock.social.frontend/NoLock.Social.Core/OCR/Models/OCRStatusResponse.cs(139,34): warning CS8618: Non-nullable property 'Metrics' must contain a non-null value when exiting constructor. Consider adding the 'required' modifier or declaring the property as nullable. [/Users/alexanderfedin/Projects/nolock.social/Nolock.social.frontend/NoLock.Social.Core/NoLock.Social.Core.csproj]
/Users/alexanderfedin/Projects/nolock.social/Nolock.social.frontend/NoLock.Social.Core/OCR/Models/OCRStatusResponse.cs(12,23): warning CS8618: Non-nullable property 'TrackingId' must contain a non-null value when exiting constructor. Consider adding the 'required' modifier or declaring the property as nullable. [/Users/alexanderfedin/Projects/nolock.social/Nolock.social.frontend/NoLock.Social.Core/NoLock.Social.Core.csproj]
/Users/alexanderfedin/Projects/nolock.social/Nolock.social.frontend/NoLock.Social.Core/OCR/Models/OCRStatusResponse.cs(50,23): warning CS8618: Non-nullable property 'StatusMessage' must contain a non-null value when exiting constructor. Consider adding the 'required' modifier or declaring the property as nullable. [/Users/alexanderfedin/Projects/nolock.social/Nolock.social.frontend/NoLock.Social.Core/NoLock.Social.Core.csproj]
/Users/alexanderfedin/Projects/nolock.social/Nolock.social.frontend/NoLock.Social.Core/OCR/Models/OCRStatusResponse.cs(62,23): warning CS8618: Non-nullable property 'ErrorMessage' must contain a non-null value when exiting constructor. Consider adding the 'required' modifier or declaring the property as nullable. [/Users/alexanderfedin/Projects/nolock.social/Nolock.social.frontend/NoLock.Social.Core/NoLock.Social.Core.csproj]
/Users/alexanderfedin/Projects/nolock.social/Nolock.social.frontend/NoLock.Social.Core/OCR/Models/OCRStatusResponse.cs(68,23): warning CS8618: Non-nullable property 'ErrorCode' must contain a non-null value when exiting constructor. Consider adding the 'required' modifier or declaring the property as nullable. [/Users/alexanderfedin/Projects/nolock.social/Nolock.social.frontend/NoLock.Social.Core/NoLock.Social.Core.csproj]
/Users/alexanderfedin/Projects/nolock.social/Nolock.social.frontend/NoLock.Social.Core/OCR/Models/OCRStatusResponse.cs(87,23): warning CS8618: Non-nullable property 'ResultUrl' must contain a non-null value when exiting constructor. Consider adding the 'required' modifier or declaring the property as nullable. [/Users/alexanderfedin/Projects/nolock.social/Nolock.social.frontend/NoLock.Social.Core/NoLock.Social.Core.csproj]
/Users/alexanderfedin/Projects/nolock.social/Nolock.social.frontend/NoLock.Social.Core/OCR/Models/OCRStatusResponse.cs(93,30): warning CS8618: Non-nullable property 'ResultData' must contain a non-null value when exiting constructor. Consider adding the 'required' modifier or declaring the property as nullable. [/Users/alexanderfedin/Projects/nolock.social/Nolock.social.frontend/NoLock.Social.Core/NoLock.Social.Core.csproj]
/Users/alexanderfedin/Projects/nolock.social/Nolock.social.frontend/NoLock.Social.Core/OCR/Services/DocumentProcessingQueue.cs(32,16): warning CS8618: Non-nullable event 'DocumentQueued' must contain a non-null value when exiting constructor. Consider adding the 'required' modifier or declaring the event as nullable. [/Users/alexanderfedin/Projects/nolock.social/Nolock.social.frontend/NoLock.Social.Core/NoLock.Social.Core.csproj]
/Users/alexanderfedin/Projects/nolock.social/Nolock.social.frontend/NoLock.Social.Core/OCR/Services/DocumentProcessingQueue.cs(32,16): warning CS8618: Non-nullable event 'ProcessingStatusChanged' must contain a non-null value when exiting constructor. Consider adding the 'required' modifier or declaring the event as nullable. [/Users/alexanderfedin/Projects/nolock.social/Nolock.social.frontend/NoLock.Social.Core/NoLock.Social.Core.csproj]
/Users/alexanderfedin/Projects/nolock.social/Nolock.social.frontend/NoLock.Social.Core/OCR/Services/DocumentProcessingQueue.cs(32,16): warning CS8618: Non-nullable event 'ProcessingCompleted' must contain a non-null value when exiting constructor. Consider adding the 'required' modifier or declaring the event as nullable. [/Users/alexanderfedin/Projects/nolock.social/Nolock.social.frontend/NoLock.Social.Core/NoLock.Social.Core.csproj]
/Users/alexanderfedin/Projects/nolock.social/Nolock.social.frontend/NoLock.Social.Core/OCR/Services/DocumentProcessingQueue.cs(32,16): warning CS8618: Non-nullable event 'QueueStateChanged' must contain a non-null value when exiting constructor. Consider adding the 'required' modifier or declaring the event as nullable. [/Users/alexanderfedin/Projects/nolock.social/Nolock.social.frontend/NoLock.Social.Core/NoLock.Social.Core.csproj]
/Users/alexanderfedin/Projects/nolock.social/Nolock.social.frontend/NoLock.Social.Core/OCR/Services/DocumentProcessingQueue.cs(138,58): warning CS1998: This async method lacks 'await' operators and will run synchronously. Consider using the 'await' operator to await non-blocking API calls, or 'await Task.Run(...)' to do CPU-bound work on a background thread. [/Users/alexanderfedin/Projects/nolock.social/Nolock.social.frontend/NoLock.Social.Core/NoLock.Social.Core.csproj]
/Users/alexanderfedin/Projects/nolock.social/Nolock.social.frontend/NoLock.Social.Core/OCR/Services/DocumentProcessingQueue.cs(160,20): warning CS8603: Possible null reference return. [/Users/alexanderfedin/Projects/nolock.social/Nolock.social.frontend/NoLock.Social.Core/NoLock.Social.Core.csproj]
/Users/alexanderfedin/Projects/nolock.social/Nolock.social.frontend/NoLock.Social.Core/OCR/Services/DocumentProcessingQueue.cs(152,43): warning CS1998: This async method lacks 'await' operators and will run synchronously. Consider using the 'await' operator to await non-blocking API calls, or 'await Task.Run(...)' to do CPU-bound work on a background thread. [/Users/alexanderfedin/Projects/nolock.social/Nolock.social.frontend/NoLock.Social.Core/NoLock.Social.Core.csproj]
/Users/alexanderfedin/Projects/nolock.social/Nolock.social.frontend/NoLock.Social.Core/OCR/Services/DocumentProcessingQueue.cs(351,44): warning CS1998: This async method lacks 'await' operators and will run synchronously. Consider using the 'await' operator to await non-blocking API calls, or 'await Task.Run(...)' to do CPU-bound work on a background thread. [/Users/alexanderfedin/Projects/nolock.social/Nolock.social.frontend/NoLock.Social.Core/NoLock.Social.Core.csproj]
/Users/alexanderfedin/Projects/nolock.social/Nolock.social.frontend/NoLock.Social.Core/OCR/Services/DocumentProcessingQueue.cs(447,20): warning CS8603: Possible null reference return. [/Users/alexanderfedin/Projects/nolock.social/Nolock.social.frontend/NoLock.Social.Core/NoLock.Social.Core.csproj]
/Users/alexanderfedin/Projects/nolock.social/Nolock.social.frontend/NoLock.Social.Core/OCR/Services/DocumentProcessingQueue.cs(487,28): warning CS1998: This async method lacks 'await' operators and will run synchronously. Consider using the 'await' operator to await non-blocking API calls, or 'await Task.Run(...)' to do CPU-bound work on a background thread. [/Users/alexanderfedin/Projects/nolock.social/Nolock.social.frontend/NoLock.Social.Core/NoLock.Social.Core.csproj]
  NoLock.Social.Core -> /Users/alexanderfedin/Projects/nolock.social/Nolock.social.frontend/NoLock.Social.Core/bin/Debug/net9.0/NoLock.Social.Core.dll
  Nolock.Social.Storage.IndexedDb -> /Users/alexanderfedin/Projects/nolock.social/Nolock.social.frontend/Nolock.Social.Storage.IndexedDb/bin/Debug/net9.0/Nolock.Social.Storage.IndexedDb.dll
/Users/alexanderfedin/Projects/nolock.social/Nolock.social.frontend/Nolock.Social.Storage.IndexedDb.Tests/IndexedDbContentAddressableStorageTests.cs(405,20): warning CS8625: Cannot convert null literal to non-nullable reference type. [/Users/alexanderfedin/Projects/nolock.social/Nolock.social.frontend/Nolock.Social.Storage.IndexedDb.Tests/Nolock.Social.Storage.IndexedDb.Tests.csproj]
/Users/alexanderfedin/Projects/nolock.social/Nolock.social.frontend/Nolock.Social.Storage.IndexedDb.Tests/IndexedDbContentAddressableStorageTests.cs(516,20): warning CS8625: Cannot convert null literal to non-nullable reference type. [/Users/alexanderfedin/Projects/nolock.social/Nolock.social.frontend/Nolock.Social.Storage.IndexedDb.Tests/Nolock.Social.Storage.IndexedDb.Tests.csproj]
  Nolock.Social.Storage.IndexedDb.Tests -> /Users/alexanderfedin/Projects/nolock.social/Nolock.social.frontend/Nolock.Social.Storage.IndexedDb.Tests/bin/Debug/net9.0/Nolock.Social.Storage.IndexedDb.Tests.dll
Test run for /Users/alexanderfedin/Projects/nolock.social/Nolock.social.frontend/Nolock.Social.Storage.IndexedDb.Tests/bin/Debug/net9.0/Nolock.Social.Storage.IndexedDb.Tests.dll (.NETCoreApp,Version=v9.0)
VSTest version 17.12.0 (arm64)

Starting test execution, please wait...
A total of 1 test files matched the specified pattern.
CSC : warning CS8785: Generator 'RazorSourceGenerator' failed to generate source. It will not contribute to the output and compilation errors may occur as a result. Exception was of type 'NullReferenceException' with message 'Object reference not set to an instance of an object.'. [/Users/alexanderfedin/Projects/nolock.social/Nolock.social.frontend/NoLock.Social.Components/NoLock.Social.Components.csproj]
  NoLock.Social.Components -> /Users/alexanderfedin/Projects/nolock.social/Nolock.social.frontend/NoLock.Social.Components/bin/Debug/net9.0/NoLock.Social.Components.dll
  NoLock.Social.Components.Tests -> /Users/alexanderfedin/Projects/nolock.social/Nolock.social.frontend/NoLock.Social.Components.Tests/bin/Debug/net9.0/NoLock.Social.Components.Tests.dll
Test run for /Users/alexanderfedin/Projects/nolock.social/Nolock.social.frontend/NoLock.Social.Components.Tests/bin/Debug/net9.0/NoLock.Social.Components.Tests.dll (.NETCoreApp,Version=v9.0)
VSTest version 17.12.0 (arm64)

Starting test execution, please wait...
A total of 1 test files matched the specified pattern.
[xUnit.net 00:00:00.00] xUnit.net VSTest Adapter v2.5.3.1+6b60a9e56a (64-bit .NET 9.0.0)
[xUnit.net 00:00:00.14]   Discovering: Nolock.Social.Storage.IndexedDb.Tests
[xUnit.net 00:00:00.31]   Discovered:  Nolock.Social.Storage.IndexedDb.Tests
[xUnit.net 00:00:00.31]   Starting:    Nolock.Social.Storage.IndexedDb.Tests
  Passed Nolock.Social.Storage.IndexedDb.Tests.IndexedDbContentAddressableStorageTests.DeleteAsync_ShouldReturnTrue_WhenEntityIsSuccessfullyDeleted [73 ms]
  Passed Nolock.Social.Storage.IndexedDb.Tests.IndexedDbContentAddressableStorageTests.GetAsync_ShouldReturnNull_WhenEntityDoesNotExist [6 ms]
  Passed Nolock.Social.Storage.IndexedDb.Tests.IndexedDbContentAddressableStorageTests.ExistsAsync_ShouldReturnFalse_WhenEntityDoesNotExist [6 ms]
  Passed Nolock.Social.Storage.IndexedDb.Tests.IndexedDbContentAddressableStorageTests.ClearAsync_ShouldContinueDeleting_EvenIfSomeDeletionsFail [28 ms]
  Passed Nolock.Social.Storage.IndexedDb.Tests.IndexedDbContentAddressableStorageTests.Constructor_ShouldThrowArgumentNullException_WhenHashServiceIsNull [1 ms]
  Passed Nolock.Social.Storage.IndexedDb.Tests.IndexedDbContentAddressableStorageTests.GetAsync_ShouldReturnEntity_WhenEntityExists [3 ms]
  Passed Nolock.Social.Storage.IndexedDb.Tests.IndexedDbContentAddressableStorageTests.StoreAsync_ShouldCreateProperCasEntry_WithCorrectMetadata [8 ms]
  Passed Nolock.Social.Storage.IndexedDb.Tests.IndexedDbContentAddressableStorageTests.StoreAsync_ShouldThrowTaskCanceledException_WhenTokenIsCancelled [1 ms]
  Passed Nolock.Social.Storage.IndexedDb.Tests.IndexedDbContentAddressableStorageTests.DeleteAsync_ShouldThrowArgumentNullException_WhenHashIsNull [1 ms]
  Passed Nolock.Social.Storage.IndexedDb.Tests.IndexedDbContentAddressableStorageTests.ClearAsync_ShouldNotThrow_WhenStorageIsEmpty [1 ms]
  Passed Nolock.Social.Storage.IndexedDb.Tests.IndexedDbContentAddressableStorageTests.DeleteAsync_ShouldReturnTrue_WhenDeletingNonExistentEntity [3 ms]
  Passed Nolock.Social.Storage.IndexedDb.Tests.IndexedDbContentAddressableStorageTests.Serializer_ShouldGenerateDifferentHash_ForDifferentContent [1 ms]
  Passed Nolock.Social.Storage.IndexedDb.Tests.IndexedDbContentAddressableStorageTests.Serializer_ShouldGenerateSameHash_ForSameContent [< 1 ms]
  Passed Nolock.Social.Storage.IndexedDb.Tests.IndexedDbContentAddressableStorageTests.DeleteAsync_ShouldReturnFalse_WhenExceptionOccurs [1 ms]
  Passed Nolock.Social.Storage.IndexedDb.Tests.IndexedDbContentAddressableStorageTests.StoreAsync_ShouldReturnExistingHash_WhenEntityAlreadyExists [1 ms]
  Passed Nolock.Social.Storage.IndexedDb.Tests.IndexedDbContentAddressableStorageTests.ExistsAsync_ShouldThrowArgumentNullException_WhenHashIsNull [1 ms]
  Passed Nolock.Social.Storage.IndexedDb.Tests.IndexedDbContentAddressableStorageTests.GetAsync_ShouldReturnNull_WhenEntryHasNullData [2 ms]
  Passed Nolock.Social.Storage.IndexedDb.Tests.IndexedDbContentAddressableStorageTests.ClearAsync_ShouldDeleteAllEntities_WhenStorageHasMultipleItems [3 ms]
  Passed Nolock.Social.Storage.IndexedDb.Tests.IndexedDbContentAddressableStorageTests.ClearAsync_ShouldOnlyDeleteEntriesOfCorrectType [4 ms]
  Passed Nolock.Social.Storage.IndexedDb.Tests.IndexedDbContentAddressableStorageTests.ExistsAsync_ShouldReturnTrue_WhenEntityExists [2 ms]
  Passed Nolock.Social.Storage.IndexedDb.Tests.IndexedDbContentAddressableStorageTests.DeleteAsync_ShouldHandleMultipleDeletions_Successfully [1 ms]
  Passed Nolock.Social.Storage.IndexedDb.Tests.IndexedDbContentAddressableStorageTests.Constructor_ShouldInitialize_WithValidJSRuntime [< 1 ms]
  Passed Nolock.Social.Storage.IndexedDb.Tests.IndexedDbContentAddressableStorageTests.StoreAsync_ShouldThrowArgumentNullException_WhenEntityIsNull [1 ms]
  Passed Nolock.Social.Storage.IndexedDb.Tests.IndexedDbContentAddressableStorageTests.ClearAsync_ShouldRespectCancellationToken_WhenProvided [1 ms]
  Passed Nolock.Social.Storage.IndexedDb.Tests.IndexedDbContentAddressableStorageTests.StoreAsync_ShouldStoreMultipleDistinctEntities_WithUniqueHashes [3 ms]
  Passed Nolock.Social.Storage.IndexedDb.Tests.IndexedDbContentAddressableStorageTests.GetAsync_ShouldThrowTaskCanceledException_WhenTokenIsCancelled [1 ms]
  Passed Nolock.Social.Storage.IndexedDb.Tests.IndexedDbContentAddressableStorageTests.Constructor_ShouldThrowArgumentNullException_WhenSerializerIsNull [< 1 ms]
[xUnit.net 00:00:00.66]   Finished:    Nolock.Social.Storage.IndexedDb.Tests
/Users/alexanderfedin/Projects/nolock.social/Nolock.social.frontend/NoLock.Social.Core.Tests/Camera/CameraServiceTests.cs(39,50): warning CS8625: Cannot convert null literal to non-nullable reference type. [/Users/alexanderfedin/Projects/nolock.social/Nolock.social.frontend/NoLock.Social.Core.Tests/NoLock.Social.Core.Tests.csproj]
/Users/alexanderfedin/Projects/nolock.social/Nolock.social.frontend/NoLock.Social.Core.Tests/Accessibility/Services/VoiceCommandServiceTests.cs(60,13): warning CS8620: Argument of type 'ISetup<IJSRuntime, ValueTask<IJSVoidResult>>' cannot be used for parameter 'mock' of type 'IReturns<IJSRuntime, ValueTask<IJSVoidResult?>>' in 'IReturnsResult<IJSRuntime> ReturnsExtensions.ReturnsAsync<IJSRuntime, IJSVoidResult?>(IReturns<IJSRuntime, ValueTask<IJSVoidResult?>> mock, IJSVoidResult? value)' due to differences in the nullability of reference types. [/Users/alexanderfedin/Projects/nolock.social/Nolock.social.frontend/NoLock.Social.Core.Tests/NoLock.Social.Core.Tests.csproj]
/Users/alexanderfedin/Projects/nolock.social/Nolock.social.frontend/NoLock.Social.Core.Tests/Accessibility/Services/VoiceCommandServiceTests.cs(80,13): warning CS8620: Argument of type 'ISetup<IJSRuntime, ValueTask<IJSVoidResult>>' cannot be used for parameter 'mock' of type 'IReturns<IJSRuntime, ValueTask<IJSVoidResult?>>' in 'IReturnsResult<IJSRuntime> ReturnsExtensions.ReturnsAsync<IJSRuntime, IJSVoidResult?>(IReturns<IJSRuntime, ValueTask<IJSVoidResult?>> mock, IJSVoidResult? value)' due to differences in the nullability of reference types. [/Users/alexanderfedin/Projects/nolock.social/Nolock.social.frontend/NoLock.Social.Core.Tests/NoLock.Social.Core.Tests.csproj]
/Users/alexanderfedin/Projects/nolock.social/Nolock.social.frontend/NoLock.Social.Core.Tests/Accessibility/Services/VoiceCommandServiceTests.cs(146,13): warning CS8620: Argument of type 'ISetup<IJSRuntime, ValueTask<IJSVoidResult>>' cannot be used for parameter 'mock' of type 'IReturns<IJSRuntime, ValueTask<IJSVoidResult?>>' in 'IReturnsResult<IJSRuntime> ReturnsExtensions.ReturnsAsync<IJSRuntime, IJSVoidResult?>(IReturns<IJSRuntime, ValueTask<IJSVoidResult?>> mock, IJSVoidResult? value)' due to differences in the nullability of reference types. [/Users/alexanderfedin/Projects/nolock.social/Nolock.social.frontend/NoLock.Social.Core.Tests/NoLock.Social.Core.Tests.csproj]
/Users/alexanderfedin/Projects/nolock.social/Nolock.social.frontend/NoLock.Social.Core.Tests/Accessibility/Services/VoiceCommandServiceTests.cs(189,13): warning CS8620: Argument of type 'ISetup<IJSRuntime, ValueTask<IJSVoidResult>>' cannot be used for parameter 'mock' of type 'IReturns<IJSRuntime, ValueTask<IJSVoidResult?>>' in 'IReturnsResult<IJSRuntime> ReturnsExtensions.ReturnsAsync<IJSRuntime, IJSVoidResult?>(IReturns<IJSRuntime, ValueTask<IJSVoidResult?>> mock, IJSVoidResult? value)' due to differences in the nullability of reference types. [/Users/alexanderfedin/Projects/nolock.social/Nolock.social.frontend/NoLock.Social.Core.Tests/NoLock.Social.Core.Tests.csproj]
/Users/alexanderfedin/Projects/nolock.social/Nolock.social.frontend/NoLock.Social.Core.Tests/Camera/CameraServiceTests.cs(437,94): warning CS8625: Cannot convert null literal to non-nullable reference type. [/Users/alexanderfedin/Projects/nolock.social/Nolock.social.frontend/NoLock.Social.Core.Tests/NoLock.Social.Core.Tests.csproj]
/Users/alexanderfedin/Projects/nolock.social/Nolock.social.frontend/NoLock.Social.Core.Tests/Accessibility/Services/VoiceCommandServiceTests.cs(492,13): warning CS8620: Argument of type 'ISetup<IJSRuntime, ValueTask<IJSVoidResult>>' cannot be used for parameter 'mock' of type 'IReturns<IJSRuntime, ValueTask<IJSVoidResult?>>' in 'IReturnsResult<IJSRuntime> ReturnsExtensions.ReturnsAsync<IJSRuntime, IJSVoidResult?>(IReturns<IJSRuntime, ValueTask<IJSVoidResult?>> mock, IJSVoidResult? value)' due to differences in the nullability of reference types. [/Users/alexanderfedin/Projects/nolock.social/Nolock.social.frontend/NoLock.Social.Core.Tests/NoLock.Social.Core.Tests.csproj]
/Users/alexanderfedin/Projects/nolock.social/Nolock.social.frontend/NoLock.Social.Core.Tests/Accessibility/Services/VoiceCommandServiceTests.cs(530,13): warning CS8620: Argument of type 'ISetup<IJSRuntime, ValueTask<IJSVoidResult>>' cannot be used for parameter 'mock' of type 'IReturns<IJSRuntime, ValueTask<IJSVoidResult?>>' in 'IReturnsResult<IJSRuntime> ReturnsExtensions.ReturnsAsync<IJSRuntime, IJSVoidResult?>(IReturns<IJSRuntime, ValueTask<IJSVoidResult?>> mock, IJSVoidResult? value)' due to differences in the nullability of reference types. [/Users/alexanderfedin/Projects/nolock.social/Nolock.social.frontend/NoLock.Social.Core.Tests/NoLock.Social.Core.Tests.csproj]
/Users/alexanderfedin/Projects/nolock.social/Nolock.social.frontend/NoLock.Social.Core.Tests/Accessibility/Services/VoiceCommandServiceTests.cs(577,13): warning CS8620: Argument of type 'ISetup<IJSRuntime, ValueTask<IJSVoidResult>>' cannot be used for parameter 'mock' of type 'IReturns<IJSRuntime, ValueTask<IJSVoidResult?>>' in 'IReturnsResult<IJSRuntime> ReturnsExtensions.ReturnsAsync<IJSRuntime, IJSVoidResult?>(IReturns<IJSRuntime, ValueTask<IJSVoidResult?>> mock, IJSVoidResult? value)' due to differences in the nullability of reference types. [/Users/alexanderfedin/Projects/nolock.social/Nolock.social.frontend/NoLock.Social.Core.Tests/NoLock.Social.Core.Tests.csproj]
/Users/alexanderfedin/Projects/nolock.social/Nolock.social.frontend/NoLock.Social.Core.Tests/Accessibility/Services/FocusManagementServiceTests.cs(64,13): warning CS8620: Argument of type 'ISetup<IJSObjectReference, ValueTask<IJSVoidResult>>' cannot be used for parameter 'mock' of type 'IReturns<IJSObjectReference, ValueTask<IJSVoidResult?>>' in 'IReturnsResult<IJSObjectReference> ReturnsExtensions.ReturnsAsync<IJSObjectReference, IJSVoidResult?>(IReturns<IJSObjectReference, ValueTask<IJSVoidResult?>> mock, IJSVoidResult? value)' due to differences in the nullability of reference types. [/Users/alexanderfedin/Projects/nolock.social/Nolock.social.frontend/NoLock.Social.Core.Tests/NoLock.Social.Core.Tests.csproj]
/Users/alexanderfedin/Projects/nolock.social/Nolock.social.frontend/NoLock.Social.Core.Tests/Accessibility/Services/FocusManagementServiceTests.cs(117,13): warning CS8620: Argument of type 'ISetup<IJSObjectReference, ValueTask<IJSVoidResult>>' cannot be used for parameter 'mock' of type 'IReturns<IJSObjectReference, ValueTask<IJSVoidResult?>>' in 'IReturnsResult<IJSObjectReference> ReturnsExtensions.ReturnsAsync<IJSObjectReference, IJSVoidResult?>(IReturns<IJSObjectReference, ValueTask<IJSVoidResult?>> mock, IJSVoidResult? value)' due to differences in the nullability of reference types. [/Users/alexanderfedin/Projects/nolock.social/Nolock.social.frontend/NoLock.Social.Core.Tests/NoLock.Social.Core.Tests.csproj]
/Users/alexanderfedin/Projects/nolock.social/Nolock.social.frontend/NoLock.Social.Core.Tests/Accessibility/Services/FocusManagementServiceTests.cs(149,13): warning CS8620: Argument of type 'ISetup<IJSObjectReference, ValueTask<IJSVoidResult>>' cannot be used for parameter 'mock' of type 'IReturns<IJSObjectReference, ValueTask<IJSVoidResult?>>' in 'IReturnsResult<IJSObjectReference> ReturnsExtensions.ReturnsAsync<IJSObjectReference, IJSVoidResult?>(IReturns<IJSObjectReference, ValueTask<IJSVoidResult?>> mock, IJSVoidResult? value)' due to differences in the nullability of reference types. [/Users/alexanderfedin/Projects/nolock.social/Nolock.social.frontend/NoLock.Social.Core.Tests/NoLock.Social.Core.Tests.csproj]
/Users/alexanderfedin/Projects/nolock.social/Nolock.social.frontend/NoLock.Social.Core.Tests/Accessibility/Services/FocusManagementServiceTests.cs(179,13): warning CS8620: Argument of type 'ISetup<IJSObjectReference, ValueTask<IJSVoidResult>>' cannot be used for parameter 'mock' of type 'IReturns<IJSObjectReference, ValueTask<IJSVoidResult?>>' in 'IReturnsResult<IJSObjectReference> ReturnsExtensions.ReturnsAsync<IJSObjectReference, IJSVoidResult?>(IReturns<IJSObjectReference, ValueTask<IJSVoidResult?>> mock, IJSVoidResult? value)' due to differences in the nullability of reference types. [/Users/alexanderfedin/Projects/nolock.social/Nolock.social.frontend/NoLock.Social.Core.Tests/NoLock.Social.Core.Tests.csproj]
/Users/alexanderfedin/Projects/nolock.social/Nolock.social.frontend/NoLock.Social.Core.Tests/Identity/Services/SessionPersistenceServiceTests.cs(159,13): warning CS8620: Argument of type 'ISetup<IJSRuntime, ValueTask<IJSVoidResult>>' cannot be used for parameter 'mock' of type 'IReturns<IJSRuntime, ValueTask<IJSVoidResult?>>' in 'IReturnsResult<IJSRuntime> ReturnsExtensions.ReturnsAsync<IJSRuntime, IJSVoidResult?>(IReturns<IJSRuntime, ValueTask<IJSVoidResult?>> mock, IJSVoidResult? value)' due to differences in the nullability of reference types. [/Users/alexanderfedin/Projects/nolock.social/Nolock.social.frontend/NoLock.Social.Core.Tests/NoLock.Social.Core.Tests.csproj]
/Users/alexanderfedin/Projects/nolock.social/Nolock.social.frontend/NoLock.Social.Core.Tests/Identity/Services/SessionPersistenceServiceTests.cs(178,13): warning CS8620: Argument of type 'ISetup<IJSRuntime, ValueTask<IJSVoidResult>>' cannot be used for parameter 'mock' of type 'IReturns<IJSRuntime, ValueTask<IJSVoidResult?>>' in 'IReturnsResult<IJSRuntime> ReturnsExtensions.ReturnsAsync<IJSRuntime, IJSVoidResult?>(IReturns<IJSRuntime, ValueTask<IJSVoidResult?>> mock, IJSVoidResult? value)' due to differences in the nullability of reference types. [/Users/alexanderfedin/Projects/nolock.social/Nolock.social.frontend/NoLock.Social.Core.Tests/NoLock.Social.Core.Tests.csproj]
/Users/alexanderfedin/Projects/nolock.social/Nolock.social.frontend/NoLock.Social.Core.Tests/Accessibility/Services/FocusManagementServiceTests.cs(233,13): warning CS8620: Argument of type 'ISetup<IJSObjectReference, ValueTask<IJSVoidResult>>' cannot be used for parameter 'mock' of type 'IReturns<IJSObjectReference, ValueTask<IJSVoidResult?>>' in 'IReturnsResult<IJSObjectReference> ReturnsExtensions.ReturnsAsync<IJSObjectReference, IJSVoidResult?>(IReturns<IJSObjectReference, ValueTask<IJSVoidResult?>> mock, IJSVoidResult? value)' due to differences in the nullability of reference types. [/Users/alexanderfedin/Projects/nolock.social/Nolock.social.frontend/NoLock.Social.Core.Tests/NoLock.Social.Core.Tests.csproj]
/Users/alexanderfedin/Projects/nolock.social/Nolock.social.frontend/NoLock.Social.Core.Tests/Identity/Services/SessionPersistenceServiceTests.cs(202,13): warning CS8620: Argument of type 'ISetup<IJSRuntime, ValueTask<IJSVoidResult>>' cannot be used for parameter 'mock' of type 'IReturns<IJSRuntime, ValueTask<IJSVoidResult?>>' in 'IReturnsResult<IJSRuntime> ReturnsExtensions.ReturnsAsync<IJSRuntime, IJSVoidResult?>(IReturns<IJSRuntime, ValueTask<IJSVoidResult?>> mock, IJSVoidResult? value)' due to differences in the nullability of reference types. [/Users/alexanderfedin/Projects/nolock.social/Nolock.social.frontend/NoLock.Social.Core.Tests/NoLock.Social.Core.Tests.csproj]
/Users/alexanderfedin/Projects/nolock.social/Nolock.social.frontend/NoLock.Social.Core.Tests/Accessibility/Services/FocusManagementServiceTests.cs(265,13): warning CS8620: Argument of type 'ISetup<IJSObjectReference, ValueTask<IJSVoidResult>>' cannot be used for parameter 'mock' of type 'IReturns<IJSObjectReference, ValueTask<IJSVoidResult?>>' in 'IReturnsResult<IJSObjectReference> ReturnsExtensions.ReturnsAsync<IJSObjectReference, IJSVoidResult?>(IReturns<IJSObjectReference, ValueTask<IJSVoidResult?>> mock, IJSVoidResult? value)' due to differences in the nullability of reference types. [/Users/alexanderfedin/Projects/nolock.social/Nolock.social.frontend/NoLock.Social.Core.Tests/NoLock.Social.Core.Tests.csproj]
/Users/alexanderfedin/Projects/nolock.social/Nolock.social.frontend/NoLock.Social.Core.Tests/Identity/Services/SessionPersistenceServiceTests.cs(276,13): warning CS8620: Argument of type 'ISetup<IJSRuntime, ValueTask<IJSVoidResult>>' cannot be used for parameter 'mock' of type 'IReturns<IJSRuntime, ValueTask<IJSVoidResult?>>' in 'IReturnsResult<IJSRuntime> ReturnsExtensions.ReturnsAsync<IJSRuntime, IJSVoidResult?>(IReturns<IJSRuntime, ValueTask<IJSVoidResult?>> mock, IJSVoidResult? value)' due to differences in the nullability of reference types. [/Users/alexanderfedin/Projects/nolock.social/Nolock.social.frontend/NoLock.Social.Core.Tests/NoLock.Social.Core.Tests.csproj]
/Users/alexanderfedin/Projects/nolock.social/Nolock.social.frontend/NoLock.Social.Core.Tests/Accessibility/Services/FocusManagementServiceTests.cs(407,13): warning CS8620: Argument of type 'ISetup<IJSObjectReference, ValueTask<IJSVoidResult>>' cannot be used for parameter 'mock' of type 'IReturns<IJSObjectReference, ValueTask<IJSVoidResult?>>' in 'IReturnsResult<IJSObjectReference> ReturnsExtensions.ReturnsAsync<IJSObjectReference, IJSVoidResult?>(IReturns<IJSObjectReference, ValueTask<IJSVoidResult?>> mock, IJSVoidResult? value)' due to differences in the nullability of reference types. [/Users/alexanderfedin/Projects/nolock.social/Nolock.social.frontend/NoLock.Social.Core.Tests/NoLock.Social.Core.Tests.csproj]
/Users/alexanderfedin/Projects/nolock.social/Nolock.social.frontend/NoLock.Social.Core.Tests/Identity/Services/SessionPersistenceServiceTests.cs(396,13): warning CS8620: Argument of type 'ISetup<IJSRuntime, ValueTask<IJSVoidResult>>' cannot be used for parameter 'mock' of type 'IReturns<IJSRuntime, ValueTask<IJSVoidResult?>>' in 'IReturnsResult<IJSRuntime> ReturnsExtensions.ReturnsAsync<IJSRuntime, IJSVoidResult?>(IReturns<IJSRuntime, ValueTask<IJSVoidResult?>> mock, IJSVoidResult? value)' due to differences in the nullability of reference types. [/Users/alexanderfedin/Projects/nolock.social/Nolock.social.frontend/NoLock.Social.Core.Tests/NoLock.Social.Core.Tests.csproj]
/Users/alexanderfedin/Projects/nolock.social/Nolock.social.frontend/NoLock.Social.Core.Tests/Accessibility/Services/FocusManagementServiceTests.cs(428,13): warning CS8620: Argument of type 'ISetup<IJSObjectReference, ValueTask<IJSVoidResult>>' cannot be used for parameter 'mock' of type 'IReturns<IJSObjectReference, ValueTask<IJSVoidResult?>>' in 'IReturnsResult<IJSObjectReference> ReturnsExtensions.ReturnsAsync<IJSObjectReference, IJSVoidResult?>(IReturns<IJSObjectReference, ValueTask<IJSVoidResult?>> mock, IJSVoidResult? value)' due to differences in the nullability of reference types. [/Users/alexanderfedin/Projects/nolock.social/Nolock.social.frontend/NoLock.Social.Core.Tests/NoLock.Social.Core.Tests.csproj]
/Users/alexanderfedin/Projects/nolock.social/Nolock.social.frontend/NoLock.Social.Core.Tests/Accessibility/Services/FocusManagementServiceTests.cs(450,13): warning CS8620: Argument of type 'ISetup<IJSObjectReference, ValueTask<IJSVoidResult>>' cannot be used for parameter 'mock' of type 'IReturns<IJSObjectReference, ValueTask<IJSVoidResult?>>' in 'IReturnsResult<IJSObjectReference> ReturnsExtensions.ReturnsAsync<IJSObjectReference, IJSVoidResult?>(IReturns<IJSObjectReference, ValueTask<IJSVoidResult?>> mock, IJSVoidResult? value)' due to differences in the nullability of reference types. [/Users/alexanderfedin/Projects/nolock.social/Nolock.social.frontend/NoLock.Social.Core.Tests/NoLock.Social.Core.Tests.csproj]
/Users/alexanderfedin/Projects/nolock.social/Nolock.social.frontend/NoLock.Social.Core.Tests/Identity/Services/SessionPersistenceServiceTests.cs(512,13): warning CS8620: Argument of type 'ISetup<IJSRuntime, ValueTask<IJSVoidResult>>' cannot be used for parameter 'mock' of type 'IReturns<IJSRuntime, ValueTask<IJSVoidResult?>>' in 'IReturnsResult<IJSRuntime> ReturnsExtensions.ReturnsAsync<IJSRuntime, IJSVoidResult?>(IReturns<IJSRuntime, ValueTask<IJSVoidResult?>> mock, IJSVoidResult? value)' due to differences in the nullability of reference types. [/Users/alexanderfedin/Projects/nolock.social/Nolock.social.frontend/NoLock.Social.Core.Tests/NoLock.Social.Core.Tests.csproj]
/Users/alexanderfedin/Projects/nolock.social/Nolock.social.frontend/NoLock.Social.Core.Tests/Identity/Services/SessionPersistenceServiceTests.cs(544,13): warning CS8620: Argument of type 'ISetup<IJSRuntime, ValueTask<IJSVoidResult>>' cannot be used for parameter 'mock' of type 'IReturns<IJSRuntime, ValueTask<IJSVoidResult?>>' in 'IReturnsResult<IJSRuntime> ReturnsExtensions.ReturnsAsync<IJSRuntime, IJSVoidResult?>(IReturns<IJSRuntime, ValueTask<IJSVoidResult?>> mock, IJSVoidResult? value)' due to differences in the nullability of reference types. [/Users/alexanderfedin/Projects/nolock.social/Nolock.social.frontend/NoLock.Social.Core.Tests/NoLock.Social.Core.Tests.csproj]
/Users/alexanderfedin/Projects/nolock.social/Nolock.social.frontend/NoLock.Social.Core.Tests/Cryptography/Extensions/ReactiveExtensionsTests.cs(219,26): warning CS0618: 'Observable.FirstOrDefault<TSource>(IObservable<TSource>)' is obsolete: 'This blocking operation is no longer supported. Instead, use the async version in combination with C# and Visual Basic async/await support. In case you need a blocking operation, use Wait or convert the resulting observable sequence to a Task object and block.' [/Users/alexanderfedin/Projects/nolock.social/Nolock.social.frontend/NoLock.Social.Core.Tests/NoLock.Social.Core.Tests.csproj]
/Users/alexanderfedin/Projects/nolock.social/Nolock.social.frontend/NoLock.Social.Core.Tests/Cryptography/Extensions/ReactiveExtensionsTests.cs(279,26): warning CS0618: 'Observable.FirstOrDefault<TSource>(IObservable<TSource>)' is obsolete: 'This blocking operation is no longer supported. Instead, use the async version in combination with C# and Visual Basic async/await support. In case you need a blocking operation, use Wait or convert the resulting observable sequence to a Task object and block.' [/Users/alexanderfedin/Projects/nolock.social/Nolock.social.frontend/NoLock.Social.Core.Tests/NoLock.Social.Core.Tests.csproj]
/Users/alexanderfedin/Projects/nolock.social/Nolock.social.frontend/NoLock.Social.Core.Tests/Cryptography/SigningServiceTests.cs(236,17): warning CS0219: The variable 'content' is assigned but its value is never used [/Users/alexanderfedin/Projects/nolock.social/Nolock.social.frontend/NoLock.Social.Core.Tests/NoLock.Social.Core.Tests.csproj]
/Users/alexanderfedin/Projects/nolock.social/Nolock.social.frontend/NoLock.Social.Core.Tests/OCR/Configuration/OCRServiceOptionsTests.cs(77,38): warning CS8625: Cannot convert null literal to non-nullable reference type. [/Users/alexanderfedin/Projects/nolock.social/Nolock.social.frontend/NoLock.Social.Core.Tests/NoLock.Social.Core.Tests.csproj]
/Users/alexanderfedin/Projects/nolock.social/Nolock.social.frontend/NoLock.Social.Core.Tests/OCR/Configuration/OCRServiceOptionsTests.cs(339,44): warning CS8625: Cannot convert null literal to non-nullable reference type. [/Users/alexanderfedin/Projects/nolock.social/Nolock.social.frontend/NoLock.Social.Core.Tests/NoLock.Social.Core.Tests.csproj]
/Users/alexanderfedin/Projects/nolock.social/Nolock.social.frontend/NoLock.Social.Core.Tests/Cryptography/SessionStateServiceTests.cs(261,17): warning CS0219: The variable 'correctPassphrase' is assigned but its value is never used [/Users/alexanderfedin/Projects/nolock.social/Nolock.social.frontend/NoLock.Social.Core.Tests/NoLock.Social.Core.Tests.csproj]
/Users/alexanderfedin/Projects/nolock.social/Nolock.social.frontend/NoLock.Social.Core.Tests/OCR/Services/CheckOCRServiceTests.cs(162,29): warning CS8625: Cannot convert null literal to non-nullable reference type. [/Users/alexanderfedin/Projects/nolock.social/Nolock.social.frontend/NoLock.Social.Core.Tests/NoLock.Social.Core.Tests.csproj]
/Users/alexanderfedin/Projects/nolock.social/Nolock.social.frontend/NoLock.Social.Core.Tests/OCR/Services/CheckOCRServiceTests.cs(196,29): warning CS8625: Cannot convert null literal to non-nullable reference type. [/Users/alexanderfedin/Projects/nolock.social/Nolock.social.frontend/NoLock.Social.Core.Tests/NoLock.Social.Core.Tests.csproj]
/Users/alexanderfedin/Projects/nolock.social/Nolock.social.frontend/NoLock.Social.Core.Tests/OCR/Services/CheckOCRServiceTests.cs(197,34): warning CS8625: Cannot convert null literal to non-nullable reference type. [/Users/alexanderfedin/Projects/nolock.social/Nolock.social.frontend/NoLock.Social.Core.Tests/NoLock.Social.Core.Tests.csproj]
/Users/alexanderfedin/Projects/nolock.social/Nolock.social.frontend/NoLock.Social.Core.Tests/OCR/Services/CorrectionServiceTests.cs(64,73): warning CS8625: Cannot convert null literal to non-nullable reference type. [/Users/alexanderfedin/Projects/nolock.social/Nolock.social.frontend/NoLock.Social.Core.Tests/NoLock.Social.Core.Tests.csproj]
/Users/alexanderfedin/Projects/nolock.social/Nolock.social.frontend/NoLock.Social.Core.Tests/OCR/Services/ConfidenceScoreServiceTests.cs(234,58): warning CS8625: Cannot convert null literal to non-nullable reference type. [/Users/alexanderfedin/Projects/nolock.social/Nolock.social.frontend/NoLock.Social.Core.Tests/NoLock.Social.Core.Tests.csproj]
/Users/alexanderfedin/Projects/nolock.social/Nolock.social.frontend/NoLock.Social.Core.Tests/OCR/Services/DocumentProcessingQueueTests.cs(56,51): warning CS8625: Cannot convert null literal to non-nullable reference type. [/Users/alexanderfedin/Projects/nolock.social/Nolock.social.frontend/NoLock.Social.Core.Tests/NoLock.Social.Core.Tests.csproj]
/Users/alexanderfedin/Projects/nolock.social/Nolock.social.frontend/NoLock.Social.Core.Tests/OCR/Services/ConfidenceScoreServiceTests.cs(311,54): warning CS8625: Cannot convert null literal to non-nullable reference type. [/Users/alexanderfedin/Projects/nolock.social/Nolock.social.frontend/NoLock.Social.Core.Tests/NoLock.Social.Core.Tests.csproj]
/Users/alexanderfedin/Projects/nolock.social/Nolock.social.frontend/NoLock.Social.Core.Tests/OCR/Services/DocumentProcessingQueueTests.cs(89,99): warning CS8620: Argument of type 'Dictionary<string, object?>' cannot be used for parameter 'metadata' of type 'Dictionary<string, object>' in 'Task<string> DocumentProcessingQueue.EnqueueDocumentAsync(OCRSubmissionRequest request, QueuePriority priority = QueuePriority.Normal, Dictionary<string, object> metadata = null, CancellationToken cancellation = default(CancellationToken))' due to differences in the nullability of reference types. [/Users/alexanderfedin/Projects/nolock.social/Nolock.social.frontend/NoLock.Social.Core.Tests/NoLock.Social.Core.Tests.csproj]
/Users/alexanderfedin/Projects/nolock.social/Nolock.social.frontend/NoLock.Social.Core.Tests/OCR/Services/DocumentProcessingQueueTests.cs(114,49): warning CS8600: Converting null literal or possible null value to non-nullable type. [/Users/alexanderfedin/Projects/nolock.social/Nolock.social.frontend/NoLock.Social.Core.Tests/NoLock.Social.Core.Tests.csproj]
/Users/alexanderfedin/Projects/nolock.social/Nolock.social.frontend/NoLock.Social.Core.Tests/OCR/Services/DocumentProcessingQueueTests.cs(254,49): warning CS8600: Converting null literal or possible null value to non-nullable type. [/Users/alexanderfedin/Projects/nolock.social/Nolock.social.frontend/NoLock.Social.Core.Tests/NoLock.Social.Core.Tests.csproj]
/Users/alexanderfedin/Projects/nolock.social/Nolock.social.frontend/NoLock.Social.Core.Tests/OCR/Services/DocumentProcessingQueueTests.cs(411,31): warning CS8602: Dereference of a possibly null reference. [/Users/alexanderfedin/Projects/nolock.social/Nolock.social.frontend/NoLock.Social.Core.Tests/NoLock.Social.Core.Tests.csproj]
/Users/alexanderfedin/Projects/nolock.social/Nolock.social.frontend/NoLock.Social.Core.Tests/OCR/Services/DocumentProcessingQueueTests.cs(412,55): warning CS8625: Cannot convert null literal to non-nullable reference type. [/Users/alexanderfedin/Projects/nolock.social/Nolock.social.frontend/NoLock.Social.Core.Tests/NoLock.Social.Core.Tests.csproj]
/Users/alexanderfedin/Projects/nolock.social/Nolock.social.frontend/NoLock.Social.Core.Tests/OCR/Services/DocumentProcessingQueueTests.cs(412,82): warning CS8625: Cannot convert null literal to non-nullable reference type. [/Users/alexanderfedin/Projects/nolock.social/Nolock.social.frontend/NoLock.Social.Core.Tests/NoLock.Social.Core.Tests.csproj]
/Users/alexanderfedin/Projects/nolock.social/Nolock.social.frontend/NoLock.Social.Core.Tests/OCR/Services/DocumentProcessingQueueTests.cs(411,19): warning CS8600: Converting null literal or possible null value to non-nullable type. [/Users/alexanderfedin/Projects/nolock.social/Nolock.social.frontend/NoLock.Social.Core.Tests/NoLock.Social.Core.Tests.csproj]
/Users/alexanderfedin/Projects/nolock.social/Nolock.social.frontend/NoLock.Social.Core.Tests/OCR/Services/DocumentProcessingQueueTests.cs(411,19): warning CS8602: Dereference of a possibly null reference. [/Users/alexanderfedin/Projects/nolock.social/Nolock.social.frontend/NoLock.Social.Core.Tests/NoLock.Social.Core.Tests.csproj]
/Users/alexanderfedin/Projects/nolock.social/Nolock.social.frontend/NoLock.Social.Core.Tests/OCR/Services/CorrectionServiceTests.cs(550,70): warning CS8625: Cannot convert null literal to non-nullable reference type. [/Users/alexanderfedin/Projects/nolock.social/Nolock.social.frontend/NoLock.Social.Core.Tests/NoLock.Social.Core.Tests.csproj]
/Users/alexanderfedin/Projects/nolock.social/Nolock.social.frontend/NoLock.Social.Core.Tests/OCR/Services/DocumentProcessingQueueTests.cs(454,35): warning CS8602: Dereference of a possibly null reference. [/Users/alexanderfedin/Projects/nolock.social/Nolock.social.frontend/NoLock.Social.Core.Tests/NoLock.Social.Core.Tests.csproj]
/Users/alexanderfedin/Projects/nolock.social/Nolock.social.frontend/NoLock.Social.Core.Tests/OCR/Services/DocumentProcessingQueueTests.cs(455,62): warning CS8625: Cannot convert null literal to non-nullable reference type. [/Users/alexanderfedin/Projects/nolock.social/Nolock.social.frontend/NoLock.Social.Core.Tests/NoLock.Social.Core.Tests.csproj]
/Users/alexanderfedin/Projects/nolock.social/Nolock.social.frontend/NoLock.Social.Core.Tests/OCR/Services/DocumentProcessingQueueTests.cs(455,68): warning CS8625: Cannot convert null literal to non-nullable reference type. [/Users/alexanderfedin/Projects/nolock.social/Nolock.social.frontend/NoLock.Social.Core.Tests/NoLock.Social.Core.Tests.csproj]
/Users/alexanderfedin/Projects/nolock.social/Nolock.social.frontend/NoLock.Social.Core.Tests/OCR/Services/DocumentProcessingQueueTests.cs(455,74): warning CS8625: Cannot convert null literal to non-nullable reference type. [/Users/alexanderfedin/Projects/nolock.social/Nolock.social.frontend/NoLock.Social.Core.Tests/NoLock.Social.Core.Tests.csproj]
/Users/alexanderfedin/Projects/nolock.social/Nolock.social.frontend/NoLock.Social.Core.Tests/OCR/Services/DocumentProcessingQueueTests.cs(454,23): warning CS8600: Converting null literal or possible null value to non-nullable type. [/Users/alexanderfedin/Projects/nolock.social/Nolock.social.frontend/NoLock.Social.Core.Tests/NoLock.Social.Core.Tests.csproj]
/Users/alexanderfedin/Projects/nolock.social/Nolock.social.frontend/NoLock.Social.Core.Tests/OCR/Services/DocumentProcessingQueueTests.cs(454,23): warning CS8602: Dereference of a possibly null reference. [/Users/alexanderfedin/Projects/nolock.social/Nolock.social.frontend/NoLock.Social.Core.Tests/NoLock.Social.Core.Tests.csproj]
/Users/alexanderfedin/Projects/nolock.social/Nolock.social.frontend/NoLock.Social.Core.Tests/OCR/Services/DocumentProcessingQueueTests.cs(486,31): warning CS8602: Dereference of a possibly null reference. [/Users/alexanderfedin/Projects/nolock.social/Nolock.social.frontend/NoLock.Social.Core.Tests/NoLock.Social.Core.Tests.csproj]
/Users/alexanderfedin/Projects/nolock.social/Nolock.social.frontend/NoLock.Social.Core.Tests/OCR/Services/DocumentProcessingQueueTests.cs(487,59): warning CS8625: Cannot convert null literal to non-nullable reference type. [/Users/alexanderfedin/Projects/nolock.social/Nolock.social.frontend/NoLock.Social.Core.Tests/NoLock.Social.Core.Tests.csproj]
/Users/alexanderfedin/Projects/nolock.social/Nolock.social.frontend/NoLock.Social.Core.Tests/OCR/Services/DocumentProcessingQueueTests.cs(487,65): warning CS8625: Cannot convert null literal to non-nullable reference type. [/Users/alexanderfedin/Projects/nolock.social/Nolock.social.frontend/NoLock.Social.Core.Tests/NoLock.Social.Core.Tests.csproj]
/Users/alexanderfedin/Projects/nolock.social/Nolock.social.frontend/NoLock.Social.Core.Tests/OCR/Services/DocumentProcessingQueueTests.cs(487,71): warning CS8625: Cannot convert null literal to non-nullable reference type. [/Users/alexanderfedin/Projects/nolock.social/Nolock.social.frontend/NoLock.Social.Core.Tests/NoLock.Social.Core.Tests.csproj]
/Users/alexanderfedin/Projects/nolock.social/Nolock.social.frontend/NoLock.Social.Core.Tests/OCR/Services/DocumentProcessingQueueTests.cs(486,19): warning CS8600: Converting null literal or possible null value to non-nullable type. [/Users/alexanderfedin/Projects/nolock.social/Nolock.social.frontend/NoLock.Social.Core.Tests/NoLock.Social.Core.Tests.csproj]
/Users/alexanderfedin/Projects/nolock.social/Nolock.social.frontend/NoLock.Social.Core.Tests/OCR/Services/DocumentProcessingQueueTests.cs(486,19): warning CS8602: Dereference of a possibly null reference. [/Users/alexanderfedin/Projects/nolock.social/Nolock.social.frontend/NoLock.Social.Core.Tests/NoLock.Social.Core.Tests.csproj]
/Users/alexanderfedin/Projects/nolock.social/Nolock.social.frontend/NoLock.Social.Core.Tests/OCR/Services/DocumentProcessingQueueTests.cs(490,56): warning CS8625: Cannot convert null literal to non-nullable reference type. [/Users/alexanderfedin/Projects/nolock.social/Nolock.social.frontend/NoLock.Social.Core.Tests/NoLock.Social.Core.Tests.csproj]
/Users/alexanderfedin/Projects/nolock.social/Nolock.social.frontend/NoLock.Social.Core.Tests/OCR/Services/DocumentProcessingQueueTests.cs(490,83): warning CS8625: Cannot convert null literal to non-nullable reference type. [/Users/alexanderfedin/Projects/nolock.social/Nolock.social.frontend/NoLock.Social.Core.Tests/NoLock.Social.Core.Tests.csproj]
/Users/alexanderfedin/Projects/nolock.social/Nolock.social.frontend/NoLock.Social.Core.Tests/OCR/Services/DocumentProcessingQueueTests.cs(489,19): warning CS8600: Converting null literal or possible null value to non-nullable type. [/Users/alexanderfedin/Projects/nolock.social/Nolock.social.frontend/NoLock.Social.Core.Tests/NoLock.Social.Core.Tests.csproj]
/Users/alexanderfedin/Projects/nolock.social/Nolock.social.frontend/NoLock.Social.Core.Tests/OCR/Services/DocumentProcessingQueueTests.cs(489,19): warning CS8602: Dereference of a possibly null reference. [/Users/alexanderfedin/Projects/nolock.social/Nolock.social.frontend/NoLock.Social.Core.Tests/NoLock.Social.Core.Tests.csproj]
/Users/alexanderfedin/Projects/nolock.social/Nolock.social.frontend/NoLock.Social.Core.Tests/OCR/Services/DocumentProcessingQueueTests.cs(524,31): warning CS8602: Dereference of a possibly null reference. [/Users/alexanderfedin/Projects/nolock.social/Nolock.social.frontend/NoLock.Social.Core.Tests/NoLock.Social.Core.Tests.csproj]
/Users/alexanderfedin/Projects/nolock.social/Nolock.social.frontend/NoLock.Social.Core.Tests/OCR/Services/DocumentProcessingQueueTests.cs(525,59): warning CS8625: Cannot convert null literal to non-nullable reference type. [/Users/alexanderfedin/Projects/nolock.social/Nolock.social.frontend/NoLock.Social.Core.Tests/NoLock.Social.Core.Tests.csproj]
/Users/alexanderfedin/Projects/nolock.social/Nolock.social.frontend/NoLock.Social.Core.Tests/OCR/Services/DocumentProcessingQueueTests.cs(525,65): warning CS8625: Cannot convert null literal to non-nullable reference type. [/Users/alexanderfedin/Projects/nolock.social/Nolock.social.frontend/NoLock.Social.Core.Tests/NoLock.Social.Core.Tests.csproj]
/Users/alexanderfedin/Projects/nolock.social/Nolock.social.frontend/NoLock.Social.Core.Tests/OCR/Services/DocumentProcessingQueueTests.cs(525,71): warning CS8625: Cannot convert null literal to non-nullable reference type. [/Users/alexanderfedin/Projects/nolock.social/Nolock.social.frontend/NoLock.Social.Core.Tests/NoLock.Social.Core.Tests.csproj]
/Users/alexanderfedin/Projects/nolock.social/Nolock.social.frontend/NoLock.Social.Core.Tests/OCR/Services/DocumentProcessingQueueTests.cs(524,19): warning CS8600: Converting null literal or possible null value to non-nullable type. [/Users/alexanderfedin/Projects/nolock.social/Nolock.social.frontend/NoLock.Social.Core.Tests/NoLock.Social.Core.Tests.csproj]
/Users/alexanderfedin/Projects/nolock.social/Nolock.social.frontend/NoLock.Social.Core.Tests/OCR/Services/DocumentProcessingQueueTests.cs(524,19): warning CS8602: Dereference of a possibly null reference. [/Users/alexanderfedin/Projects/nolock.social/Nolock.social.frontend/NoLock.Social.Core.Tests/NoLock.Social.Core.Tests.csproj]
/Users/alexanderfedin/Projects/nolock.social/Nolock.social.frontend/NoLock.Social.Core.Tests/OCR/Services/DocumentProcessingQueueTests.cs(528,59): warning CS8625: Cannot convert null literal to non-nullable reference type. [/Users/alexanderfedin/Projects/nolock.social/Nolock.social.frontend/NoLock.Social.Core.Tests/NoLock.Social.Core.Tests.csproj]
/Users/alexanderfedin/Projects/nolock.social/Nolock.social.frontend/NoLock.Social.Core.Tests/OCR/Services/DocumentProcessingQueueTests.cs(528,65): warning CS8625: Cannot convert null literal to non-nullable reference type. [/Users/alexanderfedin/Projects/nolock.social/Nolock.social.frontend/NoLock.Social.Core.Tests/NoLock.Social.Core.Tests.csproj]
/Users/alexanderfedin/Projects/nolock.social/Nolock.social.frontend/NoLock.Social.Core.Tests/OCR/Services/DocumentProcessingQueueTests.cs(528,71): warning CS8625: Cannot convert null literal to non-nullable reference type. [/Users/alexanderfedin/Projects/nolock.social/Nolock.social.frontend/NoLock.Social.Core.Tests/NoLock.Social.Core.Tests.csproj]
/Users/alexanderfedin/Projects/nolock.social/Nolock.social.frontend/NoLock.Social.Core.Tests/OCR/Services/DocumentProcessingQueueTests.cs(527,19): warning CS8600: Converting null literal or possible null value to non-nullable type. [/Users/alexanderfedin/Projects/nolock.social/Nolock.social.frontend/NoLock.Social.Core.Tests/NoLock.Social.Core.Tests.csproj]
/Users/alexanderfedin/Projects/nolock.social/Nolock.social.frontend/NoLock.Social.Core.Tests/OCR/Services/DocumentProcessingQueueTests.cs(527,19): warning CS8602: Dereference of a possibly null reference. [/Users/alexanderfedin/Projects/nolock.social/Nolock.social.frontend/NoLock.Social.Core.Tests/NoLock.Social.Core.Tests.csproj]
/Users/alexanderfedin/Projects/nolock.social/Nolock.social.frontend/NoLock.Social.Core.Tests/OCR/Services/DocumentProcessingQueueTests.cs(556,44): warning CS8602: Dereference of a possibly null reference. [/Users/alexanderfedin/Projects/nolock.social/Nolock.social.frontend/NoLock.Social.Core.Tests/NoLock.Social.Core.Tests.csproj]
/Users/alexanderfedin/Projects/nolock.social/Nolock.social.frontend/NoLock.Social.Core.Tests/OCR/Services/DocumentProcessingQueueTests.cs(557,34): warning CS8625: Cannot convert null literal to non-nullable reference type. [/Users/alexanderfedin/Projects/nolock.social/Nolock.social.frontend/NoLock.Social.Core.Tests/NoLock.Social.Core.Tests.csproj]
/Users/alexanderfedin/Projects/nolock.social/Nolock.social.frontend/NoLock.Social.Core.Tests/OCR/Services/DocumentProcessingQueueTests.cs(557,40): warning CS8625: Cannot convert null literal to non-nullable reference type. [/Users/alexanderfedin/Projects/nolock.social/Nolock.social.frontend/NoLock.Social.Core.Tests/NoLock.Social.Core.Tests.csproj]
/Users/alexanderfedin/Projects/nolock.social/Nolock.social.frontend/NoLock.Social.Core.Tests/OCR/Services/DocumentProcessingQueueTests.cs(557,46): warning CS8625: Cannot convert null literal to non-nullable reference type. [/Users/alexanderfedin/Projects/nolock.social/Nolock.social.frontend/NoLock.Social.Core.Tests/NoLock.Social.Core.Tests.csproj]
/Users/alexanderfedin/Projects/nolock.social/Nolock.social.frontend/NoLock.Social.Core.Tests/OCR/Services/DocumentProcessingQueueTests.cs(556,32): warning CS8600: Converting null literal or possible null value to non-nullable type. [/Users/alexanderfedin/Projects/nolock.social/Nolock.social.frontend/NoLock.Social.Core.Tests/NoLock.Social.Core.Tests.csproj]
/Users/alexanderfedin/Projects/nolock.social/Nolock.social.frontend/NoLock.Social.Core.Tests/OCR/Services/DocumentProcessingQueueTests.cs(556,32): warning CS8602: Dereference of a possibly null reference. [/Users/alexanderfedin/Projects/nolock.social/Nolock.social.frontend/NoLock.Social.Core.Tests/NoLock.Social.Core.Tests.csproj]
/Users/alexanderfedin/Projects/nolock.social/Nolock.social.frontend/NoLock.Social.Core.Tests/OCR/Services/DocumentProcessingQueueTests.cs(586,44): warning CS8602: Dereference of a possibly null reference. [/Users/alexanderfedin/Projects/nolock.social/Nolock.social.frontend/NoLock.Social.Core.Tests/NoLock.Social.Core.Tests.csproj]
/Users/alexanderfedin/Projects/nolock.social/Nolock.social.frontend/NoLock.Social.Core.Tests/OCR/Services/DocumentProcessingQueueTests.cs(587,69): warning CS8625: Cannot convert null literal to non-nullable reference type. [/Users/alexanderfedin/Projects/nolock.social/Nolock.social.frontend/NoLock.Social.Core.Tests/NoLock.Social.Core.Tests.csproj]
/Users/alexanderfedin/Projects/nolock.social/Nolock.social.frontend/NoLock.Social.Core.Tests/OCR/Services/DocumentProcessingQueueTests.cs(587,75): warning CS8625: Cannot convert null literal to non-nullable reference type. [/Users/alexanderfedin/Projects/nolock.social/Nolock.social.frontend/NoLock.Social.Core.Tests/NoLock.Social.Core.Tests.csproj]
/Users/alexanderfedin/Projects/nolock.social/Nolock.social.frontend/NoLock.Social.Core.Tests/OCR/Services/DocumentProcessingQueueTests.cs(586,32): warning CS8600: Converting null literal or possible null value to non-nullable type. [/Users/alexanderfedin/Projects/nolock.social/Nolock.social.frontend/NoLock.Social.Core.Tests/NoLock.Social.Core.Tests.csproj]
/Users/alexanderfedin/Projects/nolock.social/Nolock.social.frontend/NoLock.Social.Core.Tests/OCR/Services/DocumentProcessingQueueTests.cs(586,32): warning CS8602: Dereference of a possibly null reference. [/Users/alexanderfedin/Projects/nolock.social/Nolock.social.frontend/NoLock.Social.Core.Tests/NoLock.Social.Core.Tests.csproj]
/Users/alexanderfedin/Projects/nolock.social/Nolock.social.frontend/NoLock.Social.Core.Tests/OCR/Services/DocumentProcessingQueueTests.cs(606,31): warning CS8602: Dereference of a possibly null reference. [/Users/alexanderfedin/Projects/nolock.social/Nolock.social.frontend/NoLock.Social.Core.Tests/NoLock.Social.Core.Tests.csproj]
/Users/alexanderfedin/Projects/nolock.social/Nolock.social.frontend/NoLock.Social.Core.Tests/OCR/Services/DocumentProcessingQueueTests.cs(607,55): warning CS8625: Cannot convert null literal to non-nullable reference type. [/Users/alexanderfedin/Projects/nolock.social/Nolock.social.frontend/NoLock.Social.Core.Tests/NoLock.Social.Core.Tests.csproj]
/Users/alexanderfedin/Projects/nolock.social/Nolock.social.frontend/NoLock.Social.Core.Tests/OCR/Services/DocumentProcessingQueueTests.cs(606,19): warning CS8600: Converting null literal or possible null value to non-nullable type. [/Users/alexanderfedin/Projects/nolock.social/Nolock.social.frontend/NoLock.Social.Core.Tests/NoLock.Social.Core.Tests.csproj]
/Users/alexanderfedin/Projects/nolock.social/Nolock.social.frontend/NoLock.Social.Core.Tests/OCR/Services/DocumentProcessingQueueTests.cs(606,19): warning CS8602: Dereference of a possibly null reference. [/Users/alexanderfedin/Projects/nolock.social/Nolock.social.frontend/NoLock.Social.Core.Tests/NoLock.Social.Core.Tests.csproj]
/Users/alexanderfedin/Projects/nolock.social/Nolock.social.frontend/NoLock.Social.Core.Tests/OCR/Services/DocumentProcessingQueueTests.cs(621,49): warning CS8600: Converting null literal or possible null value to non-nullable type. [/Users/alexanderfedin/Projects/nolock.social/Nolock.social.frontend/NoLock.Social.Core.Tests/NoLock.Social.Core.Tests.csproj]
/Users/alexanderfedin/Projects/nolock.social/Nolock.social.frontend/NoLock.Social.Core.Tests/OCR/Services/DocumentProcessingQueueTests.cs(627,31): warning CS8602: Dereference of a possibly null reference. [/Users/alexanderfedin/Projects/nolock.social/Nolock.social.frontend/NoLock.Social.Core.Tests/NoLock.Social.Core.Tests.csproj]
/Users/alexanderfedin/Projects/nolock.social/Nolock.social.frontend/NoLock.Social.Core.Tests/OCR/Services/DocumentProcessingQueueTests.cs(628,59): warning CS8625: Cannot convert null literal to non-nullable reference type. [/Users/alexanderfedin/Projects/nolock.social/Nolock.social.frontend/NoLock.Social.Core.Tests/NoLock.Social.Core.Tests.csproj]
/Users/alexanderfedin/Projects/nolock.social/Nolock.social.frontend/NoLock.Social.Core.Tests/OCR/Services/DocumentProcessingQueueTests.cs(628,65): warning CS8625: Cannot convert null literal to non-nullable reference type. [/Users/alexanderfedin/Projects/nolock.social/Nolock.social.frontend/NoLock.Social.Core.Tests/NoLock.Social.Core.Tests.csproj]
/Users/alexanderfedin/Projects/nolock.social/Nolock.social.frontend/NoLock.Social.Core.Tests/OCR/Services/DocumentProcessingQueueTests.cs(628,71): warning CS8625: Cannot convert null literal to non-nullable reference type. [/Users/alexanderfedin/Projects/nolock.social/Nolock.social.frontend/NoLock.Social.Core.Tests/NoLock.Social.Core.Tests.csproj]
/Users/alexanderfedin/Projects/nolock.social/Nolock.social.frontend/NoLock.Social.Core.Tests/OCR/Services/DocumentProcessingQueueTests.cs(627,19): warning CS8600: Converting null literal or possible null value to non-nullable type. [/Users/alexanderfedin/Projects/nolock.social/Nolock.social.frontend/NoLock.Social.Core.Tests/NoLock.Social.Core.Tests.csproj]
/Users/alexanderfedin/Projects/nolock.social/Nolock.social.frontend/NoLock.Social.Core.Tests/OCR/Services/DocumentProcessingQueueTests.cs(627,19): warning CS8602: Dereference of a possibly null reference. [/Users/alexanderfedin/Projects/nolock.social/Nolock.social.frontend/NoLock.Social.Core.Tests/NoLock.Social.Core.Tests.csproj]
/Users/alexanderfedin/Projects/nolock.social/Nolock.social.frontend/NoLock.Social.Core.Tests/OCR/Services/DocumentProcessingQueueTests.cs(651,44): warning CS8602: Dereference of a possibly null reference. [/Users/alexanderfedin/Projects/nolock.social/Nolock.social.frontend/NoLock.Social.Core.Tests/NoLock.Social.Core.Tests.csproj]
/Users/alexanderfedin/Projects/nolock.social/Nolock.social.frontend/NoLock.Social.Core.Tests/OCR/Services/DocumentProcessingQueueTests.cs(651,28): warning CS8600: Converting null literal or possible null value to non-nullable type. [/Users/alexanderfedin/Projects/nolock.social/Nolock.social.frontend/NoLock.Social.Core.Tests/NoLock.Social.Core.Tests.csproj]
/Users/alexanderfedin/Projects/nolock.social/Nolock.social.frontend/NoLock.Social.Core.Tests/OCR/Services/DocumentProcessingQueueTests.cs(664,44): warning CS8602: Dereference of a possibly null reference. [/Users/alexanderfedin/Projects/nolock.social/Nolock.social.frontend/NoLock.Social.Core.Tests/NoLock.Social.Core.Tests.csproj]
/Users/alexanderfedin/Projects/nolock.social/Nolock.social.frontend/NoLock.Social.Core.Tests/OCR/Services/DocumentProcessingQueueTests.cs(664,28): warning CS8600: Converting null literal or possible null value to non-nullable type. [/Users/alexanderfedin/Projects/nolock.social/Nolock.social.frontend/NoLock.Social.Core.Tests/NoLock.Social.Core.Tests.csproj]
/Users/alexanderfedin/Projects/nolock.social/Nolock.social.frontend/NoLock.Social.Core.Tests/OCR/Services/DocumentProcessingQueueTests.cs(679,13): warning CS8602: Dereference of a possibly null reference. [/Users/alexanderfedin/Projects/nolock.social/Nolock.social.frontend/NoLock.Social.Core.Tests/NoLock.Social.Core.Tests.csproj]
/Users/alexanderfedin/Projects/nolock.social/Nolock.social.frontend/NoLock.Social.Core.Tests/OCR/Services/DocumentProcessingQueueTests.cs(680,59): warning CS8625: Cannot convert null literal to non-nullable reference type. [/Users/alexanderfedin/Projects/nolock.social/Nolock.social.frontend/NoLock.Social.Core.Tests/NoLock.Social.Core.Tests.csproj]
/Users/alexanderfedin/Projects/nolock.social/Nolock.social.frontend/NoLock.Social.Core.Tests/OCR/Services/DocumentProcessingQueueTests.cs(680,65): warning CS8625: Cannot convert null literal to non-nullable reference type. [/Users/alexanderfedin/Projects/nolock.social/Nolock.social.frontend/NoLock.Social.Core.Tests/NoLock.Social.Core.Tests.csproj]
/Users/alexanderfedin/Projects/nolock.social/Nolock.social.frontend/NoLock.Social.Core.Tests/OCR/Services/DocumentProcessingQueueTests.cs(680,71): warning CS8625: Cannot convert null literal to non-nullable reference type. [/Users/alexanderfedin/Projects/nolock.social/Nolock.social.frontend/NoLock.Social.Core.Tests/NoLock.Social.Core.Tests.csproj]
/Users/alexanderfedin/Projects/nolock.social/Nolock.social.frontend/NoLock.Social.Core.Tests/OCR/Services/DocumentProcessingQueueTests.cs(686,44): warning CS8602: Dereference of a possibly null reference. [/Users/alexanderfedin/Projects/nolock.social/Nolock.social.frontend/NoLock.Social.Core.Tests/NoLock.Social.Core.Tests.csproj]
/Users/alexanderfedin/Projects/nolock.social/Nolock.social.frontend/NoLock.Social.Core.Tests/OCR/Services/DocumentProcessingQueueTests.cs(686,28): warning CS8600: Converting null literal or possible null value to non-nullable type. [/Users/alexanderfedin/Projects/nolock.social/Nolock.social.frontend/NoLock.Social.Core.Tests/NoLock.Social.Core.Tests.csproj]
/Users/alexanderfedin/Projects/nolock.social/Nolock.social.frontend/NoLock.Social.Core.Tests/OCR/Services/DocumentProcessingQueueTests.cs(717,35): warning CS8602: Dereference of a possibly null reference. [/Users/alexanderfedin/Projects/nolock.social/Nolock.social.frontend/NoLock.Social.Core.Tests/NoLock.Social.Core.Tests.csproj]
/Users/alexanderfedin/Projects/nolock.social/Nolock.social.frontend/NoLock.Social.Core.Tests/OCR/Services/DocumentProcessingQueueTests.cs(718,63): warning CS8625: Cannot convert null literal to non-nullable reference type. [/Users/alexanderfedin/Projects/nolock.social/Nolock.social.frontend/NoLock.Social.Core.Tests/NoLock.Social.Core.Tests.csproj]
/Users/alexanderfedin/Projects/nolock.social/Nolock.social.frontend/NoLock.Social.Core.Tests/OCR/Services/DocumentProcessingQueueTests.cs(718,69): warning CS8625: Cannot convert null literal to non-nullable reference type. [/Users/alexanderfedin/Projects/nolock.social/Nolock.social.frontend/NoLock.Social.Core.Tests/NoLock.Social.Core.Tests.csproj]
/Users/alexanderfedin/Projects/nolock.social/Nolock.social.frontend/NoLock.Social.Core.Tests/OCR/Services/DocumentProcessingQueueTests.cs(718,75): warning CS8625: Cannot convert null literal to non-nullable reference type. [/Users/alexanderfedin/Projects/nolock.social/Nolock.social.frontend/NoLock.Social.Core.Tests/NoLock.Social.Core.Tests.csproj]
/Users/alexanderfedin/Projects/nolock.social/Nolock.social.frontend/NoLock.Social.Core.Tests/OCR/Services/DocumentProcessingQueueTests.cs(717,23): warning CS8600: Converting null literal or possible null value to non-nullable type. [/Users/alexanderfedin/Projects/nolock.social/Nolock.social.frontend/NoLock.Social.Core.Tests/NoLock.Social.Core.Tests.csproj]
/Users/alexanderfedin/Projects/nolock.social/Nolock.social.frontend/NoLock.Social.Core.Tests/OCR/Services/DocumentProcessingQueueTests.cs(717,23): warning CS8602: Dereference of a possibly null reference. [/Users/alexanderfedin/Projects/nolock.social/Nolock.social.frontend/NoLock.Social.Core.Tests/NoLock.Social.Core.Tests.csproj]
/Users/alexanderfedin/Projects/nolock.social/Nolock.social.frontend/NoLock.Social.Core.Tests/OCR/Services/DocumentProcessingQueueTests.cs(725,35): warning CS8602: Dereference of a possibly null reference. [/Users/alexanderfedin/Projects/nolock.social/Nolock.social.frontend/NoLock.Social.Core.Tests/NoLock.Social.Core.Tests.csproj]
/Users/alexanderfedin/Projects/nolock.social/Nolock.social.frontend/NoLock.Social.Core.Tests/OCR/Services/DocumentProcessingQueueTests.cs(726,62): warning CS8625: Cannot convert null literal to non-nullable reference type. [/Users/alexanderfedin/Projects/nolock.social/Nolock.social.frontend/NoLock.Social.Core.Tests/NoLock.Social.Core.Tests.csproj]
/Users/alexanderfedin/Projects/nolock.social/Nolock.social.frontend/NoLock.Social.Core.Tests/OCR/Services/DocumentProcessingQueueTests.cs(726,68): warning CS8625: Cannot convert null literal to non-nullable reference type. [/Users/alexanderfedin/Projects/nolock.social/Nolock.social.frontend/NoLock.Social.Core.Tests/NoLock.Social.Core.Tests.csproj]
/Users/alexanderfedin/Projects/nolock.social/Nolock.social.frontend/NoLock.Social.Core.Tests/OCR/Services/DocumentProcessingQueueTests.cs(726,74): warning CS8625: Cannot convert null literal to non-nullable reference type. [/Users/alexanderfedin/Projects/nolock.social/Nolock.social.frontend/NoLock.Social.Core.Tests/NoLock.Social.Core.Tests.csproj]
/Users/alexanderfedin/Projects/nolock.social/Nolock.social.frontend/NoLock.Social.Core.Tests/OCR/Services/DocumentProcessingQueueTests.cs(725,23): warning CS8600: Converting null literal or possible null value to non-nullable type. [/Users/alexanderfedin/Projects/nolock.social/Nolock.social.frontend/NoLock.Social.Core.Tests/NoLock.Social.Core.Tests.csproj]
/Users/alexanderfedin/Projects/nolock.social/Nolock.social.frontend/NoLock.Social.Core.Tests/OCR/Services/DocumentProcessingQueueTests.cs(725,23): warning CS8602: Dereference of a possibly null reference. [/Users/alexanderfedin/Projects/nolock.social/Nolock.social.frontend/NoLock.Social.Core.Tests/NoLock.Social.Core.Tests.csproj]
/Users/alexanderfedin/Projects/nolock.social/Nolock.social.frontend/NoLock.Social.Core.Tests/OCR/Services/DocumentProcessingQueueTests.cs(780,29): warning CS8602: Dereference of a possibly null reference. [/Users/alexanderfedin/Projects/nolock.social/Nolock.social.frontend/NoLock.Social.Core.Tests/NoLock.Social.Core.Tests.csproj]
/Users/alexanderfedin/Projects/nolock.social/Nolock.social.frontend/NoLock.Social.Core.Tests/OCR/Services/DocumentProcessingQueueTests.cs(781,63): warning CS8625: Cannot convert null literal to non-nullable reference type. [/Users/alexanderfedin/Projects/nolock.social/Nolock.social.frontend/NoLock.Social.Core.Tests/NoLock.Social.Core.Tests.csproj]
/Users/alexanderfedin/Projects/nolock.social/Nolock.social.frontend/NoLock.Social.Core.Tests/OCR/Services/DocumentProcessingQueueTests.cs(781,69): warning CS8625: Cannot convert null literal to non-nullable reference type. [/Users/alexanderfedin/Projects/nolock.social/Nolock.social.frontend/NoLock.Social.Core.Tests/NoLock.Social.Core.Tests.csproj]
/Users/alexanderfedin/Projects/nolock.social/Nolock.social.frontend/NoLock.Social.Core.Tests/OCR/Services/DocumentProcessingQueueTests.cs(781,75): warning CS8625: Cannot convert null literal to non-nullable reference type. [/Users/alexanderfedin/Projects/nolock.social/Nolock.social.frontend/NoLock.Social.Core.Tests/NoLock.Social.Core.Tests.csproj]
/Users/alexanderfedin/Projects/nolock.social/Nolock.social.frontend/NoLock.Social.Core.Tests/OCR/Services/DocumentProcessingQueueTests.cs(780,23): warning CS8600: Converting null literal or possible null value to non-nullable type. [/Users/alexanderfedin/Projects/nolock.social/Nolock.social.frontend/NoLock.Social.Core.Tests/NoLock.Social.Core.Tests.csproj]
/Users/alexanderfedin/Projects/nolock.social/Nolock.social.frontend/NoLock.Social.Core.Tests/OCR/Services/DocumentProcessingQueueTests.cs(780,23): warning CS8604: Possible null reference argument for parameter 'item' in 'void List<Task>.Add(Task item)'. [/Users/alexanderfedin/Projects/nolock.social/Nolock.social.frontend/NoLock.Social.Core.Tests/NoLock.Social.Core.Tests.csproj]
/Users/alexanderfedin/Projects/nolock.social/Nolock.social.frontend/NoLock.Social.Core.Tests/OCR/Services/ReceiptOCRServiceTests.cs(186,29): warning CS8625: Cannot convert null literal to non-nullable reference type. [/Users/alexanderfedin/Projects/nolock.social/Nolock.social.frontend/NoLock.Social.Core.Tests/NoLock.Social.Core.Tests.csproj]
/Users/alexanderfedin/Projects/nolock.social/Nolock.social.frontend/NoLock.Social.Core.Tests/OCR/Services/ReceiptOCRServiceTests.cs(217,84): warning CS8625: Cannot convert null literal to non-nullable reference type. [/Users/alexanderfedin/Projects/nolock.social/Nolock.social.frontend/NoLock.Social.Core.Tests/NoLock.Social.Core.Tests.csproj]
/Users/alexanderfedin/Projects/nolock.social/Nolock.social.frontend/NoLock.Social.Core.Tests/OCR/Services/FieldValidationServiceTests.cs(679,54): warning CS8625: Cannot convert null literal to non-nullable reference type. [/Users/alexanderfedin/Projects/nolock.social/Nolock.social.frontend/NoLock.Social.Core.Tests/NoLock.Social.Core.Tests.csproj]
/Users/alexanderfedin/Projects/nolock.social/Nolock.social.frontend/NoLock.Social.Core.Tests/OCR/Services/FieldValidationServiceTests.cs(676,27): warning CS1998: This async method lacks 'await' operators and will run synchronously. Consider using the 'await' operator to await non-blocking API calls, or 'await Task.Run(...)' to do CPU-bound work on a background thread. [/Users/alexanderfedin/Projects/nolock.social/Nolock.social.frontend/NoLock.Social.Core.Tests/NoLock.Social.Core.Tests.csproj]
/Users/alexanderfedin/Projects/nolock.social/Nolock.social.frontend/NoLock.Social.Core.Tests/OCR/Services/ReceiptOCRServiceTests.cs(401,28): warning CS8625: Cannot convert null literal to non-nullable reference type. [/Users/alexanderfedin/Projects/nolock.social/Nolock.social.frontend/NoLock.Social.Core.Tests/NoLock.Social.Core.Tests.csproj]
/Users/alexanderfedin/Projects/nolock.social/Nolock.social.frontend/NoLock.Social.Core.Tests/Common/Utilities/ExceptionHandlerTests.cs(26,110): warning xUnit1026: Theory method 'ExecuteAsync_WithReturnValue_Success' on test class 'ExceptionHandlerTests' does not use parameter 'logDebug'. Use the parameter, or remove the parameter and associated data. (https://xunit.net/xunit.analyzers/rules/xUnit1026) [/Users/alexanderfedin/Projects/nolock.social/Nolock.social.frontend/NoLock.Social.Core.Tests/NoLock.Social.Core.Tests.csproj]
/Users/alexanderfedin/Projects/nolock.social/Nolock.social.frontend/NoLock.Social.Core.Tests/Extensions/ServiceCollectionExtensionsTests.cs(80,119): warning xUnit1026: Theory method 'AddTypedContentAddressableStorage_ConfiguresSerializerBasedOnParameter' on test class 'ServiceCollectionExtensionsTests' does not use parameter 'scenario'. Use the parameter, or remove the parameter and associated data. (https://xunit.net/xunit.analyzers/rules/xUnit1026) [/Users/alexanderfedin/Projects/nolock.social/Nolock.social.frontend/NoLock.Social.Core.Tests/NoLock.Social.Core.Tests.csproj]
/Users/alexanderfedin/Projects/nolock.social/Nolock.social.frontend/NoLock.Social.Core.Tests/Camera/CameraServiceTests.cs(87,21): warning xUnit1012: Null should not be used for type parameter 'jsResponse' of type 'string'. Use a non-null value, or convert the parameter to a nullable type. (https://xunit.net/xunit.analyzers/rules/xUnit1012) [/Users/alexanderfedin/Projects/nolock.social/Nolock.social.frontend/NoLock.Social.Core.Tests/NoLock.Social.Core.Tests.csproj]
/Users/alexanderfedin/Projects/nolock.social/Nolock.social.frontend/NoLock.Social.Core.Tests/Extensions/ServiceCollectionExtensionsTests.cs(124,106): warning xUnit1026: Theory method 'AddCryptographicServices_ConfiguresSessionStateBasedOnParameter' on test class 'ServiceCollectionExtensionsTests' does not use parameter 'scenario'. Use the parameter, or remove the parameter and associated data. (https://xunit.net/xunit.analyzers/rules/xUnit1026) [/Users/alexanderfedin/Projects/nolock.social/Nolock.social.frontend/NoLock.Social.Core.Tests/NoLock.Social.Core.Tests.csproj]
/Users/alexanderfedin/Projects/nolock.social/Nolock.social.frontend/NoLock.Social.Core.Tests/Camera/CameraServiceTests.cs(107,21): warning xUnit1012: Null should not be used for type parameter 'jsResponse' of type 'string'. Use a non-null value, or convert the parameter to a nullable type. (https://xunit.net/xunit.analyzers/rules/xUnit1012) [/Users/alexanderfedin/Projects/nolock.social/Nolock.social.frontend/NoLock.Social.Core.Tests/NoLock.Social.Core.Tests.csproj]
/Users/alexanderfedin/Projects/nolock.social/Nolock.social.frontend/NoLock.Social.Core.Tests/Common/Utilities/ExceptionHandlerTests.cs(102,32): warning xUnit1012: Null should not be used for type parameter 'expectedValue' of type 'string'. Use a non-null value, or convert the parameter to a nullable type. (https://xunit.net/xunit.analyzers/rules/xUnit1012) [/Users/alexanderfedin/Projects/nolock.social/Nolock.social.frontend/NoLock.Social.Core.Tests/NoLock.Social.Core.Tests.csproj]
/Users/alexanderfedin/Projects/nolock.social/Nolock.social.frontend/NoLock.Social.Core.Tests/Common/Utilities/ExceptionHandlerTests.cs(104,102): warning xUnit1026: Theory method 'Execute_WithReturnValue_Success' on test class 'ExceptionHandlerTests' does not use parameter 'logDebug'. Use the parameter, or remove the parameter and associated data. (https://xunit.net/xunit.analyzers/rules/xUnit1026) [/Users/alexanderfedin/Projects/nolock.social/Nolock.social.frontend/NoLock.Social.Core.Tests/NoLock.Social.Core.Tests.csproj]
/Users/alexanderfedin/Projects/nolock.social/Nolock.social.frontend/NoLock.Social.Core.Tests/Camera/CameraServiceTests.cs(542,21): warning xUnit1012: Null should not be used for type parameter 'invalidSessionId' of type 'string'. Use a non-null value, or convert the parameter to a nullable type. (https://xunit.net/xunit.analyzers/rules/xUnit1012) [/Users/alexanderfedin/Projects/nolock.social/Nolock.social.frontend/NoLock.Social.Core.Tests/NoLock.Social.Core.Tests.csproj]
/Users/alexanderfedin/Projects/nolock.social/Nolock.social.frontend/NoLock.Social.Core.Tests/OCR/Services/WakeLockServiceTests.cs(60,33): warning xUnit1012: Null should not be used for type parameter 'reason' of type 'string'. Use a non-null value, or convert the parameter to a nullable type. (https://xunit.net/xunit.analyzers/rules/xUnit1012) [/Users/alexanderfedin/Projects/nolock.social/Nolock.social.frontend/NoLock.Social.Core.Tests/NoLock.Social.Core.Tests.csproj]
/Users/alexanderfedin/Projects/nolock.social/Nolock.social.frontend/NoLock.Social.Core.Tests/Identity/Services/UserTrackingServiceTests.cs(46,21): warning xUnit1012: Null should not be used for type parameter 'publicKey' of type 'string'. Use a non-null value, or convert the parameter to a nullable type. (https://xunit.net/xunit.analyzers/rules/xUnit1012) [/Users/alexanderfedin/Projects/nolock.social/Nolock.social.frontend/NoLock.Social.Core.Tests/NoLock.Social.Core.Tests.csproj]
/Users/alexanderfedin/Projects/nolock.social/Nolock.social.frontend/NoLock.Social.Core.Tests/Camera/CameraServiceTests.cs(657,21): warning xUnit1012: Null should not be used for type parameter 'sessionId' of type 'string'. Use a non-null value, or convert the parameter to a nullable type. (https://xunit.net/xunit.analyzers/rules/xUnit1012) [/Users/alexanderfedin/Projects/nolock.social/Nolock.social.frontend/NoLock.Social.Core.Tests/NoLock.Social.Core.Tests.csproj]
/Users/alexanderfedin/Projects/nolock.social/Nolock.social.frontend/NoLock.Social.Core.Tests/Identity/Services/UserTrackingServiceTests.cs(127,21): warning xUnit1012: Null should not be used for type parameter 'publicKey' of type 'string'. Use a non-null value, or convert the parameter to a nullable type. (https://xunit.net/xunit.analyzers/rules/xUnit1012) [/Users/alexanderfedin/Projects/nolock.social/Nolock.social.frontend/NoLock.Social.Core.Tests/NoLock.Social.Core.Tests.csproj]
/Users/alexanderfedin/Projects/nolock.social/Nolock.social.frontend/NoLock.Social.Core.Tests/Identity/Services/UserTrackingServiceTests.cs(214,21): warning xUnit1012: Null should not be used for type parameter 'publicKey' of type 'string'. Use a non-null value, or convert the parameter to a nullable type. (https://xunit.net/xunit.analyzers/rules/xUnit1012) [/Users/alexanderfedin/Projects/nolock.social/Nolock.social.frontend/NoLock.Social.Core.Tests/NoLock.Social.Core.Tests.csproj]
/Users/alexanderfedin/Projects/nolock.social/Nolock.social.frontend/NoLock.Social.Core.Tests/OCR/Services/WakeLockServiceTests.cs(509,18): warning xUnit1031: Test methods should not use blocking task operations, as they can cause deadlocks. Use an async test method and await instead. (https://xunit.net/xunit.analyzers/rules/xUnit1031) [/Users/alexanderfedin/Projects/nolock.social/Nolock.social.frontend/NoLock.Social.Core.Tests/NoLock.Social.Core.Tests.csproj]
/Users/alexanderfedin/Projects/nolock.social/Nolock.social.frontend/NoLock.Social.Core.Tests/Performance/PerformanceMetricsTests.cs(135,109): warning xUnit1026: Theory method 'PerformanceMetrics_MemoryUsedBytes_CanBeNegative' on test class 'PerformanceMetricsTests' does not use parameter 'expectedUsed'. Use the parameter, or remove the parameter and associated data. (https://xunit.net/xunit.analyzers/rules/xUnit1026) [/Users/alexanderfedin/Projects/nolock.social/Nolock.social.frontend/NoLock.Social.Core.Tests/NoLock.Social.Core.Tests.csproj]
/Users/alexanderfedin/Projects/nolock.social/Nolock.social.frontend/NoLock.Social.Core.Tests/OCR/Services/ReceiptOCRServiceTests.cs(55,21): warning xUnit1012: Null should not be used for type parameter 'imageData' of type 'byte[]'. Use a non-null value, or convert the parameter to a nullable type. (https://xunit.net/xunit.analyzers/rules/xUnit1012) [/Users/alexanderfedin/Projects/nolock.social/Nolock.social.frontend/NoLock.Social.Core.Tests/NoLock.Social.Core.Tests.csproj]
/Users/alexanderfedin/Projects/nolock.social/Nolock.social.frontend/NoLock.Social.Core.Tests/OCR/Services/CheckOCRServiceTests.cs(48,21): warning xUnit1012: Null should not be used for type parameter 'request' of type 'NoLock.Social.Core.OCR.Models.OCRSubmissionRequest'. Use a non-null value, or convert the parameter to a nullable type. (https://xunit.net/xunit.analyzers/rules/xUnit1012) [/Users/alexanderfedin/Projects/nolock.social/Nolock.social.frontend/NoLock.Social.Core.Tests/NoLock.Social.Core.Tests.csproj]
/Users/alexanderfedin/Projects/nolock.social/Nolock.social.frontend/NoLock.Social.Core.Tests/OCR/Services/CheckOCRServiceTests.cs(59,21): warning xUnit1012: Null should not be used for type parameter 'imageData' of type 'byte[]'. Use a non-null value, or convert the parameter to a nullable type. (https://xunit.net/xunit.analyzers/rules/xUnit1012) [/Users/alexanderfedin/Projects/nolock.social/Nolock.social.frontend/NoLock.Social.Core.Tests/NoLock.Social.Core.Tests.csproj]
/Users/alexanderfedin/Projects/nolock.social/Nolock.social.frontend/NoLock.Social.Core.Tests/OCR/Configuration/OCRServiceOptionsTests.cs(37,28): warning xUnit1012: Null should not be used for type parameter 'wakeLockReason' of type 'string'. Use a non-null value, or convert the parameter to a nullable type. (https://xunit.net/xunit.analyzers/rules/xUnit1012) [/Users/alexanderfedin/Projects/nolock.social/Nolock.social.frontend/NoLock.Social.Core.Tests/NoLock.Social.Core.Tests.csproj]
/Users/alexanderfedin/Projects/nolock.social/Nolock.social.frontend/NoLock.Social.Core.Tests/Cryptography/SessionStateServiceTests.cs(145,75): warning xUnit1031: Test methods should not use blocking task operations, as they can cause deadlocks. Use an async test method and await instead. (https://xunit.net/xunit.analyzers/rules/xUnit1031) [/Users/alexanderfedin/Projects/nolock.social/Nolock.social.frontend/NoLock.Social.Core.Tests/NoLock.Social.Core.Tests.csproj]
/Users/alexanderfedin/Projects/nolock.social/Nolock.social.frontend/NoLock.Social.Core.Tests/OCR/Configuration/OCRServiceOptionsTests.cs(168,21): warning xUnit1012: Null should not be used for type parameter 'baseUrl' of type 'string'. Use a non-null value, or convert the parameter to a nullable type. (https://xunit.net/xunit.analyzers/rules/xUnit1012) [/Users/alexanderfedin/Projects/nolock.social/Nolock.social.frontend/NoLock.Social.Core.Tests/NoLock.Social.Core.Tests.csproj]
/Users/alexanderfedin/Projects/nolock.social/Nolock.social.frontend/NoLock.Social.Core.Tests/OCR/Configuration/OCRServiceOptionsTests.cs(193,21): warning xUnit1012: Null should not be used for type parameter 'apiKey' of type 'string'. Use a non-null value, or convert the parameter to a nullable type. (https://xunit.net/xunit.analyzers/rules/xUnit1012) [/Users/alexanderfedin/Projects/nolock.social/Nolock.social.frontend/NoLock.Social.Core.Tests/NoLock.Social.Core.Tests.csproj]
/Users/alexanderfedin/Projects/nolock.social/Nolock.social.frontend/NoLock.Social.Core.Tests/Cryptography/SessionStateServiceTests.cs(309,89): warning xUnit1031: Test methods should not use blocking task operations, as they can cause deadlocks. Use an async test method and await instead. (https://xunit.net/xunit.analyzers/rules/xUnit1031) [/Users/alexanderfedin/Projects/nolock.social/Nolock.social.frontend/NoLock.Social.Core.Tests/NoLock.Social.Core.Tests.csproj]
/Users/alexanderfedin/Projects/nolock.social/Nolock.social.frontend/NoLock.Social.Core.Tests/OCR/Services/ConfidenceScoreServiceTests.cs(88,21): warning xUnit1012: Null should not be used for type parameter 'scores' of type 'double[]'. Use a non-null value, or convert the parameter to a nullable type. (https://xunit.net/xunit.analyzers/rules/xUnit1012) [/Users/alexanderfedin/Projects/nolock.social/Nolock.social.frontend/NoLock.Social.Core.Tests/NoLock.Social.Core.Tests.csproj]
/Users/alexanderfedin/Projects/nolock.social/Nolock.social.frontend/NoLock.Social.Core.Tests/OCR/Services/ConfidenceScoreServiceTests.cs(89,109): warning xUnit1026: Theory method 'CalculateAverageConfidence_CalculatesCorrectly' on test class 'ConfidenceScoreServiceTests' does not use parameter 'scenario'. Use the parameter, or remove the parameter and associated data. (https://xunit.net/xunit.analyzers/rules/xUnit1026) [/Users/alexanderfedin/Projects/nolock.social/Nolock.social.frontend/NoLock.Social.Core.Tests/NoLock.Social.Core.Tests.csproj]
/Users/alexanderfedin/Projects/nolock.social/Nolock.social.frontend/NoLock.Social.Core.Tests/OCR/Services/CorrectionServiceTests.cs(140,21): warning xUnit1012: Null should not be used for type parameter 'documentId' of type 'string'. Use a non-null value, or convert the parameter to a nullable type. (https://xunit.net/xunit.analyzers/rules/xUnit1012) [/Users/alexanderfedin/Projects/nolock.social/Nolock.social.frontend/NoLock.Social.Core.Tests/NoLock.Social.Core.Tests.csproj]
/Users/alexanderfedin/Projects/nolock.social/Nolock.social.frontend/NoLock.Social.Core.Tests/OCR/Services/CorrectionServiceTests.cs(142,30): warning xUnit1012: Null should not be used for type parameter 'fieldName' of type 'string'. Use a non-null value, or convert the parameter to a nullable type. (https://xunit.net/xunit.analyzers/rules/xUnit1012) [/Users/alexanderfedin/Projects/nolock.social/Nolock.social.frontend/NoLock.Social.Core.Tests/NoLock.Social.Core.Tests.csproj]
/Users/alexanderfedin/Projects/nolock.social/Nolock.social.frontend/NoLock.Social.Core.Tests/OCR/Services/CorrectionServiceTests.cs(145,57): warning xUnit1026: Theory method 'ApplyFieldCorrectionAsync_InvalidParameters_ThrowsArgumentException' on test class 'CorrectionServiceTests' does not use parameter 'scenario'. Use the parameter, or remove the parameter and associated data. (https://xunit.net/xunit.analyzers/rules/xUnit1026) [/Users/alexanderfedin/Projects/nolock.social/Nolock.social.frontend/NoLock.Social.Core.Tests/NoLock.Social.Core.Tests.csproj]
/Users/alexanderfedin/Projects/nolock.social/Nolock.social.frontend/NoLock.Social.Core.Tests/OCR/Services/DocumentTypeDetectorTests.cs(27,21): warning xUnit1012: Null should not be used for type parameter 'input' of type 'string'. Use a non-null value, or convert the parameter to a nullable type. (https://xunit.net/xunit.analyzers/rules/xUnit1012) [/Users/alexanderfedin/Projects/nolock.social/Nolock.social.frontend/NoLock.Social.Core.Tests/NoLock.Social.Core.Tests.csproj]
/Users/alexanderfedin/Projects/nolock.social/Nolock.social.frontend/NoLock.Social.Core.Tests/OCR/Services/PollingServiceTests.cs(42,20): warning xUnit1026: Theory method 'PollAsync_CompletesSuccessfullyWithinTimeout' on test class 'PollingServiceTests' does not use parameter 'scenario'. Use the parameter, or remove the parameter and associated data. (https://xunit.net/xunit.analyzers/rules/xUnit1026) [/Users/alexanderfedin/Projects/nolock.social/Nolock.social.frontend/NoLock.Social.Core.Tests/NoLock.Social.Core.Tests.csproj]
/Users/alexanderfedin/Projects/nolock.social/Nolock.social.frontend/NoLock.Social.Core.Tests/OCR/Services/PollingServiceTests.cs(90,20): warning xUnit1026: Theory method 'PollAsync_RespectsMaxPollingDuration' on test class 'PollingServiceTests' does not use parameter 'scenario'. Use the parameter, or remove the parameter and associated data. (https://xunit.net/xunit.analyzers/rules/xUnit1026) [/Users/alexanderfedin/Projects/nolock.social/Nolock.social.frontend/NoLock.Social.Core.Tests/NoLock.Social.Core.Tests.csproj]
/Users/alexanderfedin/Projects/nolock.social/Nolock.social.frontend/NoLock.Social.Core.Tests/OCR/Services/FieldValidationServiceTests.cs(39,21): warning xUnit1012: Null should not be used for type parameter 'fieldName' of type 'string'. Use a non-null value, or convert the parameter to a nullable type. (https://xunit.net/xunit.analyzers/rules/xUnit1012) [/Users/alexanderfedin/Projects/nolock.social/Nolock.social.frontend/NoLock.Social.Core.Tests/NoLock.Social.Core.Tests.csproj]
/Users/alexanderfedin/Projects/nolock.social/Nolock.social.frontend/NoLock.Social.Core.Tests/OCR/Services/PollingServiceTests.cs(143,20): warning xUnit1026: Theory method 'PollAsync_RespectsMaxAttempts' on test class 'PollingServiceTests' does not use parameter 'scenario'. Use the parameter, or remove the parameter and associated data. (https://xunit.net/xunit.analyzers/rules/xUnit1026) [/Users/alexanderfedin/Projects/nolock.social/Nolock.social.frontend/NoLock.Social.Core.Tests/NoLock.Social.Core.Tests.csproj]
/Users/alexanderfedin/Projects/nolock.social/Nolock.social.frontend/NoLock.Social.Core.Tests/OCR/Services/ConfidenceScoreServiceTests.cs(29,107): warning xUnit1026: Theory method 'GetConfidenceLevel_ReturnsCorrectLevel' on test class 'ConfidenceScoreServiceTests' does not use parameter 'scenario'. Use the parameter, or remove the parameter and associated data. (https://xunit.net/xunit.analyzers/rules/xUnit1026) [/Users/alexanderfedin/Projects/nolock.social/Nolock.social.frontend/NoLock.Social.Core.Tests/NoLock.Social.Core.Tests.csproj]
/Users/alexanderfedin/Projects/nolock.social/Nolock.social.frontend/NoLock.Social.Core.Tests/OCR/Services/DocumentProcessingQueueTests.cs(208,21): warning xUnit1012: Null should not be used for type parameter 'queueId' of type 'string'. Use a non-null value, or convert the parameter to a nullable type. (https://xunit.net/xunit.analyzers/rules/xUnit1012) [/Users/alexanderfedin/Projects/nolock.social/Nolock.social.frontend/NoLock.Social.Core.Tests/NoLock.Social.Core.Tests.csproj]
/Users/alexanderfedin/Projects/nolock.social/Nolock.social.frontend/NoLock.Social.Core.Tests/OCR/Services/DocumentProcessingQueueTests.cs(212,36): warning xUnit1026: Theory method 'GetQueuedDocumentAsync_InvalidQueueId_ThrowsArgumentNullException' on test class 'DocumentProcessingQueueTests' does not use parameter 'scenario'. Use the parameter, or remove the parameter and associated data. (https://xunit.net/xunit.analyzers/rules/xUnit1026) [/Users/alexanderfedin/Projects/nolock.social/Nolock.social.frontend/NoLock.Social.Core.Tests/NoLock.Social.Core.Tests.csproj]
/Users/alexanderfedin/Projects/nolock.social/Nolock.social.frontend/NoLock.Social.Core.Tests/OCR/Services/ConfidenceScoreServiceTests.cs(42,96): warning xUnit1026: Theory method 'GetCssClass_ReturnsCorrectClass' on test class 'ConfidenceScoreServiceTests' does not use parameter 'scenario'. Use the parameter, or remove the parameter and associated data. (https://xunit.net/xunit.analyzers/rules/xUnit1026) [/Users/alexanderfedin/Projects/nolock.social/Nolock.social.frontend/NoLock.Social.Core.Tests/NoLock.Social.Core.Tests.csproj]
/Users/alexanderfedin/Projects/nolock.social/Nolock.social.frontend/NoLock.Social.Core.Tests/OCR/Services/PollingServiceTests.cs(262,20): warning xUnit1026: Theory method 'PollingConfiguration_ValidateThrowsForInvalidConfig' on test class 'PollingServiceTests' does not use parameter 'scenario'. Use the parameter, or remove the parameter and associated data. (https://xunit.net/xunit.analyzers/rules/xUnit1026) [/Users/alexanderfedin/Projects/nolock.social/Nolock.social.frontend/NoLock.Social.Core.Tests/NoLock.Social.Core.Tests.csproj]
/Users/alexanderfedin/Projects/nolock.social/Nolock.social.frontend/NoLock.Social.Core.Tests/OCR/Services/ConfidenceScoreServiceTests.cs(55,97): warning xUnit1026: Theory method 'GetColorCode_ReturnsCorrectColor' on test class 'ConfidenceScoreServiceTests' does not use parameter 'scenario'. Use the parameter, or remove the parameter and associated data. (https://xunit.net/xunit.analyzers/rules/xUnit1026) [/Users/alexanderfedin/Projects/nolock.social/Nolock.social.frontend/NoLock.Social.Core.Tests/NoLock.Social.Core.Tests.csproj]
/Users/alexanderfedin/Projects/nolock.social/Nolock.social.frontend/NoLock.Social.Core.Tests/OCR/Services/DocumentProcessingQueueTests.cs(362,21): warning xUnit1012: Null should not be used for type parameter 'queueId' of type 'string'. Use a non-null value, or convert the parameter to a nullable type. (https://xunit.net/xunit.analyzers/rules/xUnit1012) [/Users/alexanderfedin/Projects/nolock.social/Nolock.social.frontend/NoLock.Social.Core.Tests/NoLock.Social.Core.Tests.csproj]
/Users/alexanderfedin/Projects/nolock.social/Nolock.social.frontend/NoLock.Social.Core.Tests/OCR/Services/DocumentProcessingQueueTests.cs(365,36): warning xUnit1026: Theory method 'CancelDocumentProcessingAsync_InvalidQueueId_ThrowsArgumentNullException' on test class 'DocumentProcessingQueueTests' does not use parameter 'scenario'. Use the parameter, or remove the parameter and associated data. (https://xunit.net/xunit.analyzers/rules/xUnit1026) [/Users/alexanderfedin/Projects/nolock.social/Nolock.social.frontend/NoLock.Social.Core.Tests/NoLock.Social.Core.Tests.csproj]
/Users/alexanderfedin/Projects/nolock.social/Nolock.social.frontend/NoLock.Social.Core.Tests/OCR/Services/CorrectionServiceTests.cs(450,21): warning xUnit1012: Null should not be used for type parameter 'documentId' of type 'string'. Use a non-null value, or convert the parameter to a nullable type. (https://xunit.net/xunit.analyzers/rules/xUnit1012) [/Users/alexanderfedin/Projects/nolock.social/Nolock.social.frontend/NoLock.Social.Core.Tests/NoLock.Social.Core.Tests.csproj]
/Users/alexanderfedin/Projects/nolock.social/Nolock.social.frontend/NoLock.Social.Core.Tests/OCR/Services/CorrectionServiceTests.cs(454,39): warning xUnit1026: Theory method 'CancelCorrectionsAsync_InvalidDocumentId_ThrowsArgumentException' on test class 'CorrectionServiceTests' does not use parameter 'scenario'. Use the parameter, or remove the parameter and associated data. (https://xunit.net/xunit.analyzers/rules/xUnit1026) [/Users/alexanderfedin/Projects/nolock.social/Nolock.social.frontend/NoLock.Social.Core.Tests/NoLock.Social.Core.Tests.csproj]
/Users/alexanderfedin/Projects/nolock.social/Nolock.social.frontend/NoLock.Social.Core.Tests/OCR/Services/ConfidenceScoreServiceTests.cs(70,95): warning xUnit1026: Theory method 'FormatAsPercentage_FormatsCorrectly' on test class 'ConfidenceScoreServiceTests' does not use parameter 'scenario'. Use the parameter, or remove the parameter and associated data. (https://xunit.net/xunit.analyzers/rules/xUnit1026) [/Users/alexanderfedin/Projects/nolock.social/Nolock.social.frontend/NoLock.Social.Core.Tests/NoLock.Social.Core.Tests.csproj]
/Users/alexanderfedin/Projects/nolock.social/Nolock.social.frontend/NoLock.Social.Core.Tests/OCR/Services/CorrectionServiceTests.cs(500,30): warning xUnit1012: Null should not be used for type parameter 'fieldName' of type 'string'. Use a non-null value, or convert the parameter to a nullable type. (https://xunit.net/xunit.analyzers/rules/xUnit1012) [/Users/alexanderfedin/Projects/nolock.social/Nolock.social.frontend/NoLock.Social.Core.Tests/NoLock.Social.Core.Tests.csproj]
/Users/alexanderfedin/Projects/nolock.social/Nolock.social.frontend/NoLock.Social.Core.Tests/OCR/Services/CorrectionServiceTests.cs(502,21): warning xUnit1012: Null should not be used for type parameter 'documentId' of type 'string'. Use a non-null value, or convert the parameter to a nullable type. (https://xunit.net/xunit.analyzers/rules/xUnit1012) [/Users/alexanderfedin/Projects/nolock.social/Nolock.social.frontend/NoLock.Social.Core.Tests/NoLock.Social.Core.Tests.csproj]
/Users/alexanderfedin/Projects/nolock.social/Nolock.social.frontend/NoLock.Social.Core.Tests/OCR/Services/CorrectionServiceTests.cs(504,57): warning xUnit1026: Theory method 'RevertFieldCorrectionAsync_InvalidParameters_ThrowsArgumentException' on test class 'CorrectionServiceTests' does not use parameter 'scenario'. Use the parameter, or remove the parameter and associated data. (https://xunit.net/xunit.analyzers/rules/xUnit1026) [/Users/alexanderfedin/Projects/nolock.social/Nolock.social.frontend/NoLock.Social.Core.Tests/NoLock.Social.Core.Tests.csproj]
/Users/alexanderfedin/Projects/nolock.social/Nolock.social.frontend/NoLock.Social.Core.Tests/OCR/Services/DocumentTypeDetectorTests.cs(263,77): warning xUnit1031: Test methods should not use blocking task operations, as they can cause deadlocks. Use an async test method and await instead. (https://xunit.net/xunit.analyzers/rules/xUnit1031) [/Users/alexanderfedin/Projects/nolock.social/Nolock.social.frontend/NoLock.Social.Core.Tests/NoLock.Social.Core.Tests.csproj]
/Users/alexanderfedin/Projects/nolock.social/Nolock.social.frontend/NoLock.Social.Core.Tests/OCR/Services/DocumentTypeDetectorTests.cs(269,85): warning xUnit1031: Test methods should not use blocking task operations, as they can cause deadlocks. Use an async test method and await instead. (https://xunit.net/xunit.analyzers/rules/xUnit1031) [/Users/alexanderfedin/Projects/nolock.social/Nolock.social.frontend/NoLock.Social.Core.Tests/NoLock.Social.Core.Tests.csproj]
/Users/alexanderfedin/Projects/nolock.social/Nolock.social.frontend/NoLock.Social.Core.Tests/OCR/Services/CorrectionServiceTests.cs(663,21): warning xUnit1012: Null should not be used for type parameter 'documentId' of type 'string'. Use a non-null value, or convert the parameter to a nullable type. (https://xunit.net/xunit.analyzers/rules/xUnit1012) [/Users/alexanderfedin/Projects/nolock.social/Nolock.social.frontend/NoLock.Social.Core.Tests/NoLock.Social.Core.Tests.csproj]
/Users/alexanderfedin/Projects/nolock.social/Nolock.social.frontend/NoLock.Social.Core.Tests/OCR/Services/CorrectionServiceTests.cs(667,39): warning xUnit1026: Theory method 'GetCorrectionsAsync_InvalidDocumentId_ThrowsArgumentException' on test class 'CorrectionServiceTests' does not use parameter 'scenario'. Use the parameter, or remove the parameter and associated data. (https://xunit.net/xunit.analyzers/rules/xUnit1026) [/Users/alexanderfedin/Projects/nolock.social/Nolock.social.frontend/NoLock.Social.Core.Tests/NoLock.Social.Core.Tests.csproj]
/Users/alexanderfedin/Projects/nolock.social/Nolock.social.frontend/NoLock.Social.Core.Tests/OCR/Services/DocumentProcessingQueueTests.cs(644,76): warning xUnit1031: Test methods should not use blocking task operations, as they can cause deadlocks. Use an async test method and await instead. (https://xunit.net/xunit.analyzers/rules/xUnit1031) [/Users/alexanderfedin/Projects/nolock.social/Nolock.social.frontend/NoLock.Social.Core.Tests/NoLock.Social.Core.Tests.csproj]
/Users/alexanderfedin/Projects/nolock.social/Nolock.social.frontend/NoLock.Social.Core.Tests/OCR/Services/DocumentProcessingQueueTests.cs(645,81): warning xUnit1031: Test methods should not use blocking task operations, as they can cause deadlocks. Use an async test method and await instead. (https://xunit.net/xunit.analyzers/rules/xUnit1031) [/Users/alexanderfedin/Projects/nolock.social/Nolock.social.frontend/NoLock.Social.Core.Tests/NoLock.Social.Core.Tests.csproj]
/Users/alexanderfedin/Projects/nolock.social/Nolock.social.frontend/NoLock.Social.Core.Tests/OCR/Services/DocumentProcessingQueueTests.cs(646,79): warning xUnit1031: Test methods should not use blocking task operations, as they can cause deadlocks. Use an async test method and await instead. (https://xunit.net/xunit.analyzers/rules/xUnit1031) [/Users/alexanderfedin/Projects/nolock.social/Nolock.social.frontend/NoLock.Social.Core.Tests/NoLock.Social.Core.Tests.csproj]
/Users/alexanderfedin/Projects/nolock.social/Nolock.social.frontend/NoLock.Social.Core.Tests/OCR/Services/DocumentProcessingQueueTests.cs(674,71): warning xUnit1031: Test methods should not use blocking task operations, as they can cause deadlocks. Use an async test method and await instead. (https://xunit.net/xunit.analyzers/rules/xUnit1031) [/Users/alexanderfedin/Projects/nolock.social/Nolock.social.frontend/NoLock.Social.Core.Tests/NoLock.Social.Core.Tests.csproj]
/Users/alexanderfedin/Projects/nolock.social/Nolock.social.frontend/NoLock.Social.Core.Tests/OCR/Services/DocumentTypeDetectorTests.cs(400,69): warning xUnit1026: Theory method 'DetectDocumentTypeAsync_UnusualFormatting_StillDetects' on test class 'DocumentTypeDetectorTests' does not use parameter 'scenario'. Use the parameter, or remove the parameter and associated data. (https://xunit.net/xunit.analyzers/rules/xUnit1026) [/Users/alexanderfedin/Projects/nolock.social/Nolock.social.frontend/NoLock.Social.Core.Tests/NoLock.Social.Core.Tests.csproj]
/Users/alexanderfedin/Projects/nolock.social/Nolock.social.frontend/NoLock.Social.Core.Tests/OCR/Services/DocumentTypeDetectorTests.cs(453,67): warning xUnit1026: Theory method 'CacheKey_Generation_WorksCorrectly' on test class 'DocumentTypeDetectorTests' does not use parameter 'scenario'. Use the parameter, or remove the parameter and associated data. (https://xunit.net/xunit.analyzers/rules/xUnit1026) [/Users/alexanderfedin/Projects/nolock.social/Nolock.social.frontend/NoLock.Social.Core.Tests/NoLock.Social.Core.Tests.csproj]
/Users/alexanderfedin/Projects/nolock.social/Nolock.social.frontend/NoLock.Social.Core.Tests/OCR/Services/DocumentProcessingQueueTests.cs(803,32): warning xUnit1031: Test methods should not use blocking task operations, as they can cause deadlocks. Use an async test method and await instead. (https://xunit.net/xunit.analyzers/rules/xUnit1031) [/Users/alexanderfedin/Projects/nolock.social/Nolock.social.frontend/NoLock.Social.Core.Tests/NoLock.Social.Core.Tests.csproj]
/Users/alexanderfedin/Projects/nolock.social/Nolock.social.frontend/NoLock.Social.Core.Tests/OCR/Services/DocumentProcessingQueueTests.cs(804,56): warning xUnit1031: Test methods should not use blocking task operations, as they can cause deadlocks. Use an async test method and await instead. (https://xunit.net/xunit.analyzers/rules/xUnit1031) [/Users/alexanderfedin/Projects/nolock.social/Nolock.social.frontend/NoLock.Social.Core.Tests/NoLock.Social.Core.Tests.csproj]
/Users/alexanderfedin/Projects/nolock.social/Nolock.social.frontend/NoLock.Social.Core.Tests/OCR/Services/FieldValidationServiceTests.cs(591,32): warning xUnit1026: Theory method 'ValidateFieldAsync_DecimalField_ValidatesCorrectly' on test class 'FieldValidationServiceTests' does not use parameter 'expectedValid'. Use the parameter, or remove the parameter and associated data. (https://xunit.net/xunit.analyzers/rules/xUnit1026) [/Users/alexanderfedin/Projects/nolock.social/Nolock.social.frontend/NoLock.Social.Core.Tests/NoLock.Social.Core.Tests.csproj]
  NoLock.Social.Core.Tests -> /Users/alexanderfedin/Projects/nolock.social/Nolock.social.frontend/NoLock.Social.Core.Tests/bin/Debug/net9.0/NoLock.Social.Core.Tests.dll
Test run for /Users/alexanderfedin/Projects/nolock.social/Nolock.social.frontend/NoLock.Social.Core.Tests/bin/Debug/net9.0/NoLock.Social.Core.Tests.dll (.NETCoreApp,Version=v9.0)
  Passed Nolock.Social.Storage.IndexedDb.Tests.IndexedDbContentAddressableStorageTests.StoreAsync_ShouldStoreNewEntity_WhenEntityDoesNotExist [2 ms]
  Passed Nolock.Social.Storage.IndexedDb.Tests.IndexedDbContentAddressableStorageTests.DeleteAsync_ShouldNotThrow_WhenTokenIsCancelled [2 ms]
  Passed Nolock.Social.Storage.IndexedDb.Tests.IndexedDbContentAddressableStorageTests.ExistsAsync_ShouldReturnTrue_WhenEntryExistsWithNullData [8 ms]

VSTest version 17.12.0 (arm64)

Test Run Successful.
Total tests: 30
     Passed: 30
 Total time: 3.0398 Seconds
Starting test execution, please wait...
A total of 1 test files matched the specified pattern.
[xUnit.net 00:00:00.00] xUnit.net VSTest Adapter v2.8.2+699d445a1a (64-bit .NET 9.0.0)
[xUnit.net 00:00:00.04]   Discovering: NoLock.Social.Components.Tests
[xUnit.net 00:00:00.06]   Discovered:  NoLock.Social.Components.Tests
[xUnit.net 00:00:00.06]   Starting:    NoLock.Social.Components.Tests
[xUnit.net 00:00:00.09]   Finished:    NoLock.Social.Components.Tests
  Passed NoLock.Social.Components.Tests.UnitTest1.Test1 [1 ms]

Test Run Successful.
Total tests: 1
     Passed: 1
 Total time: 5.7987 Seconds
[xUnit.net 00:00:00.00] xUnit.net VSTest Adapter v2.8.2+699d445a1a (64-bit .NET 9.0.0)
[xUnit.net 00:00:00.05]   Discovering: NoLock.Social.Core.Tests
[xUnit.net 00:00:00.17]   Discovered:  NoLock.Social.Core.Tests
[xUnit.net 00:00:00.17]   Starting:    NoLock.Social.Core.Tests
     Warning:
     The component "Fluent Assertions" is governed by the rules defined in the Xceed License Agreement and
     the Xceed Fluent Assertions Community License. You may use Fluent Assertions free of charge for
     non-commercial use only. An active subscription is required to use Fluent Assertions for commercial use.
     Please contact Xceed Sales mailto:sales@xceed.com to acquire a subscription at a very low cost.
     A paid commercial license supports the development and continued increasing support of
     Fluent Assertions users under both commercial and community licenses. Help us
     keep Fluent Assertions at the forefront of unit testing.
     For more information, visit https://xceed.com/products/unit-testing/fluent-assertions/
  Passed NoLock.Social.Core.Tests.OCR.Services.ConfidenceScoreServiceTests.ConfidenceStatistics_InitializesCorrectly [12 ms]
  Passed NoLock.Social.Core.Tests.OCR.Services.ConfidenceScoreServiceTests.FormatAsPercentage_FormatsCorrectly(score: 1, expected: "100%", scenario: "Maximum percentage") [1 ms]
  Passed NoLock.Social.Core.Tests.OCR.Services.ConfidenceScoreServiceTests.FormatAsPercentage_FormatsCorrectly(score: 0.5, expected: "50%", scenario: "Exact percentage") [< 1 ms]
  Passed NoLock.Social.Core.Tests.OCR.Services.ConfidenceScoreServiceTests.FormatAsPercentage_FormatsCorrectly(score: 0.33300000000000002, expected: "33%", scenario: "Rounds down") [< 1 ms]
  Passed NoLock.Social.Core.Tests.OCR.Services.ConfidenceScoreServiceTests.FormatAsPercentage_FormatsCorrectly(score: 0, expected: "0%", scenario: "Minimum percentage") [< 1 ms]
  Passed NoLock.Social.Core.Tests.OCR.Services.ConfidenceScoreServiceTests.FormatAsPercentage_FormatsCorrectly(score: 0.95599999999999996, expected: "96%", scenario: "Rounds to nearest percentage") [< 1 ms]
  Passed NoLock.Social.Core.Tests.OCR.Services.ConfidenceScoreServiceTests.CalculateAverageConfidence_CalculatesCorrectly(scores: null, expected: 0, scenario: "Null array") [< 1 ms]
  Passed NoLock.Social.Core.Tests.OCR.Services.ConfidenceScoreServiceTests.CalculateAverageConfidence_CalculatesCorrectly(scores: [1, 0], expected: 0.5, scenario: "Average of extremes") [< 1 ms]
  Passed NoLock.Social.Core.Tests.OCR.Services.ConfidenceScoreServiceTests.CalculateAverageConfidence_CalculatesCorrectly(scores: [0.80000000000000004, 0.90000000000000002, 0.69999999999999996], expected: 0.80000000000000004, scenario: "Average of three scores") [< 1 ms]
  Passed NoLock.Social.Core.Tests.OCR.Services.ConfidenceScoreServiceTests.CalculateAverageConfidence_CalculatesCorrectly(scores: [], expected: 0, scenario: "Empty array") [< 1 ms]
  Passed NoLock.Social.Core.Tests.OCR.Services.ConfidenceScoreServiceTests.CalculateAverageConfidence_CalculatesCorrectly(scores: [0.5], expected: 0.5, scenario: "Single score") [< 1 ms]
  Passed NoLock.Social.Core.Tests.OCR.Services.ConfidenceScoreServiceTests.CalculateWeightedConfidence_CalculatesCorrectly [< 1 ms]
  Passed NoLock.Social.Core.Tests.Cryptography.SecureMemoryManagerTests.SecureMemoryManager_Dispose_ClearsAllBuffers [17 ms]
  Passed NoLock.Social.Core.Tests.OCR.Services.ConfidenceScoreServiceTests.GetConfidenceLevel_ReturnsCorrectLevel(score: 0.94999999999999996, expected: High, scenario: "High confidence - score above 0.80") [1 ms]
  Passed NoLock.Social.Core.Tests.OCR.Services.ConfidenceScoreServiceTests.GetConfidenceLevel_ReturnsCorrectLevel(score: 0.80000000000000004, expected: High, scenario: "High confidence - score at threshold") [< 1 ms]
  Passed NoLock.Social.Core.Tests.OCR.Services.ConfidenceScoreServiceTests.GetConfidenceLevel_ReturnsCorrectLevel(score: 0.5, expected: Low, scenario: "Low confidence - score below 0.60") [< 1 ms]
  Passed NoLock.Social.Core.Tests.OCR.Services.ConfidenceScoreServiceTests.GetConfidenceLevel_ReturnsCorrectLevel(score: 0.69999999999999996, expected: Medium, scenario: "Medium confidence - score between 0.60 and 0.79") [< 1 ms]
  Passed NoLock.Social.Core.Tests.OCR.Services.ConfidenceScoreServiceTests.GetConfidenceLevel_ReturnsCorrectLevel(score: 0.59999999999999998, expected: Medium, scenario: "Medium confidence - score at threshold") [< 1 ms]
  Passed NoLock.Social.Core.Tests.OCR.Services.ConfidenceScoreServiceTests.GetConfidenceLevel_ReturnsCorrectLevel(score: 0.10000000000000001, expected: Low, scenario: "Low confidence - very low score") [< 1 ms]
  Passed NoLock.Social.Core.Tests.OCR.Services.ConfidenceScoreServiceTests.ExtractFieldConfidences_WithCheck_ExtractsFields [3 ms]
  Passed NoLock.Social.Core.Tests.OCR.Services.ConfidenceScoreServiceTests.GetColorCode_ReturnsCorrectColor(score: 0.40000000000000002, expectedColor: "#ef4444", scenario: "Low confidence color") [< 1 ms]
  Passed NoLock.Social.Core.Tests.OCR.Services.ConfidenceScoreServiceTests.GetColorCode_ReturnsCorrectColor(score: 0.69999999999999996, expectedColor: "#f59e0b", scenario: "Medium confidence color") [< 1 ms]
  Passed NoLock.Social.Core.Tests.OCR.Services.ConfidenceScoreServiceTests.GetColorCode_ReturnsCorrectColor(score: 0.94999999999999996, expectedColor: "#10b981", scenario: "High confidence color") [< 1 ms]
  Passed NoLock.Social.Core.Tests.OCR.Services.ConfidenceScoreServiceTests.GetCssClass_ReturnsCorrectClass(score: 0.94999999999999996, expectedClass: "confidence-high", scenario: "High confidence CSS class") [< 1 ms]
  Passed NoLock.Social.Core.Tests.OCR.Services.ConfidenceScoreServiceTests.GetCssClass_ReturnsCorrectClass(score: 0.69999999999999996, expectedClass: "confidence-medium", scenario: "Medium confidence CSS class") [< 1 ms]
  Passed NoLock.Social.Core.Tests.OCR.Services.ConfidenceScoreServiceTests.GetCssClass_ReturnsCorrectClass(score: 0.40000000000000002, expectedClass: "confidence-low", scenario: "Low confidence CSS class") [< 1 ms]
  Passed NoLock.Social.Core.Tests.OCR.Services.ConfidenceScoreServiceTests.ValidateConfidence_WithNull_ReturnsInvalid [< 1 ms]
  Passed NoLock.Social.Core.Tests.OCR.Services.ConfidenceScoreServiceTests.ExtractFieldConfidences_WithReceipt_ExtractsFields [3 ms]
  Passed NoLock.Social.Core.Tests.OCR.Services.ConfidenceScoreServiceTests.ThresholdProperties_ClampValues [< 1 ms]
  Passed NoLock.Social.Core.Tests.OCR.Services.ConfidenceScoreServiceTests.ValidateConfidence_WithLowConfidence_ReturnsInvalid [2 ms]
  Passed NoLock.Social.Core.Tests.OCR.Services.ConfidenceScoreServiceTests.ValidationResult_InitializesCorrectly [< 1 ms]
  Passed NoLock.Social.Core.Tests.OCR.Services.ConfidenceScoreServiceTests.MeetsMinimumConfidence_EvaluatesCorrectly [< 1 ms]
  Passed NoLock.Social.Core.Tests.OCR.Services.ConfidenceScoreServiceTests.CalculateOverallConfidence_WithReceipt_CalculatesCorrectly [< 1 ms]
  Passed NoLock.Social.Core.Tests.OCR.Services.ConfidenceScoreServiceTests.GetConfidenceStatistics_CalculatesCorrectly [9 ms]
  Passed NoLock.Social.Core.Tests.OCR.Services.ConfidenceScoreServiceTests.ValidateConfidence_WithHighConfidence_ReturnsValid [< 1 ms]
  Passed NoLock.Social.Core.Tests.OCR.Services.CorrectionServiceTests.CalculateUpdatedConfidence_WithWarnings_ReducesConfidence [51 ms]
  Passed NoLock.Social.Core.Tests.Cryptography.SecureMemoryManagerTests.CreateSecureBuffer_WithData_CopiesDataAndClearsOriginal [35 ms]
  Passed NoLock.Social.Core.Tests.Cryptography.SecureMemoryManagerTests.SecureBuffer_Clear_ZeroesData [< 1 ms]
  Passed NoLock.Social.Core.Tests.Cryptography.SecureMemoryManagerTests.SecureBuffer_Dispose_ClearsData [< 1 ms]
  Passed NoLock.Social.Core.Tests.Cryptography.SecureMemoryManagerTests.SecureBuffer_AccessAfterDispose_ThrowsObjectDisposedException [3 ms]
  Passed NoLock.Social.Core.Tests.OCR.Services.CorrectionServiceTests.CreateCorrectableDocumentAsync_ValidDocument_CreatesWrapper [7 ms]
  Passed NoLock.Social.Core.Tests.Cryptography.SecureMemoryManagerTests.SecureBuffer_MultipleClears_DoesNotThrow [1 ms]
  Passed NoLock.Social.Core.Tests.OCR.Services.CorrectionServiceTests.GetLowConfidenceFieldsAsync_RespectsThreshold(documentConfidence: 0.5, threshold: 0.69999999999999996, expectFields: True, scenario: "confidence below threshold") [4 ms]
  Passed NoLock.Social.Core.Tests.OCR.Services.CorrectionServiceTests.GetLowConfidenceFieldsAsync_RespectsThreshold(documentConfidence: 0.69999999999999996, threshold: 0.69999999999999996, expectFields: False, scenario: "confidence at threshold") [3 ms]
  Passed NoLock.Social.Core.Tests.OCR.Services.CorrectionServiceTests.GetLowConfidenceFieldsAsync_RespectsThreshold(documentConfidence: 0.80000000000000004, threshold: 0.69999999999999996, expectFields: False, scenario: "confidence above threshold") [< 1 ms]
  Passed NoLock.Social.Core.Tests.Cryptography.SecureMemoryManagerTests.SecureBuffer_CopyTo_ThrowsIfDestinationTooSmall [6 ms]
  Passed NoLock.Social.Core.Tests.Cryptography.SecureMemoryManagerTests.SecureBuffer_CopyTo_CopiesDataCorrectly [1 ms]
  Passed NoLock.Social.Core.Tests.OCR.Services.CorrectionServiceTests.CreateCorrectableDocumentAsync_ConfidenceThreshold_WorksCorrectly(confidence: 0.69999999999999996, expectLowConfidenceFields: False, scenario: "at threshold") [2 ms]
  Passed NoLock.Social.Core.Tests.Cryptography.SecureMemoryManagerTests.CreateSecureBuffer_WithSize_CreatesBufferOfCorrectSize [1 ms]
  Passed NoLock.Social.Core.Tests.OCR.Services.CorrectionServiceTests.CreateCorrectableDocumentAsync_ConfidenceThreshold_WorksCorrectly(confidence: 0.90000000000000002, expectLowConfidenceFields: False, scenario: "high confidence") [< 1 ms]
  Passed NoLock.Social.Core.Tests.OCR.Services.CorrectionServiceTests.CreateCorrectableDocumentAsync_ConfidenceThreshold_WorksCorrectly(confidence: 0.29999999999999999, expectLowConfidenceFields: True, scenario: "very low confidence") [< 1 ms]
  Passed NoLock.Social.Core.Tests.OCR.Services.CorrectionServiceTests.CreateCorrectableDocumentAsync_ConfidenceThreshold_WorksCorrectly(confidence: 0.59999999999999998, expectLowConfidenceFields: True, scenario: "below threshold") [< 1 ms]
  Passed NoLock.Social.Core.Tests.Cryptography.SecureMemoryManagerTests.ClearAllBuffers_ClearsAllTrackedBuffers [< 1 ms]
  Passed NoLock.Social.Core.Tests.Cryptography.SecureMemoryManagerTests.SecureBuffer_AsSpan_ProvidesReadOnlyView [< 1 ms]
  Passed NoLock.Social.Core.Tests.OCR.Services.CorrectionServiceTests.GetCorrectionsAsync_InvalidDocumentId_ThrowsArgumentException(documentId: null, scenario: "null document ID") [4 ms]
  Passed NoLock.Social.Core.Tests.OCR.Services.CorrectionServiceTests.GetCorrectionsAsync_InvalidDocumentId_ThrowsArgumentException(documentId: "", scenario: "empty document ID") [< 1 ms]
  Passed NoLock.Social.Core.Tests.OCR.Services.CorrectionServiceTests.GetCorrectionsAsync_InvalidDocumentId_ThrowsArgumentException(documentId: "   ", scenario: "whitespace document ID") [< 1 ms]
  Passed NoLock.Social.Core.Tests.OCR.Services.CorrectionServiceTests.GetLowConfidenceFieldsAsync_ReturnsCorrectFieldsForDocumentType(documentType: "Unknown", expectedFieldCount: 0, scenario: "unknown document type") [< 1 ms]
  Passed NoLock.Social.Core.Tests.OCR.Services.CorrectionServiceTests.GetLowConfidenceFieldsAsync_ReturnsCorrectFieldsForDocumentType(documentType: "Receipt", expectedFieldCount: 6, scenario: "receipt fields") [< 1 ms]
  Passed NoLock.Social.Core.Tests.OCR.Services.CorrectionServiceTests.GetLowConfidenceFieldsAsync_ReturnsCorrectFieldsForDocumentType(documentType: "W4", expectedFieldCount: 5, scenario: "W4 fields") [< 1 ms]
  Passed NoLock.Social.Core.Tests.OCR.Services.CorrectionServiceTests.GetLowConfidenceFieldsAsync_ReturnsCorrectFieldsForDocumentType(documentType: "Check", expectedFieldCount: 6, scenario: "check fields") [< 1 ms]
  Passed NoLock.Social.Core.Tests.Accessibility.Services.VoiceCommandServiceTests.DisposeAsync_ShouldClearCommands [76 ms]
  Passed NoLock.Social.Core.Tests.Security.SecurityServiceTests.HstsConfig_GeneratesCorrectHeaderValue(enabled: True, includeSubDomains: True, preload: False, expectedHeader: "max-age=31536000; includeSubDomains") [81 ms]
  Passed NoLock.Social.Core.Tests.Security.SecurityServiceTests.HstsConfig_GeneratesCorrectHeaderValue(enabled: True, includeSubDomains: True, preload: True, expectedHeader: "max-age=31536000; includeSubDomains; preload") [< 1 ms]
  Passed NoLock.Social.Core.Tests.Security.SecurityServiceTests.HstsConfig_GeneratesCorrectHeaderValue(enabled: True, includeSubDomains: False, preload: True, expectedHeader: "max-age=31536000; preload") [< 1 ms]
  Passed NoLock.Social.Core.Tests.Security.SecurityServiceTests.HstsConfig_GeneratesCorrectHeaderValue(enabled: False, includeSubDomains: True, preload: True, expectedHeader: "") [< 1 ms]
  Passed NoLock.Social.Core.Tests.Accessibility.Services.VoiceCommandServiceTests.GetCommandsAsync_ShouldReturnCopyOfCommands [3 ms]
  Passed NoLock.Social.Core.Tests.Security.SecurityServiceTests.CookieSecurity_HasCorrectDefaultSettings [2 ms]
  Passed NoLock.Social.Core.Tests.Security.SecurityServiceTests.SubresourceIntegrity_ManagesResourceHashes [< 1 ms]
  Passed NoLock.Social.Core.Tests.Accessibility.Services.VoiceCommandServiceTests.SetCommandsAsync_ShouldThrowObjectDisposedException_WhenDisposed [1 ms]
  Passed NoLock.Social.Core.Tests.Cryptography.ReactiveSessionStateServiceTests.GetRemainingTime_WhenLocked_ShouldReturnZero [87 ms]
  Passed NoLock.Social.Core.Tests.Cryptography.ReactiveSessionStateServiceTests.GetRemainingTime_AfterUpdateActivity_ShouldReturnCorrectTime [1 ms]
  Passed NoLock.Social.Core.Tests.Cryptography.ReactiveSessionStateServiceTests.CheckTimeoutAsync_WhenUnlocked_ShouldNotCauseRecursiveLock [3 ms]
  Passed NoLock.Social.Core.Tests.Accessibility.Services.VoiceCommandServiceTests.DisposeAsync_ShouldHandleExceptionsGracefully [15 ms]
  Passed NoLock.Social.Core.Tests.Performance.PerformanceMonitoringServiceTests.SetThresholds_ViolationTriggersAlert [55 ms]
  Passed NoLock.Social.Core.Tests.Performance.PerformanceMonitoringServiceTests.RecordMetric_HandlesException [< 1 ms]
  Passed NoLock.Social.Core.Tests.OCR.Services.CorrectionServiceTests.GetFieldValidationRulesAsync_DelegatesToValidationService [29 ms]
  Passed NoLock.Social.Core.Tests.Accessibility.Services.VoiceCommandServiceTests.DisposeAsync_ShouldStopListening_WhenCurrentlyListening [5 ms]
  Passed NoLock.Social.Core.Tests.Security.SecurityServiceTests.ConfigureSecureCookiesAsync_LogsInformationMessages [22 ms]
  Passed NoLock.Social.Core.Tests.OCR.Services.CorrectionServiceTests.CancelCorrectionsAsync_InvalidDocumentId_ThrowsArgumentException(documentId: "", scenario: "empty document ID") [1 ms]
  Passed NoLock.Social.Core.Tests.OCR.Services.CorrectionServiceTests.CancelCorrectionsAsync_InvalidDocumentId_ThrowsArgumentException(documentId: "   ", scenario: "whitespace document ID") [< 1 ms]
  Passed NoLock.Social.Core.Tests.OCR.Services.CorrectionServiceTests.CancelCorrectionsAsync_InvalidDocumentId_ThrowsArgumentException(documentId: null, scenario: "null document ID") [< 1 ms]
  Passed NoLock.Social.Core.Tests.OCR.Services.CorrectionServiceTests.CalculateUpdatedConfidence_VariousScenarios_CalculatesCorrectly(originalConfidence: 0.59999999999999998, wasChanged: False, isValid: True, expectedMinConfidence: 0.80000000000000004, scenario: "user confirmed, valid") [< 1 ms]
  Passed NoLock.Social.Core.Tests.OCR.Services.CorrectionServiceTests.CalculateUpdatedConfidence_VariousScenarios_CalculatesCorrectly(originalConfidence: 0.69999999999999996, wasChanged: True, isValid: True, expectedMinConfidence: 0.90000000000000002, scenario: "medium confidence, changed to valid") [< 1 ms]
  Passed NoLock.Social.Core.Tests.OCR.Services.CorrectionServiceTests.CalculateUpdatedConfidence_VariousScenarios_CalculatesCorrectly(originalConfidence: 0.80000000000000004, wasChanged: True, isValid: False, expectedMinConfidence: 0.40000000000000002, scenario: "high confidence, changed to invalid") [< 1 ms]
  Passed NoLock.Social.Core.Tests.OCR.Services.CorrectionServiceTests.CalculateUpdatedConfidence_VariousScenarios_CalculatesCorrectly(originalConfidence: 0.5, wasChanged: True, isValid: True, expectedMinConfidence: 0.90000000000000002, scenario: "low confidence, changed to valid") [< 1 ms]
  Passed NoLock.Social.Core.Tests.OCR.Services.CorrectionServiceTests.CalculateUpdatedConfidence_VariousScenarios_CalculatesCorrectly(originalConfidence: 0.90000000000000002, wasChanged: False, isValid: True, expectedMinConfidence: 1, scenario: "user confirmed high confidence") [< 1 ms]
  Passed NoLock.Social.Core.Tests.Security.SecurityServiceTests.ContentSecurityPolicy_GeneratesPolicyString_WithUpgradeInsecureRequests(upgradeInsecure: True, expectedDirective: "upgrade-insecure-requests") [2 ms]
  Passed NoLock.Social.Core.Tests.Accessibility.Services.VoiceCommandServiceTests.StopListeningAsync_ShouldLogWarning_WhenNotListening [2 ms]
  Passed NoLock.Social.Core.Tests.Security.SecurityServiceTests.ContentSecurityPolicy_GeneratesPolicyString_WithUpgradeInsecureRequests(upgradeInsecure: False, expectedDirective: null) [1 ms]
  Passed NoLock.Social.Core.Tests.Accessibility.Services.VoiceCommandServiceTests.StartListeningAsync_ShouldStartSuccessfully_WhenNotAlreadyListening [1 ms]
  Passed NoLock.Social.Core.Tests.Hashing.SHA256HashServiceTests.HashAsync_WithVariousByteInputs_ReturnsExpectedBase64Url(input: [0], expectedBase64Url: "AA") [41 ms]
  Passed NoLock.Social.Core.Tests.Hashing.SHA256HashServiceTests.HashAsync_WithVariousByteInputs_ReturnsExpectedBase64Url(input: [255], expectedBase64Url: "_w") [< 1 ms]
  Passed NoLock.Social.Core.Tests.Hashing.SHA256HashServiceTests.HashAsync_WithVariousByteInputs_ReturnsExpectedBase64Url(input: [], expectedBase64Url: "") [< 1 ms]
  Passed NoLock.Social.Core.Tests.Hashing.SHA256HashServiceTests.HashAsync_WithVariousByteInputs_ReturnsExpectedBase64Url(input: [0, 0, 0], expectedBase64Url: "AAAA") [< 1 ms]
  Passed NoLock.Social.Core.Tests.Accessibility.Services.VoiceCommandServiceTests.StopListeningAsync_ShouldThrowAndFireEvent_WhenJSExceptionOccurs [3 ms]
  Passed NoLock.Social.Core.Tests.Accessibility.Services.VoiceCommandServiceTests.DisposeAsync_ShouldBeIdempotent [< 1 ms]
  Passed NoLock.Social.Core.Tests.Identity.LoginAdapterServiceTests.LockAsync_Success_UpdatesState [116 ms]
  Passed NoLock.Social.Core.Tests.Security.SecurityServiceTests.ApplySecurityHeadersAsync_LogsInformationMessages [5 ms]
  Passed NoLock.Social.Core.Tests.Security.SecurityServiceTests.ConfigureSecureCookiesAsync_ThrowsOnJavaScriptError [2 ms]
  Passed NoLock.Social.Core.Tests.Identity.LoginAdapterServiceTests.IsReturningUserAsync_LoggedInReturningUser_ReturnsTrue [3 ms]
  Passed NoLock.Social.Core.Tests.Identity.LoginAdapterServiceTests.IsReturningUserAsync_NotLoggedIn_ReturnsFalse [< 1 ms]
  Passed NoLock.Social.Core.Tests.OCR.Services.CorrectionServiceTests.SaveCorrectionsAsync_ClearsPendingCorrections [12 ms]
  Passed NoLock.Social.Core.Tests.Accessibility.Services.VoiceCommandServiceTests.Constructor_ShouldThrowArgumentNullException_WhenJSRuntimeIsNull [6 ms]
  Passed NoLock.Social.Core.Tests.Security.SecurityServiceTests.ApplySecurityHeadersAsync_AppliesCspViaJavaScript [3 ms]
  Passed NoLock.Social.Core.Tests.Performance.PerformanceMonitoringServiceTests.RecordMetric_MultipleScenarios(operationName: "Op3", durationMs: 50, memoryBytes: 512, success: True, errorMessage: "") [16 ms]
  Passed NoLock.Social.Core.Tests.Performance.PerformanceMonitoringServiceTests.RecordMetric_MultipleScenarios(operationName: "Op2", durationMs: 200, memoryBytes: 2048, success: False, errorMessage: "Error") [< 1 ms]
  Passed NoLock.Social.Core.Tests.Performance.PerformanceMonitoringServiceTests.RecordMetric_MultipleScenarios(operationName: "Op1", durationMs: 100, memoryBytes: 1024, success: True, errorMessage: "") [< 1 ms]
  Passed NoLock.Social.Core.Tests.Performance.PerformanceMonitoringServiceTests.RecordMetric_MultipleScenarios(operationName: "Op4", durationMs: 300, memoryBytes: 4096, success: False, errorMessage: "Timeout") [< 1 ms]
  Passed NoLock.Social.Core.Tests.Identity.LoginAdapterServiceTests.LoginAsync_SessionStartFails_ReturnsError [2 ms]
  Passed NoLock.Social.Core.Tests.Performance.PerformanceMonitoringServiceTests.AlertSeverity_HasCorrectValues(severity: Critical, expectedValue: 3) [< 1 ms]
  Passed NoLock.Social.Core.Tests.Performance.PerformanceMonitoringServiceTests.AlertSeverity_HasCorrectValues(severity: Warning, expectedValue: 1) [< 1 ms]
  Passed NoLock.Social.Core.Tests.Performance.PerformanceMonitoringServiceTests.AlertSeverity_HasCorrectValues(severity: Error, expectedValue: 2) [< 1 ms]
  Passed NoLock.Social.Core.Tests.Performance.PerformanceMonitoringServiceTests.AlertSeverity_HasCorrectValues(severity: Info, expectedValue: 0) [< 1 ms]
  Passed NoLock.Social.Core.Tests.Performance.PerformanceMonitoringServiceTests.GetStatistics_WithNoData_ReturnsNull [< 1 ms]
  Passed NoLock.Social.Core.Tests.Accessibility.Services.VoiceCommandServiceTests.HandleSpeechError_ShouldFireErrorEvent_AndStopListening [1 ms]
  Passed NoLock.Social.Core.Tests.OCR.Services.CorrectionServiceTests.SaveCorrectionsAsync_ValidCorrections_SavesSuccessfully [3 ms]
  Passed NoLock.Social.Core.Tests.Security.SecurityServiceTests.ValidateCspAsync_ReturnsFalseOnException [2 ms]
  Passed NoLock.Social.Core.Tests.Performance.PerformanceMonitoringServiceTests.GetBrowserMetricsAsync_ReturnsCorrectData [2 ms]
  Passed NoLock.Social.Core.Tests.Accessibility.Services.VoiceCommandServiceTests.SetCommandsAsync_ShouldBeCaseInsensitive [6 ms]
  Passed NoLock.Social.Core.Tests.Identity.LoginAdapterServiceTests.LoginAsync_ReturningUser_Success [6 ms]
  Passed NoLock.Social.Core.Tests.Accessibility.Services.VoiceCommandServiceTests.Constructor_ShouldThrowArgumentNullException_WhenLoggerIsNull [< 1 ms]
  Passed NoLock.Social.Core.Tests.Accessibility.Services.VoiceCommandServiceTests.SetCommandsAsync_ShouldSetCommands_Successfully [< 1 ms]
  Passed NoLock.Social.Core.Tests.Cryptography.Extensions.DisposableExtensionsTests.CreateComposite_WithEmptyArray_ShouldCreateEmptyComposite [1 ms]
  Passed NoLock.Social.Core.Tests.Security.SecurityServiceTests.ValidateCspAsync_LogsValidationResult [8 ms]
  Passed NoLock.Social.Core.Tests.Cryptography.Extensions.DisposableExtensionsTests.AddTo_ShouldHandleMultipleDisposables(count: 5, scenario: "Multiple disposables") [2 ms]
  Passed NoLock.Social.Core.Tests.Cryptography.Extensions.DisposableExtensionsTests.AddTo_ShouldHandleMultipleDisposables(count: 10, scenario: "Many disposables") [< 1 ms]
  Passed NoLock.Social.Core.Tests.Cryptography.Extensions.DisposableExtensionsTests.AddTo_ShouldHandleMultipleDisposables(count: 1, scenario: "Single disposable") [< 1 ms]
  Passed NoLock.Social.Core.Tests.Cryptography.Extensions.DisposableExtensionsTests.AddTo_ShouldHandleMultipleDisposables(count: 100, scenario: "Large number of disposables") [< 1 ms]
  Passed NoLock.Social.Core.Tests.Accessibility.Services.VoiceCommandServiceTests.HandleSpeechError_ShouldNotThrow_WhenEventHandlerThrows [3 ms]
  Passed NoLock.Social.Core.Tests.Cryptography.Extensions.DisposableExtensionsTests.CreateComposite_WithMixedNullAndValidDisposables(totalCount: 10, validCount: 7) [< 1 ms]
  Passed NoLock.Social.Core.Tests.Cryptography.Extensions.DisposableExtensionsTests.CreateComposite_WithMixedNullAndValidDisposables(totalCount: 1, validCount: 1) [< 1 ms]
  Passed NoLock.Social.Core.Tests.Cryptography.Extensions.DisposableExtensionsTests.CreateComposite_WithMixedNullAndValidDisposables(totalCount: 20, validCount: 15) [< 1 ms]
  Passed NoLock.Social.Core.Tests.Cryptography.Extensions.DisposableExtensionsTests.CreateComposite_WithMixedNullAndValidDisposables(totalCount: 5, validCount: 3) [< 1 ms]
  Passed NoLock.Social.Core.Tests.Cryptography.Extensions.DisposableExtensionsTests.AddTo_ShouldAllowChaining [< 1 ms]
  Passed NoLock.Social.Core.Tests.Cryptography.Extensions.DisposableExtensionsTests.AddTo_WithNullDisposable_ShouldThrowArgumentNullException [< 1 ms]
  Passed NoLock.Social.Core.Tests.Hashing.SHA256HashServiceTests.HashAsync_EnsuresUrlSafeEncoding_ReplacesSpecialCharacters [22 ms]
  Passed NoLock.Social.Core.Tests.Security.SecurityServiceTests.ConfigureSecureCookiesAsync_ConfiguresCookieSettingsViaJavaScript [4 ms]
  Passed NoLock.Social.Core.Tests.Accessibility.Services.VoiceCommandServiceTests.StartListeningAsync_ShouldLogWarning_WhenAlreadyListening [2 ms]
  Passed NoLock.Social.Core.Tests.OCR.Services.CorrectionServiceTests.RevertFieldCorrectionAsync_RemovesSpecificCorrection [13 ms]
  Passed NoLock.Social.Core.Tests.OCR.Services.CorrectionServiceTests.ApplyFieldCorrectionAsync_UpdatesHasUnsavedChanges [< 1 ms]
  Passed NoLock.Social.Core.Tests.Accessibility.Services.VoiceCommandServiceTests.SetCommandsAsync_ShouldThrowArgumentNullException_WhenCommandsIsNull [1 ms]
  Passed NoLock.Social.Core.Tests.OCR.Services.CorrectionServiceTests.CompleteWorkflow_CreateApplySaveLoad_WorksCorrectly [1 ms]
  Passed NoLock.Social.Core.Tests.Cryptography.Extensions.DisposableExtensionsTests.CompositeDisposable_ShouldNotDisposeItemsTwice [3 ms]
  Passed NoLock.Social.Core.Tests.OCR.Services.CorrectionServiceTests.RevertFieldCorrectionAsync_InvalidParameters_ThrowsArgumentException(documentId: null, fieldName: "field", scenario: "null document ID") [< 1 ms]
  Passed NoLock.Social.Core.Tests.OCR.Services.CorrectionServiceTests.RevertFieldCorrectionAsync_InvalidParameters_ThrowsArgumentException(documentId: "docId", fieldName: null, scenario: "null field name") [< 1 ms]
  Passed NoLock.Social.Core.Tests.OCR.Services.CorrectionServiceTests.RevertFieldCorrectionAsync_InvalidParameters_ThrowsArgumentException(documentId: "docId", fieldName: "", scenario: "empty field name") [< 1 ms]
  Passed NoLock.Social.Core.Tests.OCR.Services.CorrectionServiceTests.RevertFieldCorrectionAsync_NonExistentField_DoesNotThrow [< 1 ms]
  Passed NoLock.Social.Core.Tests.Accessibility.Services.VoiceCommandServiceTests.OnSpeechRecognized_ShouldIgnore_WhenRecognizedTextIsEmpty [1 ms]
  Passed NoLock.Social.Core.Tests.Security.SecurityServiceTests.ApplySecurityHeadersAsync_ThrowsOnJavaScriptError [5 ms]
  Passed NoLock.Social.Core.Tests.Accessibility.Services.VoiceCommandServiceTests.StartListeningAsync_ShouldThrowObjectDisposedException_WhenDisposed [1 ms]
  Passed NoLock.Social.Core.Tests.Security.SecurityServiceTests.Configuration_ReturnsValidSecurityConfiguration [< 1 ms]
  Passed NoLock.Social.Core.Tests.Accessibility.Services.VoiceCommandServiceTests.OnSpeechRecognized_ShouldExecuteMatchingCommand_CaseInsensitive [1 ms]
  Passed NoLock.Social.Core.Tests.Accessibility.Services.VoiceCommandServiceTests.OnSpeechRecognized_ShouldNotExecuteCommand_WhenNoMatch [< 1 ms]
  Passed NoLock.Social.Core.Tests.Security.SecurityServiceTests.ValidateCspAsync_ReturnsTrueWhenCspIsValid [2 ms]
  Passed NoLock.Social.Core.Tests.Cryptography.Extensions.DisposableExtensionsTests.SafeDispose_ShouldHandleNullGracefully(hasValue: False, scenario: "Null disposable") [5 ms]
  Passed NoLock.Social.Core.Tests.Accessibility.Services.VoiceCommandServiceTests.OnSpeechRecognized_ShouldHandleCommandException_AndFireErrorEvent [1 ms]
  Passed NoLock.Social.Core.Tests.Hashing.SHA256HashServiceTests.HashAsync_WithNullInput_ThrowsArgumentNullException [9 ms]
  Passed NoLock.Social.Core.Tests.Cryptography.Extensions.DisposableExtensionsTests.SafeDispose_ShouldHandleNullGracefully(hasValue: True, scenario: "Non-null disposable") [< 1 ms]
  Passed NoLock.Social.Core.Tests.Accessibility.Services.VoiceCommandServiceTests.IsSpeechRecognitionSupportedAsync_ShouldReturnTrue_WhenSupported [1 ms]
  Passed NoLock.Social.Core.Tests.Cryptography.Extensions.DisposableExtensionsTests.SafeDispose_ShouldNotThrowOnDisposalException [1 ms]
  Passed NoLock.Social.Core.Tests.Cryptography.Extensions.DisposableExtensionsTests.AddTo_ShouldAddDisposableToComposite [< 1 ms]
  Passed NoLock.Social.Core.Tests.Cryptography.Extensions.DisposableExtensionsTests.CreateComposite_ShouldCreateWithProvidedDisposables(count: 3, scenario: "Multiple disposables") [< 1 ms]
  Passed NoLock.Social.Core.Tests.Cryptography.Extensions.DisposableExtensionsTests.CreateComposite_ShouldCreateWithProvidedDisposables(count: 1, scenario: "Single disposable") [< 1 ms]
  Passed NoLock.Social.Core.Tests.Cryptography.Extensions.DisposableExtensionsTests.CreateComposite_ShouldCreateWithProvidedDisposables(count: 0, scenario: "Empty array") [< 1 ms]
  Passed NoLock.Social.Core.Tests.Cryptography.Extensions.DisposableExtensionsTests.CreateComposite_ShouldCreateWithProvidedDisposables(count: 10, scenario: "Many disposables") [< 1 ms]
  Passed NoLock.Social.Core.Tests.Accessibility.Services.VoiceCommandServiceTests.IsSpeechRecognitionSupportedAsync_ShouldReturnFalse_WhenNotSupported [1 ms]
  Passed NoLock.Social.Core.Tests.Accessibility.Services.VoiceCommandServiceTests.OnSpeechRecognized_ShouldExecuteMatchingCommand_ExactMatch [< 1 ms]
  Passed NoLock.Social.Core.Tests.Hashing.SHA256HashServiceTests.HashAsync_WithByteArrayInput_ReturnsBase64UrlString [4 ms]
  Passed NoLock.Social.Core.Tests.Cryptography.Extensions.DisposableExtensionsTests.CreateComposite_ShouldIgnoreNullDisposables [1 ms]
  Passed NoLock.Social.Core.Tests.Accessibility.Services.VoiceCommandServiceTests.Constructor_ShouldInitializeSuccessfully_WithValidDependencies [< 1 ms]
  Passed NoLock.Social.Core.Tests.Security.SecurityServiceTests.ConfigureSecureCookiesAsync_AppliesCorrectSecurityFlags [14 ms]
  Passed NoLock.Social.Core.Tests.Security.SecurityServiceTests.ValidateCspAsync_ChecksForRequiredDirectives [3 ms]
  Passed NoLock.Social.Core.Tests.Security.SecurityServiceTests.ValidateCspAsync_ReturnsFalseWhenCspIsInvalid [< 1 ms]
  Passed NoLock.Social.Core.Tests.Identity.LoginAdapterServiceTests.OnSessionStateChanged_Expired_ClearsLoginState [34 ms]
  Passed NoLock.Social.Core.Tests.Identity.LoginAdapterServiceTests.LoginStateChanges_EmitsOnLock [1 ms]
  Passed NoLock.Social.Core.Tests.Cryptography.Extensions.DisposableExtensionsTests.AddTo_WithNullComposite_ShouldThrowArgumentNullException [< 1 ms]
  Passed NoLock.Social.Core.Tests.Security.SecurityConfigurationTests.SubresourceIntegrityConfig_GetIntegrityHash_ForNonExistentResource_ReturnsNull [< 1 ms]
  Passed NoLock.Social.Core.Tests.Security.SecurityConfigurationTests.ContentSecurityPolicy_GeneratePolicyString_ReturnsCorrectFormat [< 1 ms]
  Passed NoLock.Social.Core.Tests.Security.SecurityConfigurationTests.HstsConfig_WithOnlyMaxAge_ReturnsSimpleFormat [< 1 ms]
  Passed NoLock.Social.Core.Tests.Security.SecurityConfigurationTests.SubresourceIntegrityConfig_AddAndGetResourceHash_WorksCorrectly [< 1 ms]
  Passed NoLock.Social.Core.Tests.Security.SecurityConfigurationTests.SecurityConfiguration_DefaultConfiguration_HasSecureDefaults [< 1 ms]
  Passed NoLock.Social.Core.Tests.Security.SecurityConfigurationTests.HstsConfig_WhenDisabled_ReturnsEmptyString [< 1 ms]
  Passed NoLock.Social.Core.Tests.Security.SecurityConfigurationTests.CookieSecurityConfig_DefaultValues_AreSecure [< 1 ms]
  Passed NoLock.Social.Core.Tests.Security.SecurityConfigurationTests.ContentSecurityPolicy_WithoutUpgradeInsecureRequests_DoesNotIncludeDirective [< 1 ms]
  Passed NoLock.Social.Core.Tests.Security.SecurityConfigurationTests.HstsConfig_GenerateHeaderValue_WithAllOptions_ReturnsCorrectFormat [< 1 ms]
  Passed NoLock.Social.Core.Tests.Performance.PerformanceStatisticsTests.PerformanceStatistics_SuccessRate_ShouldCalculateCorrectly(total: 0, successful: 0, expectedRate: 0) [< 1 ms]
  Passed NoLock.Social.Core.Tests.Performance.PerformanceStatisticsTests.PerformanceStatistics_SuccessRate_ShouldCalculateCorrectly(total: 3, successful: 2, expectedRate: 66.666666666666671) [< 1 ms]
  Passed NoLock.Social.Core.Tests.Performance.PerformanceStatisticsTests.PerformanceStatistics_SuccessRate_ShouldCalculateCorrectly(total: 100, successful: 0, expectedRate: 0) [< 1 ms]
  Passed NoLock.Social.Core.Tests.Performance.PerformanceStatisticsTests.PerformanceStatistics_SuccessRate_ShouldCalculateCorrectly(total: 1000, successful: 999, expectedRate: 99.900000000000006) [< 1 ms]
  Passed NoLock.Social.Core.Tests.Performance.PerformanceStatisticsTests.PerformanceStatistics_SuccessRate_ShouldCalculateCorrectly(total: 100, successful: 50, expectedRate: 50) [< 1 ms]
  Passed NoLock.Social.Core.Tests.Performance.PerformanceStatisticsTests.PerformanceStatistics_SuccessRate_ShouldCalculateCorrectly(total: 100, successful: 75, expectedRate: 75) [< 1 ms]
  Passed NoLock.Social.Core.Tests.Performance.PerformanceStatisticsTests.PerformanceStatistics_SuccessRate_ShouldCalculateCorrectly(total: 100, successful: 25, expectedRate: 25) [< 1 ms]
  Passed NoLock.Social.Core.Tests.Performance.PerformanceStatisticsTests.PerformanceStatistics_SuccessRate_ShouldCalculateCorrectly(total: 100, successful: 100, expectedRate: 100) [< 1 ms]
  Passed NoLock.Social.Core.Tests.Performance.PerformanceStatisticsTests.PerformanceStatistics_AverageMemoryUsedBytes_ShouldStore(memoryBytes: 9223372036854775807) [< 1 ms]
  Passed NoLock.Social.Core.Tests.Performance.PerformanceStatisticsTests.PerformanceStatistics_AverageMemoryUsedBytes_ShouldStore(memoryBytes: 1048576) [< 1 ms]
  Passed NoLock.Social.Core.Tests.Performance.PerformanceStatisticsTests.PerformanceStatistics_AverageMemoryUsedBytes_ShouldStore(memoryBytes: 0) [< 1 ms]
  Passed NoLock.Social.Core.Tests.Performance.PerformanceStatisticsTests.PerformanceStatistics_AverageMemoryUsedBytes_ShouldStore(memoryBytes: 1024) [< 1 ms]
  Passed NoLock.Social.Core.Tests.Performance.PerformanceStatisticsTests.PerformanceStatistics_AverageMemoryUsedBytes_ShouldStore(memoryBytes: 12345678) [< 1 ms]
  Passed NoLock.Social.Core.Tests.Performance.PerformanceStatisticsTests.PerformanceStatistics_ExecutionTimestamps_ShouldStoreCorrectly [< 1 ms]
  Passed NoLock.Social.Core.Tests.Performance.PerformanceStatisticsTests.PerformanceStatistics_BasicProperties_ShouldWorkCorrectly(operationName: "Op1", total: 100, successful: 90, failed: 10) [< 1 ms]
  Passed NoLock.Social.Core.Tests.OCR.Services.CorrectionServiceTests.Dispose_ClearsAllSessions [24 ms]
  Passed NoLock.Social.Core.Tests.Performance.PerformanceStatisticsTests.PerformanceStatistics_BasicProperties_ShouldWorkCorrectly(operationName: "Op3", total: 50, successful: 25, failed: 25) [< 1 ms]
  Passed NoLock.Social.Core.Tests.Performance.PerformanceStatisticsTests.PerformanceStatistics_BasicProperties_ShouldWorkCorrectly(operationName: "Op2", total: 1000, successful: 950, failed: 50) [< 1 ms]
  Passed NoLock.Social.Core.Tests.Performance.PerformanceStatisticsTests.PerformanceStatistics_BasicProperties_ShouldWorkCorrectly(operationName: "Op4", total: 1, successful: 1, failed: 0) [< 1 ms]
  Passed NoLock.Social.Core.Tests.Performance.PerformanceStatisticsTests.PerformanceStatistics_BasicProperties_ShouldWorkCorrectly(operationName: "Op5", total: 0, successful: 0, failed: 0) [< 1 ms]
  Passed NoLock.Social.Core.Tests.Accessibility.Services.VoiceCommandServiceTests.StopListeningAsync_ShouldStopSuccessfully_WhenListening [20 ms]
  Passed NoLock.Social.Core.Tests.Identity.LoginAdapterServiceTests.LoginAsync_EmptyUsername_ReturnsError [4 ms]
  Passed NoLock.Social.Core.Tests.Performance.PerformanceStatisticsTests.PerformanceStatistics_DurationProperties_ShouldStoreCorrectly(minMs: 10, maxMs: 100, avgMs: 50, medianMs: 55, p95Ms: 90, p99Ms: 95) [< 1 ms]
  Passed NoLock.Social.Core.Tests.Performance.PerformanceStatisticsTests.PerformanceStatistics_DurationProperties_ShouldStoreCorrectly(minMs: 1, maxMs: 1000, avgMs: 500, medianMs: 500, p95Ms: 999, p99Ms: 999) [< 1 ms]
  Passed NoLock.Social.Core.Tests.Performance.PerformanceStatisticsTests.PerformanceStatistics_DurationProperties_ShouldStoreCorrectly(minMs: 0, maxMs: 0, avgMs: 0, medianMs: 0, p95Ms: 0, p99Ms: 0) [< 1 ms]
  Passed NoLock.Social.Core.Tests.Performance.PerformanceStatisticsTests.PerformanceStatistics_DurationProperties_ShouldStoreCorrectly(minMs: 100, maxMs: 500, avgMs: 300, medianMs: 300, p95Ms: 450, p99Ms: 490) [< 1 ms]
  Passed NoLock.Social.Core.Tests.Performance.PerformanceStatisticsTests.PerformanceStatistics_SuccessRate_EdgeCases(total: 100, successful: 50, expectedRate: 50, hasFailures: True) [< 1 ms]
  Passed NoLock.Social.Core.Tests.Performance.PerformanceStatisticsTests.PerformanceStatistics_SuccessRate_EdgeCases(total: 0, successful: 0, expectedRate: 0, hasFailures: False) [< 1 ms]
  Passed NoLock.Social.Core.Tests.Performance.PerformanceStatisticsTests.PerformanceStatistics_SuccessRate_EdgeCases(total: 100, successful: 100, expectedRate: 100, hasFailures: False) [< 1 ms]
  Passed NoLock.Social.Core.Tests.Performance.PerformanceStatisticsTests.PerformanceStatistics_SuccessRate_EdgeCases(total: 100, successful: 0, expectedRate: 0, hasFailures: True) [< 1 ms]
  Passed NoLock.Social.Core.Tests.Performance.PerformanceStatisticsTests.PerformanceStatistics_PercentileOrdering_ShouldBeValidated(minMs: 10, medianMs: 50, avgMs: 100, p95Ms: 200, p99Ms: 300, isValid: True) [< 1 ms]
  Passed NoLock.Social.Core.Tests.Accessibility.Services.VoiceCommandServiceTests.OnSpeechRecognized_ShouldExecuteMatchingCommand_PartialMatch [1 ms]
  Passed NoLock.Social.Core.Tests.Performance.PerformanceStatisticsTests.PerformanceStatistics_PercentileOrdering_ShouldBeValidated(minMs: 100, medianMs: 100, avgMs: 100, p95Ms: 100, p99Ms: 100, isValid: True) [< 1 ms]
  Passed NoLock.Social.Core.Tests.Performance.PerformanceStatisticsTests.PerformanceStatistics_PercentileOrdering_ShouldBeValidated(minMs: 300, medianMs: 200, avgMs: 100, p95Ms: 50, p99Ms: 10, isValid: False) [< 1 ms]
  Passed NoLock.Social.Core.Tests.Performance.PerformanceStatisticsTests.PerformanceStatistics_DefaultValues_ShouldBeCorrect [< 1 ms]
  Passed NoLock.Social.Core.Tests.Hashing.SHA256HashServiceTests.HashAsync_WithCustomObject_UsesSerializer [22 ms]
  Passed NoLock.Social.Core.Tests.Performance.PerformanceStatisticsTests.PerformanceStatistics_CompleteScenario_ShouldWorkCorrectly [< 1 ms]
  Passed NoLock.Social.Core.Tests.Hashing.SHA256HashServiceTests.HashAsync_WithStringInput_ReturnsBase64UrlString [1 ms]
  Passed NoLock.Social.Core.Tests.Identity.LoginAdapterServiceTests.LoginAsync_ClearsRememberedUsername_WhenNotChecked [3 ms]
  Passed NoLock.Social.Core.Tests.Hashing.SHA256HashServiceTests.HashAsync_WhenSerializerNotFound_ThrowsInvalidOperationException [< 1 ms]
  Passed NoLock.Social.Core.Tests.OCR.Services.CorrectionServiceTests.CreateCorrectableDocumentAsync_IdentifiesLowConfidenceFields [4 ms]
  Passed NoLock.Social.Core.Tests.Accessibility.Services.VoiceCommandServiceTests.IsSpeechRecognitionSupportedAsync_ShouldReturnFalse_WhenJSExceptionOccurs [3 ms]
  Passed NoLock.Social.Core.Tests.OCR.Services.CorrectionServiceTests.ValidateFieldAsync_DelegatesToValidationService [< 1 ms]
  Passed NoLock.Social.Core.Tests.Accessibility.Services.VoiceCommandServiceTests.StartListeningAsync_ShouldThrowAndFireEvent_WhenJSExceptionOccurs [1 ms]
  Passed NoLock.Social.Core.Tests.Cryptography.KeyDerivationServiceTests.DeriveMasterKeyAsync_WithEmptyUsername_ShouldThrow [4 ms]
  Passed NoLock.Social.Core.Tests.Identity.LoginAdapterServiceTests.LoginAsync_NewUser_Success [3 ms]
  Passed NoLock.Social.Core.Tests.Identity.LoginAdapterServiceTests.LoginAsync_EmptyPassphrase_ReturnsError [< 1 ms]
  Passed NoLock.Social.Core.Tests.Performance.BrowserPerformanceMetricsTests.BrowserPerformanceMetrics_DefaultValues_ShouldBeZero [2 ms]
  Passed NoLock.Social.Core.Tests.Performance.BrowserPerformanceMetricsTests.BrowserPerformanceMetrics_MemoryUsagePercentage_ShouldCalculateCorrectly(usedHeap: 0, totalHeap: 52428800, expectedPercentage: 0) [< 1 ms]
  Passed NoLock.Social.Core.Tests.Performance.BrowserPerformanceMetricsTests.BrowserPerformanceMetrics_MemoryUsagePercentage_ShouldCalculateCorrectly(usedHeap: 52428800, totalHeap: 52428800, expectedPercentage: 100) [3 ms]
  Passed NoLock.Social.Core.Tests.Performance.BrowserPerformanceMetricsTests.BrowserPerformanceMetrics_MemoryUsagePercentage_ShouldCalculateCorrectly(usedHeap: 10485760, totalHeap: 52428800, expectedPercentage: 20) [< 1 ms]
  Passed NoLock.Social.Core.Tests.Performance.BrowserPerformanceMetricsTests.BrowserPerformanceMetrics_MemoryUsagePercentage_ShouldCalculateCorrectly(usedHeap: 26214400, totalHeap: 52428800, expectedPercentage: 50) [< 1 ms]
  Passed NoLock.Social.Core.Tests.OCR.Services.CorrectionServiceTests.CancelCorrectionsAsync_RemovesUnsavedCorrections [7 ms]
  Passed NoLock.Social.Core.Tests.Identity.LoginAdapterServiceTests.IsReturningUserAsync_LoggedInNewUser_ReturnsFalse [4 ms]
  Passed NoLock.Social.Core.Tests.Performance.BrowserPerformanceMetricsTests.BrowserPerformanceMetrics_ShouldStoreValuesCorrectly(navigationStart: 2000, domContentLoaded: 800, loadComplete: 1500, firstContentfulPaint: 400, firstInputDelay: 100, cumulativeLayoutShift: 0.20000000000000001, usedJSHeapSize: 20971520, totalJSHeapSize: 104857600) [1 ms]
  Passed NoLock.Social.Core.Tests.Performance.BrowserPerformanceMetricsTests.BrowserPerformanceMetrics_ShouldStoreValuesCorrectly(navigationStart: 1000, domContentLoaded: 500, loadComplete: 1000, firstContentfulPaint: 250, firstInputDelay: 50, cumulativeLayoutShift: 0.10000000000000001, usedJSHeapSize: 10485760, totalJSHeapSize: 52428800) [< 1 ms]
  Passed NoLock.Social.Core.Tests.Performance.BrowserPerformanceMetricsTests.BrowserPerformanceMetrics_ShouldStoreValuesCorrectly(navigationStart: 5000, domContentLoaded: 2500, loadComplete: 4500, firstContentfulPaint: 1200, firstInputDelay: 150, cumulativeLayoutShift: 0.5, usedJSHeapSize: 31457280, totalJSHeapSize: 157286400) [< 1 ms]
  Passed NoLock.Social.Core.Tests.Performance.BrowserPerformanceMetricsTests.BrowserPerformanceMetrics_ShouldStoreValuesCorrectly(navigationStart: 0, domContentLoaded: 0, loadComplete: 0, firstContentfulPaint: 0, firstInputDelay: 0, cumulativeLayoutShift: 0, usedJSHeapSize: 0, totalJSHeapSize: 0) [< 1 ms]
  Passed NoLock.Social.Core.Tests.Identity.LoginAdapterServiceTests.LoginStateChanges_EmitsOnLogin [1 ms]
  Passed NoLock.Social.Core.Tests.Common.Guards.GuardTests.AgainstZeroOrNegative_WhenValueIsZeroOrNegative_ThrowsArgumentOutOfRangeException(value: -100) [8 ms]
  Passed NoLock.Social.Core.Tests.Identity.LoginAdapterServiceTests.OnSessionStateChanged_Unlock_UpdatesLoginState [< 1 ms]
  Passed NoLock.Social.Core.Tests.Common.Guards.GuardTests.AgainstZeroOrNegative_WhenValueIsZeroOrNegative_ThrowsArgumentOutOfRangeException(value: -1) [< 1 ms]
  Passed NoLock.Social.Core.Tests.Common.Guards.GuardTests.AgainstZeroOrNegative_WhenValueIsZeroOrNegative_ThrowsArgumentOutOfRangeException(value: 0) [< 1 ms]
  Passed NoLock.Social.Core.Tests.Common.Guards.GuardTests.AgainstZeroOrNegative_WhenValueIsZeroOrNegative_ThrowsArgumentOutOfRangeException(value: -2147483648) [< 1 ms]
  Passed NoLock.Social.Core.Tests.Common.Guards.GuardTests.AgainstInvalidOperation_WhenConditionIsTrue_DoesNotThrow [< 1 ms]
  Passed NoLock.Social.Core.Tests.Common.Guards.GuardTests.AgainstZeroOrNegative_WhenValueIsPositive_ReturnsValue(value: 100) [< 1 ms]
  Passed NoLock.Social.Core.Tests.Common.Guards.GuardTests.AgainstZeroOrNegative_WhenValueIsPositive_ReturnsValue(value: 2147483647) [< 1 ms]
  Passed NoLock.Social.Core.Tests.Common.Guards.GuardTests.AgainstZeroOrNegative_WhenValueIsPositive_ReturnsValue(value: 1) [< 1 ms]
  Passed NoLock.Social.Core.Tests.OCR.Services.CorrectionServiceTests.CalculateUpdatedConfidence_BoundsConfidenceCorrectly(originalConfidence: 1.5, scenario: "confidence above 1") [4 ms]
  Passed NoLock.Social.Core.Tests.Cryptography.Extensions.ReactiveExtensionsTests.SlidingWindow_ShouldCreateCorrectWindows(windowSize: 5, input: [1, 2, 3, 4, 5, ···], expectedWindows: 3, scenario: "Window size 5") [23 ms]
  Passed NoLock.Social.Core.Tests.OCR.Services.CorrectionServiceTests.CalculateUpdatedConfidence_BoundsConfidenceCorrectly(originalConfidence: -0.10000000000000001, scenario: "negative confidence") [< 1 ms]
  Passed NoLock.Social.Core.Tests.Cryptography.Extensions.ReactiveExtensionsTests.SlidingWindow_ShouldCreateCorrectWindows(windowSize: 3, input: [1, 2, 3, 4, 5], expectedWindows: 3, scenario: "Window size 3") [< 1 ms]
  Passed NoLock.Social.Core.Tests.Cryptography.Extensions.ReactiveExtensionsTests.SlidingWindow_ShouldCreateCorrectWindows(windowSize: 2, input: [1, 2, 3, 4], expectedWindows: 3, scenario: "Window size 2") [< 1 ms]
  Passed NoLock.Social.Core.Tests.OCR.Services.CorrectionServiceTests.SaveCorrectionsAsync_UpdatesDocumentConfidence [1 ms]
  Passed NoLock.Social.Core.Tests.Common.Guards.GuardTests.AgainstNullOrWhiteSpace_WhenValueIsInvalid_ThrowsArgumentException(value: "\n") [2 ms]
  Passed NoLock.Social.Core.Tests.Identity.LoginAdapterServiceTests.LoginStateChanges_EmitsOnLogout [4 ms]
  Passed NoLock.Social.Core.Tests.Common.Guards.GuardTests.AgainstNullOrWhiteSpace_WhenValueIsInvalid_ThrowsArgumentException(value: "\t") [< 1 ms]
  Passed NoLock.Social.Core.Tests.Common.Guards.GuardTests.AgainstNullOrWhiteSpace_WhenValueIsInvalid_ThrowsArgumentException(value: "   ") [< 1 ms]
  Passed NoLock.Social.Core.Tests.Common.Guards.GuardTests.AgainstNullOrWhiteSpace_WhenValueIsInvalid_ThrowsArgumentException(value: "\r\n") [< 1 ms]
  Passed NoLock.Social.Core.Tests.Common.Guards.GuardTests.AgainstNullOrWhiteSpace_WhenValueIsInvalid_ThrowsArgumentException(value: " ") [< 1 ms]
  Passed NoLock.Social.Core.Tests.Common.Guards.GuardTests.AgainstNullOrWhiteSpace_WhenValueIsInvalid_ThrowsArgumentException(value: null) [< 1 ms]
  Passed NoLock.Social.Core.Tests.Common.Guards.GuardTests.AgainstNullOrWhiteSpace_WhenValueIsInvalid_ThrowsArgumentException(value: "") [< 1 ms]
  Passed NoLock.Social.Core.Tests.Cryptography.KeyDerivationServiceTests.DeriveMasterKeyAsync_ShouldNormalizeUsername [12 ms]
  Passed NoLock.Social.Core.Tests.OCR.Services.CorrectionServiceTests.GetLowConfidenceFieldsAsync_NullDocument_ThrowsArgumentNullException [1 ms]
  Passed NoLock.Social.Core.Tests.Common.Guards.GuardTests.AgainstNullOrEmpty_WithCustomMessage_WhenInvalid_ThrowsWithMessage(value: null) [< 1 ms]
  Passed NoLock.Social.Core.Tests.Common.Guards.GuardTests.AgainstNullOrEmpty_WithCustomMessage_WhenInvalid_ThrowsWithMessage(value: "") [< 1 ms]
  Passed NoLock.Social.Core.Tests.Common.Guards.GuardTests.AgainstNullOrEmpty_WhenValueIsValid_ReturnsValue(value: " ") [< 1 ms]
  Passed NoLock.Social.Core.Tests.Common.Guards.GuardTests.AgainstNullOrEmpty_WhenValueIsValid_ReturnsValue(value: "  multiple words  ") [< 1 ms]
  Passed NoLock.Social.Core.Tests.Common.Guards.GuardTests.AgainstNullOrEmpty_WhenValueIsValid_ReturnsValue(value: "test") [< 1 ms]
  Passed NoLock.Social.Core.Tests.Common.Guards.GuardTests.AgainstNull_WhenValueIsNotNull_ReturnsValue [< 1 ms]
  Passed NoLock.Social.Core.Tests.Common.Guards.GuardTests.AgainstNegative_WhenValueIsZeroOrPositive_ReturnsValue(value: 0) [< 1 ms]
  Passed NoLock.Social.Core.Tests.Common.Guards.GuardTests.AgainstNegative_WhenValueIsZeroOrPositive_ReturnsValue(value: 2147483647) [< 1 ms]
  Passed NoLock.Social.Core.Tests.Common.Guards.GuardTests.AgainstNegative_WhenValueIsZeroOrPositive_ReturnsValue(value: 100) [< 1 ms]
  Passed NoLock.Social.Core.Tests.Common.Guards.GuardTests.AgainstNegative_WhenValueIsZeroOrPositive_ReturnsValue(value: 1) [< 1 ms]
  Passed NoLock.Social.Core.Tests.Common.Guards.GuardTests.AgainstOutOfRange_WhenValueIsInRange_ReturnsValue(value: 0, min: -5, max: 5) [< 1 ms]
  Passed NoLock.Social.Core.Tests.Common.Guards.GuardTests.AgainstOutOfRange_WhenValueIsInRange_ReturnsValue(value: 10, min: 0, max: 10) [< 1 ms]
  Passed NoLock.Social.Core.Tests.Common.Guards.GuardTests.AgainstOutOfRange_WhenValueIsInRange_ReturnsValue(value: -5, min: -10, max: 0) [< 1 ms]
  Passed NoLock.Social.Core.Tests.Common.Guards.GuardTests.AgainstOutOfRange_WhenValueIsInRange_ReturnsValue(value: 5, min: 0, max: 10) [< 1 ms]
  Passed NoLock.Social.Core.Tests.Common.Guards.GuardTests.AgainstOutOfRange_WhenValueIsInRange_ReturnsValue(value: 0, min: 0, max: 10) [< 1 ms]
  Passed NoLock.Social.Core.Tests.Common.Guards.GuardTests.Guard_CanChainMultipleChecks_Successfully [< 1 ms]
  Passed NoLock.Social.Core.Tests.Common.Guards.GuardTests.AgainstNullOrWhiteSpace_WhenValueIsValid_ReturnsValue(value: "test") [< 1 ms]
  Passed NoLock.Social.Core.Tests.Common.Guards.GuardTests.AgainstNullOrWhiteSpace_WhenValueIsValid_ReturnsValue(value: "trailing space ") [< 1 ms]
  Passed NoLock.Social.Core.Tests.Common.Guards.GuardTests.AgainstNullOrWhiteSpace_WhenValueIsValid_ReturnsValue(value: "test with spaces") [< 1 ms]
  Passed NoLock.Social.Core.Tests.Common.Guards.GuardTests.AgainstNullOrWhiteSpace_WhenValueIsValid_ReturnsValue(value: " leading space") [< 1 ms]
  Passed NoLock.Social.Core.Tests.OCR.Services.CorrectionServiceTests.SaveCorrectionsAsync_NoSession_ThrowsInvalidOperationException [2 ms]
  Passed NoLock.Social.Core.Tests.Common.Guards.GuardTests.AgainstNegative_WhenValueIsNegative_ThrowsArgumentOutOfRangeException(value: -1) [1 ms]
  Passed NoLock.Social.Core.Tests.Identity.LoginAdapterServiceTests.LoginAsync_KeyDerivationThrows_ReturnsError [6 ms]
  Passed NoLock.Social.Core.Tests.Common.Guards.GuardTests.AgainstNegative_WhenValueIsNegative_ThrowsArgumentOutOfRangeException(value: -2147483648) [2 ms]
  Passed NoLock.Social.Core.Tests.OCR.Services.CorrectionServiceTests.GetCorrectionsAsync_ReturnsAllCorrections [3 ms]
  Passed NoLock.Social.Core.Tests.Common.Guards.GuardTests.AgainstNegative_WhenValueIsNegative_ThrowsArgumentOutOfRangeException(value: -100) [< 1 ms]
  Passed NoLock.Social.Core.Tests.OCR.Services.CorrectionServiceTests.SaveCorrectionsAsync_WithValidationErrors_ThrowsInvalidOperationException [1 ms]
  Passed NoLock.Social.Core.Tests.Identity.LoginAdapterServiceTests.LogoutAsync_Success_ClearsAllState [2 ms]
  Passed NoLock.Social.Core.Tests.OCR.Services.CorrectionServiceTests.CancelCorrectionsAsync_KeepsSavedCorrections [3 ms]
  Passed NoLock.Social.Core.Tests.Common.Guards.GuardTests.AgainstNullOrEmpty_WhenValueIsNullOrEmpty_ThrowsArgumentException(value: "") [7 ms]
  Passed NoLock.Social.Core.Tests.OCR.Services.CorrectionServiceTests.GetCorrectionsAsync_NonExistentDocument_ReturnsEmpty [3 ms]
  Passed NoLock.Social.Core.Tests.Common.Guards.GuardTests.AgainstNullOrEmpty_WhenValueIsNullOrEmpty_ThrowsArgumentException(value: null) [< 1 ms]
  Passed NoLock.Social.Core.Tests.OCR.Services.CorrectionServiceTests.ApplyFieldCorrectionAsync_ValidCorrection_AppliesSuccessfully [< 1 ms]
  Passed NoLock.Social.Core.Tests.Common.Guards.GuardTests.AgainstNullOrWhiteSpace_WithCustomMessage_WhenInvalid_ThrowsWithMessage(value: "   ") [< 1 ms]
  Passed NoLock.Social.Core.Tests.Common.Guards.GuardTests.AgainstNullOrWhiteSpace_WithCustomMessage_WhenInvalid_ThrowsWithMessage(value: "") [< 1 ms]
  Passed NoLock.Social.Core.Tests.Common.Guards.GuardTests.AgainstNullOrWhiteSpace_WithCustomMessage_WhenInvalid_ThrowsWithMessage(value: null) [< 1 ms]
  Passed NoLock.Social.Core.Tests.OCR.Services.CorrectionServiceTests.ApplyFieldCorrectionAsync_InvalidParameters_ThrowsArgumentException(documentId: "docId", fieldName: "", scenario: "empty field name") [< 1 ms]
  Passed NoLock.Social.Core.Tests.OCR.Services.CorrectionServiceTests.ApplyFieldCorrectionAsync_InvalidParameters_ThrowsArgumentException(documentId: "docId", fieldName: null, scenario: "null field name") [< 1 ms]
  Passed NoLock.Social.Core.Tests.OCR.Services.CorrectionServiceTests.ApplyFieldCorrectionAsync_InvalidParameters_ThrowsArgumentException(documentId: null, fieldName: "fieldName", scenario: "null document ID") [< 1 ms]
  Passed NoLock.Social.Core.Tests.OCR.Services.CorrectionServiceTests.ApplyFieldCorrectionAsync_InvalidParameters_ThrowsArgumentException(documentId: "", fieldName: "fieldName", scenario: "empty document ID") [< 1 ms]
  Passed NoLock.Social.Core.Tests.Common.Guards.GuardTests.AgainstOutOfRange_WhenValueIsOutOfRange_ThrowsArgumentOutOfRangeException(value: 10, min: 0, max: 9) [< 1 ms]
  Passed NoLock.Social.Core.Tests.Identity.LoginAdapterServiceTests.LogoutAsync_SessionEndThrows_StillUpdatesState [5 ms]
  Passed NoLock.Social.Core.Tests.Common.Guards.GuardTests.AgainstOutOfRange_WhenValueIsOutOfRange_ThrowsArgumentOutOfRangeException(value: -1, min: 0, max: 10) [< 1 ms]
  Passed NoLock.Social.Core.Tests.Common.Guards.GuardTests.AgainstOutOfRange_WhenValueIsOutOfRange_ThrowsArgumentOutOfRangeException(value: 11, min: 0, max: 10) [< 1 ms]
  Passed NoLock.Social.Core.Tests.Common.Guards.GuardTests.AgainstOutOfRange_WhenValueIsOutOfRange_ThrowsArgumentOutOfRangeException(value: 0, min: 1, max: 10) [< 1 ms]
  Passed NoLock.Social.Core.Tests.OCR.Services.CheckOCRServiceTests.SubmitDocumentAsync_CheckModelWithNullFields_HandlesGracefully [21 ms]
  Passed NoLock.Social.Core.Tests.OCR.Services.CorrectionServiceTests.ApplyFieldCorrectionAsync_MultipleCorrectionsSameField_OverwritesPrevious [1 ms]
  Passed NoLock.Social.Core.Tests.OCR.Services.CorrectionServiceTests.ApplyFieldCorrectionAsync_NonExistentSession_ThrowsInvalidOperationException [< 1 ms]
  Passed NoLock.Social.Core.Tests.OCR.Services.CorrectionServiceTests.CreateCorrectableDocumentAsync_NullDocument_ThrowsArgumentNullException [< 1 ms]
  Passed NoLock.Social.Core.Tests.Common.Guards.GuardTests.AgainstNull_WhenValueIsNull_ThrowsArgumentNullException [< 1 ms]
  Passed NoLock.Social.Core.Tests.Common.Guards.GuardTests.AgainstNull_WithCustomMessage_WhenValueIsNull_ThrowsWithMessage [< 1 ms]
  Passed NoLock.Social.Core.Tests.OCR.Services.CorrectionServiceTests.ApplyFieldCorrectionAsync_InvalidValue_ReturnsValidationErrors [< 1 ms]
  Passed NoLock.Social.Core.Tests.Performance.PerformanceMonitoringServiceTests.StartOperation_RecordsMetrics_Successfully [80 ms]
  Passed NoLock.Social.Core.Tests.Common.Guards.GuardTests.AgainstInvalidOperation_MultipleScenarios_BehavesCorrectly(condition: True, message: "No error") [< 1 ms]
  Passed NoLock.Social.Core.Tests.OCR.Services.CheckOCRServiceTests.SubmitDocumentAsync_ErrorInResponse_LogsError [2 ms]
  Passed NoLock.Social.Core.Tests.Common.Guards.GuardTests.AgainstInvalidOperation_MultipleScenarios_BehavesCorrectly(condition: False, message: "Error occurred") [< 1 ms]
  Passed NoLock.Social.Core.Tests.OCR.Configuration.OCRServiceOptionsTests.TimeoutSeconds_Validation_BehavesCorrectly(timeoutSeconds: 300, expectedValid: True, expectedMessage: "") [3 ms]
  Passed NoLock.Social.Core.Tests.OCR.Configuration.OCRServiceOptionsTests.TimeoutSeconds_Validation_BehavesCorrectly(timeoutSeconds: 1, expectedValid: True, expectedMessage: "") [< 1 ms]
  Passed NoLock.Social.Core.Tests.OCR.Configuration.OCRServiceOptionsTests.TimeoutSeconds_Validation_BehavesCorrectly(timeoutSeconds: 0, expectedValid: False, expectedMessage: "must be greater than 0") [< 1 ms]
  Passed NoLock.Social.Core.Tests.OCR.Configuration.OCRServiceOptionsTests.TimeoutSeconds_Validation_BehavesCorrectly(timeoutSeconds: 30, expectedValid: True, expectedMessage: "") [< 1 ms]
  Passed NoLock.Social.Core.Tests.Common.Guards.GuardTests.AgainstInvalidOperation_WhenConditionIsFalse_ThrowsInvalidOperationException [< 1 ms]
  Passed NoLock.Social.Core.Tests.Performance.PerformanceMonitoringServiceTests.GetAllStatistics_ReturnsAllOperationStats [< 1 ms]
  Passed NoLock.Social.Core.Tests.OCR.Configuration.OCRServiceOptionsTests.TimeoutSeconds_Validation_BehavesCorrectly(timeoutSeconds: 301, expectedValid: True, expectedMessage: "high value") [< 1 ms]
  Passed NoLock.Social.Core.Tests.OCR.Configuration.OCRServiceOptionsTests.TimeoutSeconds_Validation_BehavesCorrectly(timeoutSeconds: -1, expectedValid: False, expectedMessage: "must be greater than 0") [< 1 ms]
  Passed NoLock.Social.Core.Tests.OCR.Configuration.OCRServiceOptionsTests.PollingConfiguration_WhenNull_ValidationPasses [< 1 ms]
  Passed NoLock.Social.Core.Tests.Common.Guards.GuardTests.AgainstNull_WithCustomMessage_WhenValueIsNotNull_ReturnsValue [< 1 ms]
  Passed NoLock.Social.Core.Tests.Performance.PerformanceMonitoringServiceTests.PerformanceThresholds_IsViolated_ChecksCorrectly [< 1 ms]
  Passed NoLock.Social.Core.Tests.OCR.Configuration.OCRServiceOptionsTests.CacheExpirationMinutes_Validation_BehavesCorrectly(cacheExpiration: 1440, expectedValid: True, expectedMessage: "") [< 1 ms]
  Passed NoLock.Social.Core.Tests.Common.Guards.GuardTests.Guard_WithComplexObject_WorksCorrectly [< 1 ms]
  Passed NoLock.Social.Core.Tests.OCR.Configuration.OCRServiceOptionsTests.CacheExpirationMinutes_Validation_BehavesCorrectly(cacheExpiration: null, expectedValid: True, expectedMessage: "") [< 1 ms]
  Passed NoLock.Social.Core.Tests.OCR.Configuration.OCRServiceOptionsTests.CacheExpirationMinutes_Validation_BehavesCorrectly(cacheExpiration: 1, expectedValid: True, expectedMessage: "") [< 1 ms]
  Passed NoLock.Social.Core.Tests.OCR.Configuration.OCRServiceOptionsTests.CacheExpirationMinutes_Validation_BehavesCorrectly(cacheExpiration: 1441, expectedValid: True, expectedMessage: "high value") [< 1 ms]
  Passed NoLock.Social.Core.Tests.OCR.Configuration.OCRServiceOptionsTests.CacheExpirationMinutes_Validation_BehavesCorrectly(cacheExpiration: 0, expectedValid: False, expectedMessage: "must be greater than 0") [< 1 ms]
  Passed NoLock.Social.Core.Tests.OCR.Configuration.OCRServiceOptionsTests.CacheExpirationMinutes_Validation_BehavesCorrectly(cacheExpiration: 60, expectedValid: True, expectedMessage: "") [< 1 ms]
  Passed NoLock.Social.Core.Tests.OCR.Configuration.OCRServiceOptionsTests.CacheExpirationMinutes_Validation_BehavesCorrectly(cacheExpiration: -1, expectedValid: False, expectedMessage: "must be greater than 0") [< 1 ms]
  Passed NoLock.Social.Core.Tests.Common.Guards.GuardTests.Guard_WithNullComplexObject_ThrowsCorrectly [< 1 ms]
  Passed NoLock.Social.Core.Tests.OCR.Configuration.OCRServiceOptionsTests.WakeLockReason_WhenTooLong_ValidationWarns [< 1 ms]
  Passed NoLock.Social.Core.Tests.OCR.Services.CorrectionServiceTests.CompleteWorkflow_WithPartialRevert_HandlesCorrectly [4 ms]
  Passed NoLock.Social.Core.Tests.OCR.Services.CheckOCRServiceTests.SubmitDocumentAsync_WithCancellation_PropagatesCancellationToken [4 ms]
  Passed NoLock.Social.Core.Tests.Identity.RememberMeServiceTests.RememberUsernameAsync_NullUsername_ThrowsArgumentException [3 ms]
  Passed NoLock.Social.Core.Tests.OCR.Services.CheckOCRServiceTests.SubmitDocumentAsync_WrongDocumentType_ThrowsArgumentException [1 ms]
  Passed NoLock.Social.Core.Tests.OCR.Configuration.OCRServiceOptionsTests.MaxRetryAttempts_Validation_BehavesCorrectly(maxRetryAttempts: 11, expectedValid: True, expectedMessage: "high value") [7 ms]
  Passed NoLock.Social.Core.Tests.OCR.Configuration.OCRServiceOptionsTests.MaxRetryAttempts_Validation_BehavesCorrectly(maxRetryAttempts: 3, expectedValid: True, expectedMessage: "") [< 1 ms]
  Passed NoLock.Social.Core.Tests.OCR.Configuration.OCRServiceOptionsTests.MaxRetryAttempts_Validation_BehavesCorrectly(maxRetryAttempts: 10, expectedValid: True, expectedMessage: "") [< 1 ms]
  Passed NoLock.Social.Core.Tests.OCR.Configuration.OCRServiceOptionsTests.MaxRetryAttempts_Validation_BehavesCorrectly(maxRetryAttempts: -1, expectedValid: False, expectedMessage: "cannot be negative") [< 1 ms]
  Passed NoLock.Social.Core.Tests.OCR.Configuration.OCRServiceOptionsTests.MaxRetryAttempts_Validation_BehavesCorrectly(maxRetryAttempts: 0, expectedValid: True, expectedMessage: "") [< 1 ms]
  Passed NoLock.Social.Core.Tests.OCR.Configuration.OCRServiceOptionsTests.MinimumConfidenceThreshold_Validation_BehavesCorrectly(threshold: 0, expectedValid: True, expectedMessage: "") [< 1 ms]
  Passed NoLock.Social.Core.Tests.OCR.Configuration.OCRServiceOptionsTests.MinimumConfidenceThreshold_Validation_BehavesCorrectly(threshold: 0.40000000000000002, expectedValid: True, expectedMessage: "low value") [< 1 ms]
  Passed NoLock.Social.Core.Tests.OCR.Configuration.OCRServiceOptionsTests.MinimumConfidenceThreshold_Validation_BehavesCorrectly(threshold: 1.1000000000000001, expectedValid: False, expectedMessage: "between 0.0 and 1.0") [< 1 ms]
  Passed NoLock.Social.Core.Tests.OCR.Configuration.OCRServiceOptionsTests.MinimumConfidenceThreshold_Validation_BehavesCorrectly(threshold: -0.10000000000000001, expectedValid: False, expectedMessage: "between 0.0 and 1.0") [< 1 ms]
  Passed NoLock.Social.Core.Tests.OCR.Configuration.OCRServiceOptionsTests.MinimumConfidenceThreshold_Validation_BehavesCorrectly(threshold: 1, expectedValid: True, expectedMessage: "") [< 1 ms]
  Passed NoLock.Social.Core.Tests.OCR.Configuration.OCRServiceOptionsTests.MinimumConfidenceThreshold_Validation_BehavesCorrectly(threshold: 0.5, expectedValid: True, expectedMessage: "") [< 1 ms]
  Passed NoLock.Social.Core.Tests.OCR.Configuration.OCRServiceOptionsTests.MinimumConfidenceThreshold_Validation_BehavesCorrectly(threshold: 0.69999999999999996, expectedValid: True, expectedMessage: "") [< 1 ms]
  Passed NoLock.Social.Core.Tests.OCR.Configuration.OCRServiceOptionsTests.BaseUrl_Validation_BehavesCorrectly(baseUrl: "https://api.example.com", expectedValid: True, expectedError: "") [< 1 ms]
  Passed NoLock.Social.Core.Tests.OCR.Configuration.OCRServiceOptionsTests.BaseUrl_Validation_BehavesCorrectly(baseUrl: "", expectedValid: False, expectedError: "BaseUrl is required") [< 1 ms]
  Passed NoLock.Social.Core.Tests.OCR.Configuration.OCRServiceOptionsTests.BaseUrl_Validation_BehavesCorrectly(baseUrl: "not-a-url", expectedValid: False, expectedError: "valid HTTP or HTTPS URL") [< 1 ms]
  Passed NoLock.Social.Core.Tests.OCR.Configuration.OCRServiceOptionsTests.BaseUrl_Validation_BehavesCorrectly(baseUrl: "ftp://example.com", expectedValid: False, expectedError: "valid HTTP or HTTPS URL") [< 1 ms]
  Passed NoLock.Social.Core.Tests.OCR.Configuration.OCRServiceOptionsTests.BaseUrl_Validation_BehavesCorrectly(baseUrl: "http://example.com", expectedValid: True, expectedError: "") [< 1 ms]
  Passed NoLock.Social.Core.Tests.OCR.Configuration.OCRServiceOptionsTests.BaseUrl_Validation_BehavesCorrectly(baseUrl: "   ", expectedValid: False, expectedError: "BaseUrl is required") [< 1 ms]
  Passed NoLock.Social.Core.Tests.OCR.Configuration.OCRServiceOptionsTests.BaseUrl_Validation_BehavesCorrectly(baseUrl: null, expectedValid: False, expectedError: "BaseUrl is required") [< 1 ms]
  Passed NoLock.Social.Core.Tests.OCR.Configuration.OCRServiceOptionsTests.WakeLockReason_WhenDisabledAndEmpty_ValidationPasses [< 1 ms]
  Passed NoLock.Social.Core.Tests.OCR.Configuration.OCRServiceOptionsTests.Validate_WithMultipleWarnings_ReturnsAllWarnings [< 1 ms]
  Passed NoLock.Social.Core.Tests.OCR.Configuration.OCRServiceOptionsTests.Constructor_InitializesWithDefaultValues [< 1 ms]
  Passed NoLock.Social.Core.Tests.OCR.Configuration.OCRServiceOptionsTests.WakeLockConfiguration_WithValidSettings_IsValid(enableWakeLock: True, wakeLockReason: "OCR Processing", expectedValid: True) [< 1 ms]
  Passed NoLock.Social.Core.Tests.Performance.PerformanceMonitoringServiceTests.GetStatistics_CalculatesPercentilesCorrectly(durations: [5, 10, 15, 20, 25]) [8 ms]
  Passed NoLock.Social.Core.Tests.OCR.Configuration.OCRServiceOptionsTests.WakeLockConfiguration_WithValidSettings_IsValid(enableWakeLock: False, wakeLockReason: null, expectedValid: True) [< 1 ms]
  Passed NoLock.Social.Core.Tests.OCR.Configuration.OCRServiceOptionsTests.WakeLockConfiguration_WithValidSettings_IsValid(enableWakeLock: False, wakeLockReason: "", expectedValid: True) [< 1 ms]
  Passed NoLock.Social.Core.Tests.OCR.Configuration.OCRServiceOptionsTests.WakeLockConfiguration_WithValidSettings_IsValid(enableWakeLock: True, wakeLockReason: "Document Analysis", expectedValid: True) [< 1 ms]
  Passed NoLock.Social.Core.Tests.Performance.PerformanceMonitoringServiceTests.GetStatistics_CalculatesPercentilesCorrectly(durations: [100, 200, 300, 400, 500]) [< 1 ms]
  Passed NoLock.Social.Core.Tests.Performance.PerformanceMonitoringServiceTests.GetStatistics_CalculatesPercentilesCorrectly(durations: [10, 20, 30, 40, 50]) [< 1 ms]
  Passed NoLock.Social.Core.Tests.OCR.Configuration.OCRServiceOptionsTests.WakeLockReason_LengthValidation_BehavesCorrectly(length: 199, shouldWarn: False) [< 1 ms]
  Passed NoLock.Social.Core.Tests.OCR.Configuration.OCRServiceOptionsTests.WakeLockReason_LengthValidation_BehavesCorrectly(length: 201, shouldWarn: True) [< 1 ms]
  Passed NoLock.Social.Core.Tests.OCR.Configuration.OCRServiceOptionsTests.WakeLockReason_LengthValidation_BehavesCorrectly(length: 300, shouldWarn: True) [< 1 ms]
  Passed NoLock.Social.Core.Tests.Cryptography.VerificationServiceTests.VerifySignatureAsync_NullContent_ThrowsArgumentNullException [8 ms]
  Passed NoLock.Social.Core.Tests.OCR.Configuration.OCRServiceOptionsTests.WakeLockReason_LengthValidation_BehavesCorrectly(length: 200, shouldWarn: False) [< 1 ms]
  Passed NoLock.Social.Core.Tests.OCR.Configuration.OCRServiceOptionsTests.PollingConfiguration_WhenInvalid_ValidationFails [< 1 ms]
  Passed NoLock.Social.Core.Tests.Performance.PerformanceMonitoringServiceTests.RecordMetric_LargeNumberOfMetrics_HandlesCorrectly [1 ms]
  Passed NoLock.Social.Core.Tests.OCR.Configuration.OCRServiceOptionsTests.ApiKey_Validation_BehavesCorrectly(apiKey: "valid-api-key", expectedValid: True, expectedError: "") [< 1 ms]
  Passed NoLock.Social.Core.Tests.OCR.Configuration.OCRServiceOptionsTests.ApiKey_Validation_BehavesCorrectly(apiKey: null, expectedValid: False, expectedError: "ApiKey is required") [< 1 ms]
  Passed NoLock.Social.Core.Tests.OCR.Configuration.OCRServiceOptionsTests.ApiKey_Validation_BehavesCorrectly(apiKey: "   ", expectedValid: False, expectedError: "ApiKey is required") [< 1 ms]
  Passed NoLock.Social.Core.Tests.OCR.Configuration.OCRServiceOptionsTests.ApiKey_Validation_BehavesCorrectly(apiKey: "", expectedValid: False, expectedError: "ApiKey is required") [< 1 ms]
  Passed NoLock.Social.Core.Tests.OCR.Configuration.OCRServiceOptionsTests.WakeLockReason_WhenEnabledAndWhitespace_ValidationFails [< 1 ms]
  Passed NoLock.Social.Core.Tests.Cryptography.VerificationServiceTests.VerifyBase64Signature_InvalidBase64_ThrowsFormatException [1 ms]
  Passed NoLock.Social.Core.Tests.OCR.Configuration.OCRServiceOptionsTests.Validate_WithMultipleErrors_ReturnsAllErrors [< 1 ms]
  Passed NoLock.Social.Core.Tests.OCR.Configuration.OCRServiceOptionsTests.WakeLockReason_WhenEnabledAndNull_ValidationFails [< 1 ms]
  Passed NoLock.Social.Core.Tests.OCR.Configuration.OCRServiceOptionsTests.WakeLockReason_WhenEnabledAndEmpty_ValidationFails [< 1 ms]
  Passed NoLock.Social.Core.Tests.OCR.Services.CheckOCRServiceTests.SubmitDocumentAsync_EmptyResponse_LogsWarning [8 ms]
  Passed NoLock.Social.Core.Tests.Performance.PerformanceMonitoringServiceTests.PerformanceAlert_PropertiesSetCorrectly [1 ms]
  Passed NoLock.Social.Core.Tests.Cryptography.VerificationServiceTests.VerifySignatureAsync_LargeContent_VerifiesSuccessfully [4 ms]
  Passed NoLock.Social.Core.Tests.Performance.PerformanceMonitoringServiceTests.ClearMetrics_RemovesAllData [1 ms]
  Passed NoLock.Social.Core.Tests.Performance.PerformanceMonitoringServiceTests.PerformanceStatistics_SuccessRate_CalculatedCorrectly [1 ms]
  Passed NoLock.Social.Core.Tests.Cryptography.VerificationServiceTests.VerifySignedContent_ValidSignature_ReturnsTrue [2 ms]
  Passed NoLock.Social.Core.Tests.Cryptography.VerificationServiceTests.VerifySignatureAsync_EmptyContent_ThrowsArgumentException [< 1 ms]
  Passed NoLock.Social.Core.Tests.Cryptography.VerificationServiceTests.VerifySignatureAsync_NullSignature_ThrowsArgumentNullException [1 ms]
  Passed NoLock.Social.Core.Tests.Cryptography.VerificationServiceTests.VerifySignatureAsync_InvalidSignatureLength_ThrowsArgumentException [< 1 ms]
  Passed NoLock.Social.Core.Tests.Cryptography.VerificationServiceTests.VerifySignedContent_NullSignedContent_ThrowsArgumentNullException [< 1 ms]
  Passed NoLock.Social.Core.Tests.OCR.Services.CheckOCRServiceTests.SubmitDocumentAsync_InvalidImageData_ThrowsArgumentException(imageData: null, expectedMessage: "Image data cannot be empty") [8 ms]
  Passed NoLock.Social.Core.Tests.OCR.Services.CheckOCRServiceTests.SubmitDocumentAsync_InvalidImageData_ThrowsArgumentException(imageData: [], expectedMessage: "Image data cannot be empty") [< 1 ms]
  Passed NoLock.Social.Core.Tests.OCR.Services.CheckOCRServiceTests.SubmitDocumentAsync_NullRequest_ThrowsArgumentNullException(request: null, expectedParamName: "request") [< 1 ms]
  Passed NoLock.Social.Core.Tests.Performance.PerformanceMonitoringServiceTests.GetRecentAlerts_ReturnsCorrectCount(requestedCount: 1) [4 ms]
  Passed NoLock.Social.Core.Tests.Cryptography.VerificationServiceTests.VerifySignatureAsync_NullPublicKey_ThrowsArgumentNullException [< 1 ms]
  Passed NoLock.Social.Core.Tests.Performance.PerformanceMonitoringServiceTests.GetRecentAlerts_ReturnsCorrectCount(requestedCount: 5) [< 1 ms]
  Passed NoLock.Social.Core.Tests.Performance.PerformanceMonitoringServiceTests.GetRecentAlerts_ReturnsCorrectCount(requestedCount: 50) [< 1 ms]
  Passed NoLock.Social.Core.Tests.Performance.PerformanceMonitoringServiceTests.GetRecentAlerts_ReturnsCorrectCount(requestedCount: 10) [< 1 ms]
  Passed NoLock.Social.Core.Tests.Performance.PerformanceMonitoringServiceTests.PerformanceTimer_CustomMetrics_AreRecorded [< 1 ms]
  Passed NoLock.Social.Core.Tests.Performance.PerformanceMonitoringServiceTests.RecordMetric_WithFailure_TracksFailureCorrectly [< 1 ms]
  Passed NoLock.Social.Core.Tests.Cryptography.VerificationServiceTests.VerifySignedContent_UnsupportedAlgorithm_ThrowsNotSupportedException [1 ms]
  Passed NoLock.Social.Core.Tests.Cryptography.VerificationServiceTests.VerifySignatureAsync_InvalidSignature_ReturnsFalse [2 ms]
  Passed NoLock.Social.Core.Tests.Cryptography.KeyDerivationServiceTests.DeriveIdentityAsync_ShouldPerformCompleteFlow [47 ms]
  Passed NoLock.Social.Core.Tests.OCR.Services.CheckOCRServiceTests.SubmitDocumentAsync_SuccessfulProcessing_LogsCheckDetails [7 ms]
  Passed NoLock.Social.Core.Tests.OCR.Services.CheckOCRServiceTests.Constructor_NullOcrClient_ThrowsArgumentNullException [< 1 ms]
  Passed NoLock.Social.Core.Tests.OCR.Services.CheckOCRServiceTests.Constructor_NullLogger_ThrowsArgumentNullException [< 1 ms]
  Passed NoLock.Social.Core.Tests.Cryptography.VerificationServiceTests.VerifySignatureAsync_ValidSignature_ReturnsTrue [4 ms]
  Passed NoLock.Social.Core.Tests.Cryptography.VerificationServiceTests.VerifySignatureAsync_HashingFails_ThrowsCryptoException [2 ms]
  Passed NoLock.Social.Core.Tests.Cryptography.VerificationServiceTests.VerifySignatureAsync_UnicodeContent_VerifiesCorrectly [1 ms]
  Passed NoLock.Social.Core.Tests.Cryptography.VerificationServiceTests.VerifySignatureAsync_VerificationFails_ThrowsCryptoException [1 ms]
  Passed NoLock.Social.Core.Tests.OCR.Services.CheckOCRServiceTests.SubmitDocumentAsync_HandlesExceptions(thrownException: HTTP Response: 

Server Error

NoLock.Social.Core.OCR.Generated.MistralOCRException: API Error

Status: 500
Response: 
Server Error, expectedExceptionType: typeof(NoLock.Social.Core.OCR.Generated.MistralOCRException), expectedMessagePart: "OCR API error", expectedLogLevel: Error) [2 ms]
  Passed NoLock.Social.Core.Tests.Cryptography.VerificationServiceTests.VerifyBase64Signature_ValidSignature_ReturnsTrue [< 1 ms]
  Passed NoLock.Social.Core.Tests.OCR.Services.CheckOCRServiceTests.SubmitDocumentAsync_HandlesExceptions(thrownException: System.Net.Http.HttpRequestException: Network failure, expectedExceptionType: typeof(System.Net.Http.HttpRequestException), expectedMessagePart: "Network error occurred", expectedLogLevel: Error) [< 1 ms]
  Passed NoLock.Social.Core.Tests.Cryptography.VerificationServiceTests.VerifySignatureAsync_InvalidPublicKeyLength_ThrowsArgumentException [< 1 ms]
  Passed NoLock.Social.Core.Tests.OCR.Services.CheckOCRServiceTests.SubmitDocumentAsync_HandlesExceptions(thrownException: System.Threading.Tasks.TaskCanceledException: Timeout, expectedExceptionType: typeof(System.Threading.Tasks.TaskCanceledException), expectedMessagePart: "cancelled or timed out", expectedLogLevel: Warning) [< 1 ms]
  Passed NoLock.Social.Core.Tests.Cryptography.VerificationServiceTests.VerifySignedContent_UnsupportedVersion_ThrowsNotSupportedException [< 1 ms]
  Passed NoLock.Social.Core.Tests.OCR.Services.CheckOCRServiceTests.SubmitDocumentAsync_HandlesExceptions(thrownException: System.InvalidOperationException: Unexpected error, expectedExceptionType: typeof(System.InvalidOperationException), expectedMessagePart: "unexpected error occurred", expectedLogLevel: Error) [< 1 ms]
  Passed NoLock.Social.Core.Tests.OCR.Services.FieldValidationServiceTests.ValidateRoutingNumber_NullOrEmpty_ReturnsFalse [1 ms]
  Passed NoLock.Social.Core.Tests.OCR.Services.FieldValidationServiceTests.GetFieldValidationRulesAsync_DeterminesCorrectFieldType(fieldName: "RoutingNumber", expectedType: RoutingNumber, scenario: "routing field detection") [2 ms]
  Passed NoLock.Social.Core.Tests.OCR.Services.FieldValidationServiceTests.GetFieldValidationRulesAsync_DeterminesCorrectFieldType(fieldName: "Quantity", expectedType: Integer, scenario: "integer field detection") [< 1 ms]
  Passed NoLock.Social.Core.Tests.OCR.Services.FieldValidationServiceTests.GetFieldValidationRulesAsync_DeterminesCorrectFieldType(fieldName: "PostalCode", expectedType: PostalCode, scenario: "postal field detection") [< 1 ms]
  Passed NoLock.Social.Core.Tests.OCR.Services.FieldValidationServiceTests.GetFieldValidationRulesAsync_DeterminesCorrectFieldType(fieldName: "AccountNumber", expectedType: AccountNumber, scenario: "account field detection") [< 1 ms]
  Passed NoLock.Social.Core.Tests.OCR.Services.FieldValidationServiceTests.GetFieldValidationRulesAsync_DeterminesCorrectFieldType(fieldName: "TransactionDate", expectedType: Date, scenario: "date field detection") [< 1 ms]
  Passed NoLock.Social.Core.Tests.Camera.CameraServiceTests.AddPageToSessionAsync_WithValidSession_AddsPage [4 ms]
  Passed NoLock.Social.Core.Tests.OCR.Services.FieldValidationServiceTests.GetFieldValidationRulesAsync_DeterminesCorrectFieldType(fieldName: "Email", expectedType: Email, scenario: "email field detection") [1 ms]
  Passed NoLock.Social.Core.Tests.OCR.Services.FieldValidationServiceTests.GetFieldValidationRulesAsync_DeterminesCorrectFieldType(fieldName: "Description", expectedType: Text, scenario: "text field default") [< 1 ms]
  Passed NoLock.Social.Core.Tests.OCR.Services.FieldValidationServiceTests.GetFieldValidationRulesAsync_DeterminesCorrectFieldType(fieldName: "TaxPercentage", expectedType: Percentage, scenario: "percentage field detection") [< 1 ms]
  Passed NoLock.Social.Core.Tests.OCR.Services.FieldValidationServiceTests.GetFieldValidationRulesAsync_DeterminesCorrectFieldType(fieldName: "PhoneNumber", expectedType: Phone, scenario: "phone field detection") [< 1 ms]
  Passed NoLock.Social.Core.Tests.OCR.Services.FieldValidationServiceTests.GetFieldValidationRulesAsync_DeterminesCorrectFieldType(fieldName: "TotalAmount", expectedType: Currency, scenario: "currency field detection") [< 1 ms]
  Passed NoLock.Social.Core.Tests.OCR.Services.FieldValidationServiceTests.ValidateFieldAsync_EmptyFieldName_ReturnsFailure [< 1 ms]
  Passed NoLock.Social.Core.Tests.Camera.CameraServiceTests.SetZoomAsync_ValidatesZoomLevel(zoomLevel: 1, maxZoom: 3, expected: True) [5 ms]
  Passed NoLock.Social.Core.Tests.OCR.Services.FieldValidationServiceTests.ValidateFieldAsync_DateField_ValidatesCorrectly(date: "1900-01-01", expectedValid: True, expectWarning: True, scenario: "very old date") [4 ms]
  Passed NoLock.Social.Core.Tests.Camera.CameraServiceTests.SetZoomAsync_ValidatesZoomLevel(zoomLevel: 2.5, maxZoom: 3, expected: True) [< 1 ms]
  Passed NoLock.Social.Core.Tests.Camera.CameraServiceTests.SetZoomAsync_ValidatesZoomLevel(zoomLevel: 4, maxZoom: 3, expected: False) [< 1 ms]
  Passed NoLock.Social.Core.Tests.Camera.CameraServiceTests.SetZoomAsync_ValidatesZoomLevel(zoomLevel: 0.5, maxZoom: 3, expected: False) [< 1 ms]
  Passed NoLock.Social.Core.Tests.Camera.CameraServiceTests.AddPageToSessionAsync_WithNonExistentSession_ThrowsInvalidOperationException [< 1 ms]
  Passed NoLock.Social.Core.Tests.OCR.Services.FieldValidationServiceTests.ValidateFieldAsync_DateField_ValidatesCorrectly(date: "not-a-date", expectedValid: False, expectWarning: False, scenario: "invalid format") [1 ms]
  Passed NoLock.Social.Core.Tests.OCR.Services.FieldValidationServiceTests.ValidateFieldAsync_DateField_ValidatesCorrectly(date: "2050-01-01", expectedValid: True, expectWarning: True, scenario: "future date") [< 1 ms]
  Passed NoLock.Social.Core.Tests.OCR.Services.FieldValidationServiceTests.ValidateFieldAsync_DateField_ValidatesCorrectly(date: "2024-13-01", expectedValid: False, expectWarning: False, scenario: "invalid month") [< 1 ms]
  Passed NoLock.Social.Core.Tests.OCR.Services.FieldValidationServiceTests.ValidateFieldAsync_DateField_ValidatesCorrectly(date: "2024-01-15", expectedValid: True, expectWarning: False, scenario: "valid date") [< 1 ms]
  Passed NoLock.Social.Core.Tests.OCR.Services.FieldValidationServiceTests.ValidateFieldAsync_EmailField_ValidatesCorrectly(email: "test@", expectedValid: False, scenario: "missing domain") [3 ms]
  Passed NoLock.Social.Core.Tests.OCR.Services.FieldValidationServiceTests.ValidateFieldAsync_EmailField_ValidatesCorrectly(email: "user+tag@example.com", expectedValid: True, scenario: "email with plus") [< 1 ms]
  Passed NoLock.Social.Core.Tests.OCR.Services.FieldValidationServiceTests.ValidateFieldAsync_EmailField_ValidatesCorrectly(email: "invalid.email", expectedValid: False, scenario: "missing @") [< 1 ms]
  Passed NoLock.Social.Core.Tests.OCR.Services.FieldValidationServiceTests.ValidateFieldAsync_EmailField_ValidatesCorrectly(email: "user.name@domain.co.uk", expectedValid: True, scenario: "email with dots") [< 1 ms]
  Passed NoLock.Social.Core.Tests.Camera.CameraServiceTests.ToggleTorchAsync_ReturnsCorrectResult(torchSupported: False, jsResult: True, expected: False) [4 ms]
  Passed NoLock.Social.Core.Tests.OCR.Services.FieldValidationServiceTests.ValidateFieldAsync_EmailField_ValidatesCorrectly(email: "test@@example.com", expectedValid: False, scenario: "double @") [< 1 ms]
  Passed NoLock.Social.Core.Tests.OCR.Services.FieldValidationServiceTests.ValidateFieldAsync_EmailField_ValidatesCorrectly(email: "test@example.com", expectedValid: True, scenario: "valid email") [< 1 ms]
  Passed NoLock.Social.Core.Tests.OCR.Services.FieldValidationServiceTests.ValidateFieldAsync_EmailField_ValidatesCorrectly(email: "@example.com", expectedValid: False, scenario: "missing local part") [2 ms]
  Passed NoLock.Social.Core.Tests.Camera.CameraServiceTests.ToggleTorchAsync_ReturnsCorrectResult(torchSupported: True, jsResult: True, expected: True) [3 ms]
  Passed NoLock.Social.Core.Tests.Camera.CameraServiceTests.ToggleTorchAsync_ReturnsCorrectResult(torchSupported: True, jsResult: False, expected: False) [< 1 ms]
  Passed NoLock.Social.Core.Tests.Camera.CameraServiceTests.ToggleTorchAsync_ReturnsCorrectResult(torchSupported: False, jsResult: False, expected: False) [< 1 ms]
  Passed NoLock.Social.Core.Tests.Identity.RememberMeServiceTests.GetRememberedUsernameAsync_CorruptedData_ClearsAndReturnsNull [54 ms]
  Passed NoLock.Social.Core.Tests.OCR.Services.FieldValidationServiceTests.ValidateFieldAsync_TextField_ChecksForSpecialCharacters(text: "<script>alert('xss')</script>", expectWarning: True, scenario: "script tags") [3 ms]
  Passed NoLock.Social.Core.Tests.OCR.Services.FieldValidationServiceTests.ValidateFieldAsync_TextField_ChecksForSpecialCharacters(text: "Normal text", expectWarning: False, scenario: "clean text") [< 1 ms]
  Passed NoLock.Social.Core.Tests.Identity.Services.SessionPersistenceServiceTests.HasValidPersistedSessionAsync_ShouldReturnTrue_WhenValidSessionExists [47 ms]
  Passed NoLock.Social.Core.Tests.OCR.Services.FieldValidationServiceTests.ValidateFieldAsync_TextField_ChecksForSpecialCharacters(text: "A > B", expectWarning: True, scenario: "greater than symbol") [< 1 ms]
  Passed NoLock.Social.Core.Tests.Camera.CameraServiceTests.ValidateImageQualityAsync_WithEmptyImageData_ThrowsArgumentException [1 ms]
  Passed NoLock.Social.Core.Tests.OCR.Services.FieldValidationServiceTests.ValidateFieldAsync_TextField_ChecksForSpecialCharacters(text: "Price < 100", expectWarning: True, scenario: "less than symbol") [< 1 ms]
  Passed NoLock.Social.Core.Tests.Identity.Services.SessionPersistenceServiceTests.Constructor_ShouldThrowArgumentNullException_WhenWebCryptoServiceIsNull [< 1 ms]
  Passed NoLock.Social.Core.Tests.Identity.Services.SessionPersistenceServiceTests.Constructor_ShouldThrowArgumentNullException_WhenSecureMemoryManagerIsNull [< 1 ms]
  Passed NoLock.Social.Core.Tests.OCR.Services.FieldValidationServiceTests.ValidateFieldAsync_PercentageField_ValidatesCorrectly(percentage: "50", expectedValid: True, scenario: "mid range") [1 ms]
  Passed NoLock.Social.Core.Tests.OCR.Services.FieldValidationServiceTests.ValidateFieldAsync_PercentageField_ValidatesCorrectly(percentage: "0", expectedValid: True, scenario: "zero percent") [< 1 ms]
  Passed NoLock.Social.Core.Tests.OCR.Services.FieldValidationServiceTests.ValidateFieldAsync_PercentageField_ValidatesCorrectly(percentage: "150", expectedValid: False, scenario: "over 100") [< 1 ms]
  Passed NoLock.Social.Core.Tests.OCR.Services.FieldValidationServiceTests.ValidateFieldAsync_PercentageField_ValidatesCorrectly(percentage: "abc", expectedValid: False, scenario: "non-numeric") [< 1 ms]
  Passed NoLock.Social.Core.Tests.OCR.Services.FieldValidationServiceTests.ValidateFieldAsync_PercentageField_ValidatesCorrectly(percentage: "-10", expectedValid: False, scenario: "negative") [< 1 ms]
  Passed NoLock.Social.Core.Tests.OCR.Services.FieldValidationServiceTests.ValidateFieldAsync_PercentageField_ValidatesCorrectly(percentage: "100", expectedValid: True, scenario: "maximum") [< 1 ms]
  Passed NoLock.Social.Core.Tests.OCR.Services.FieldValidationServiceTests.ValidateFieldAsync_WithLengthRules_ValidatesCorrectly(value: "ab", minLength: 3, maxLength: 10, expectedValid: False, scenario: "below minimum length") [< 1 ms]
  Passed NoLock.Social.Core.Tests.OCR.Services.FieldValidationServiceTests.ValidateFieldAsync_WithLengthRules_ValidatesCorrectly(value: "verylongstring", minLength: 3, maxLength: 10, expectedValid: False, scenario: "exceeds maximum length") [< 1 ms]
  Passed NoLock.Social.Core.Tests.OCR.Services.FieldValidationServiceTests.ValidateFieldAsync_WithLengthRules_ValidatesCorrectly(value: "test", minLength: 3, maxLength: 10, expectedValid: True, scenario: "within range") [< 1 ms]
  Passed NoLock.Social.Core.Tests.OCR.Services.FieldValidationServiceTests.ValidateFieldAsync_IntegerField_ValidatesCorrectly(value: "42", expectedValid: True, scenario: "valid integer") [1 ms]
  Passed NoLock.Social.Core.Tests.OCR.Services.FieldValidationServiceTests.ValidateFieldAsync_IntegerField_ValidatesCorrectly(value: "3.14", expectedValid: False, scenario: "decimal number") [< 1 ms]
  Passed NoLock.Social.Core.Tests.OCR.Services.FieldValidationServiceTests.ValidateFieldAsync_IntegerField_ValidatesCorrectly(value: "-5", expectedValid: True, scenario: "negative integer") [< 1 ms]
  Passed NoLock.Social.Core.Tests.OCR.Services.FieldValidationServiceTests.ValidateFieldAsync_IntegerField_ValidatesCorrectly(value: "0", expectedValid: True, scenario: "zero") [< 1 ms]
  Passed NoLock.Social.Core.Tests.OCR.Services.FieldValidationServiceTests.ValidateFieldAsync_IntegerField_ValidatesCorrectly(value: "abc", expectedValid: False, scenario: "non-numeric") [< 1 ms]
  Passed NoLock.Social.Core.Tests.Identity.RememberMeServiceTests.UpdateLastUsedAsync_JSInteropFails_DoesNotThrow [6 ms]
  Passed NoLock.Social.Core.Tests.OCR.Services.FieldValidationServiceTests.GetFieldValidationRulesAsync_CachesRules [< 1 ms]
  Passed NoLock.Social.Core.Tests.Camera.CameraServiceTests.CaptureImageAsync_WithoutActiveStream_ThrowsInvalidOperationException [5 ms]
  Passed NoLock.Social.Core.Tests.Camera.CameraServiceTests.GetMaxZoomAsync_ReturnsMaxZoomLevel(maxZoom: 10) [< 1 ms]
  Passed NoLock.Social.Core.Tests.Camera.CameraServiceTests.GetMaxZoomAsync_ReturnsMaxZoomLevel(maxZoom: 3) [< 1 ms]
  Passed NoLock.Social.Core.Tests.Camera.CameraServiceTests.GetMaxZoomAsync_ReturnsMaxZoomLevel(maxZoom: 1) [< 1 ms]
  Passed NoLock.Social.Core.Tests.OCR.Services.FieldValidationServiceTests.ValidateFieldAsync_DecimalField_ValidatesCorrectly(value: "123.45", expectedValid: True, scenario: "valid decimal") [2 ms]
  Passed NoLock.Social.Core.Tests.OCR.Services.FieldValidationServiceTests.ValidateFieldAsync_DecimalField_ValidatesCorrectly(value: "0", expectedValid: True, scenario: "zero") [< 1 ms]
  Passed NoLock.Social.Core.Tests.OCR.Services.FieldValidationServiceTests.ValidateFieldAsync_DecimalField_ValidatesCorrectly(value: "not-a-number", expectedValid: False, scenario: "non-numeric") [< 1 ms]
  Passed NoLock.Social.Core.Tests.OCR.Services.FieldValidationServiceTests.ValidateFieldAsync_DecimalField_ValidatesCorrectly(value: "-99.99", expectedValid: True, scenario: "negative decimal") [< 1 ms]
  Passed NoLock.Social.Core.Tests.Cryptography.KeyDerivationServiceTests.DeriveIdentityAsync_WithDifferentPassphrases_ShouldProduceDifferentKeys [42 ms]
  Passed NoLock.Social.Core.Tests.Identity.RememberMeServiceTests.ClearRememberedDataAsync_Success_ClearsDataAndCache [4 ms]
  Passed NoLock.Social.Core.Tests.Cryptography.KeyDerivationServiceTests.GenerateKeyPairAsync_WithValidSeed_ShouldGenerateKeyPair [< 1 ms]
  Passed NoLock.Social.Core.Tests.OCR.Services.FieldValidationServiceTests.ValidateCurrencyAmount_ValidatesCorrectly(amount: "1000001", expectedValid: True, expectWarning: True, scenario: "very large amount") [1 ms]
  Passed NoLock.Social.Core.Tests.Identity.RememberMeServiceTests.RememberUsernameAsync_JSInteropFails_ThrowsInvalidOperationException [< 1 ms]
  Passed NoLock.Social.Core.Tests.OCR.Services.FieldValidationServiceTests.ValidateCurrencyAmount_ValidatesCorrectly(amount: "-50.00", expectedValid: False, expectWarning: False, scenario: "negative amount") [< 1 ms]
  Passed NoLock.Social.Core.Tests.OCR.Services.FieldValidationServiceTests.ValidateCurrencyAmount_ValidatesCorrectly(amount: "0", expectedValid: True, expectWarning: False, scenario: "zero amount") [< 1 ms]
  Passed NoLock.Social.Core.Tests.OCR.Services.FieldValidationServiceTests.ValidateCurrencyAmount_ValidatesCorrectly(amount: "12.345", expectedValid: True, expectWarning: True, scenario: "too many decimals") [< 1 ms]
  Passed NoLock.Social.Core.Tests.Cryptography.KeyDerivationServiceTests.GetParameters_ShouldReturnImmutableParameters [< 1 ms]
  Passed NoLock.Social.Core.Tests.OCR.Services.FieldValidationServiceTests.ValidateCurrencyAmount_ValidatesCorrectly(amount: "abc", expectedValid: False, expectWarning: False, scenario: "non-numeric") [< 1 ms]
  Passed NoLock.Social.Core.Tests.OCR.Services.FieldValidationServiceTests.ValidateCurrencyAmount_ValidatesCorrectly(amount: "100.00", expectedValid: True, expectWarning: False, scenario: "valid amount") [< 1 ms]
  Passed NoLock.Social.Core.Tests.Identity.RememberMeServiceTests.UpdateLastUsedAsync_NoRememberedUsername_DoesNothing [< 1 ms]
  Passed NoLock.Social.Core.Tests.Cryptography.KeyDerivationServiceTests.DeriveMasterKeyAsync_ShouldBeDeterministic [1 ms]
  Passed NoLock.Social.Core.Tests.OCR.Services.FieldValidationServiceTests.ValidateFieldAsync_InvalidFieldName_ReturnsFailure(fieldName: "", scenario: "empty field name") [< 1 ms]
  Passed NoLock.Social.Core.Tests.OCR.Services.FieldValidationServiceTests.ValidateFieldAsync_InvalidFieldName_ReturnsFailure(fieldName: "   ", scenario: "whitespace field name") [< 1 ms]
  Passed NoLock.Social.Core.Tests.OCR.Services.FieldValidationServiceTests.ValidateFieldAsync_InvalidFieldName_ReturnsFailure(fieldName: null, scenario: "null field name") [< 1 ms]
  Passed NoLock.Social.Core.Tests.OCR.Services.FieldValidationServiceTests.GetFieldValidationRulesAsync_DeterminesRequiredFields(documentType: "W4", fieldName: "Name", expectedRequired: True, scenario: "W4 name required") [< 1 ms]
  Passed NoLock.Social.Core.Tests.OCR.Services.FieldValidationServiceTests.GetFieldValidationRulesAsync_DeterminesRequiredFields(documentType: "Receipt", fieldName: "StoreName", expectedRequired: True, scenario: "receipt store required") [< 1 ms]
  Passed NoLock.Social.Core.Tests.OCR.Services.FieldValidationServiceTests.GetFieldValidationRulesAsync_DeterminesRequiredFields(documentType: "Receipt", fieldName: "Total", expectedRequired: True, scenario: "receipt total required") [< 1 ms]
  Passed NoLock.Social.Core.Tests.OCR.Services.FieldValidationServiceTests.GetFieldValidationRulesAsync_DeterminesRequiredFields(documentType: "Check", fieldName: "Amount", expectedRequired: True, scenario: "check amount required") [< 1 ms]
  Passed NoLock.Social.Core.Tests.OCR.Services.FieldValidationServiceTests.GetFieldValidationRulesAsync_DeterminesRequiredFields(documentType: "W4", fieldName: "SSN", expectedRequired: True, scenario: "W4 SSN required") [< 1 ms]
  Passed NoLock.Social.Core.Tests.OCR.Services.FieldValidationServiceTests.GetFieldValidationRulesAsync_DeterminesRequiredFields(documentType: "Check", fieldName: "PayTo", expectedRequired: True, scenario: "check payee required") [< 1 ms]
  Passed NoLock.Social.Core.Tests.OCR.Services.FieldValidationServiceTests.GetFieldValidationRulesAsync_DeterminesRequiredFields(documentType: "Receipt", fieldName: "Notes", expectedRequired: False, scenario: "receipt notes optional") [< 1 ms]
  Passed NoLock.Social.Core.Tests.OCR.Services.FieldValidationServiceTests.ValidateFieldAsync_NonRequiredEmptyField_ReturnsValid [< 1 ms]
  Passed NoLock.Social.Core.Tests.Cryptography.KeyDerivationServiceTests.DeriveMasterKeyAsync_WithValidInput_ShouldDeriveKey [8 ms]
  Passed NoLock.Social.Core.Tests.OCR.Services.FieldValidationServiceTests.ValidateFieldAsync_RoutingNumberField_UsesChecksumValidation [7 ms]
  Passed NoLock.Social.Core.Tests.OCR.Services.FieldValidationServiceTests.ValidateRoutingNumber_ValidatesCorrectly(routingNumber: "1234567890", expectedValid: False, scenario: "too long") [< 1 ms]
  Passed NoLock.Social.Core.Tests.OCR.Services.FieldValidationServiceTests.ValidateRoutingNumber_ValidatesCorrectly(routingNumber: "121000248", expectedValid: True, scenario: "valid routing number") [< 1 ms]
  Passed NoLock.Social.Core.Tests.OCR.Services.FieldValidationServiceTests.ValidateRoutingNumber_ValidatesCorrectly(routingNumber: "12345678", expectedValid: False, scenario: "too short") [< 1 ms]
  Passed NoLock.Social.Core.Tests.OCR.Services.FieldValidationServiceTests.ValidateRoutingNumber_ValidatesCorrectly(routingNumber: "123456789", expectedValid: False, scenario: "invalid checksum") [< 1 ms]
  Passed NoLock.Social.Core.Tests.OCR.Services.FieldValidationServiceTests.ValidateRoutingNumber_ValidatesCorrectly(routingNumber: "12345678a", expectedValid: False, scenario: "contains letter") [< 1 ms]
  Passed NoLock.Social.Core.Tests.OCR.Services.FieldValidationServiceTests.ValidateRoutingNumber_ValidatesCorrectly(routingNumber: "021000021", expectedValid: True, scenario: "another valid routing") [< 1 ms]
  Passed NoLock.Social.Core.Tests.Cryptography.KeyDerivationServiceTests.GenerateKeyPairAsync_WithInvalidSeedSize_ShouldThrow [1 ms]
  Passed NoLock.Social.Core.Tests.OCR.Services.FieldValidationServiceTests.ValidateFieldAsync_WithNumericRules_ValidatesCorrectly(value: "0", minValue: 1, maxValue: 10, expectedValid: False, scenario: "below minimum") [< 1 ms]
  Passed NoLock.Social.Core.Tests.OCR.Services.FieldValidationServiceTests.ValidateFieldAsync_WithNumericRules_ValidatesCorrectly(value: "5", minValue: 1, maxValue: 10, expectedValid: True, scenario: "within numeric range") [< 1 ms]
  Passed NoLock.Social.Core.Tests.OCR.Services.FieldValidationServiceTests.ValidateFieldAsync_WithNumericRules_ValidatesCorrectly(value: "15", minValue: 1, maxValue: 10, expectedValid: False, scenario: "above maximum") [< 1 ms]
  Passed NoLock.Social.Core.Tests.OCR.Services.FieldValidationServiceTests.ValidateFieldAsync_RequiredFieldWithNullValue_ReturnsError [< 1 ms]
  Passed NoLock.Social.Core.Tests.OCR.Services.FieldValidationServiceTests.ValidateFieldAsync_BooleanField_ValidatesCorrectly(value: "false", expectedValid: True, scenario: "false value") [< 1 ms]
  Passed NoLock.Social.Core.Tests.Cryptography.KeyDerivationServiceTests.DeriveMasterKeyAsync_ShouldCompleteWithinPerformanceBudget [1 ms]
  Passed NoLock.Social.Core.Tests.OCR.Services.FieldValidationServiceTests.ValidateFieldAsync_BooleanField_ValidatesCorrectly(value: "yes", expectedValid: True, scenario: "yes value") [< 1 ms]
  Passed NoLock.Social.Core.Tests.OCR.Services.FieldValidationServiceTests.ValidateFieldAsync_BooleanField_ValidatesCorrectly(value: "no", expectedValid: True, scenario: "no value") [< 1 ms]
  Passed NoLock.Social.Core.Tests.OCR.Services.FieldValidationServiceTests.ValidateFieldAsync_BooleanField_ValidatesCorrectly(value: "true", expectedValid: True, scenario: "true value") [< 1 ms]
  Passed NoLock.Social.Core.Tests.OCR.Services.FieldValidationServiceTests.ValidateFieldAsync_BooleanField_ValidatesCorrectly(value: "1", expectedValid: True, scenario: "numeric true") [< 1 ms]
  Passed NoLock.Social.Core.Tests.OCR.Services.FieldValidationServiceTests.ValidateFieldAsync_BooleanField_ValidatesCorrectly(value: "0", expectedValid: True, scenario: "numeric false") [< 1 ms]
  Passed NoLock.Social.Core.Tests.OCR.Services.FieldValidationServiceTests.ValidateFieldAsync_BooleanField_ValidatesCorrectly(value: "maybe", expectedValid: False, scenario: "invalid value") [< 1 ms]
  Passed NoLock.Social.Core.Tests.Cryptography.KeyDerivationServiceTests.DeriveMasterKeyAsync_WithEmptyPassphrase_ShouldThrow [2 ms]
  Passed NoLock.Social.Core.Tests.OCR.Services.FieldValidationServiceTests.ValidateFieldAsync_RequiredFieldWithEmptyValue_ReturnsError(value: "   ", scenario: "whitespace") [2 ms]
  Passed NoLock.Social.Core.Tests.OCR.Services.FieldValidationServiceTests.ValidateFieldAsync_RequiredFieldWithEmptyValue_ReturnsError(value: "", scenario: "empty string") [< 1 ms]
  Passed NoLock.Social.Core.Tests.Cryptography.Extensions.ReactiveExtensionsTests.BufferUntilUnlocked_ShouldBufferAndReplay(initial: Expired, final: Unlocked, itemCount: 5, scenario: "Buffer expired to unlocked") [103 ms]
  Passed NoLock.Social.Core.Tests.OCR.Services.FieldValidationServiceTests.ValidateFieldAsync_DocumentSpecificRules_AppliedCorrectly(documentType: "Check", fieldName: "Amount", value: "100.00", expectedValid: True, scenario: "valid check amount") [2 ms]
  Passed NoLock.Social.Core.Tests.OCR.Services.FieldValidationServiceTests.ValidateFieldAsync_DocumentSpecificRules_AppliedCorrectly(documentType: "Receipt", fieldName: "Total", value: "50.00", expectedValid: True, scenario: "valid receipt total") [< 1 ms]
  Passed NoLock.Social.Core.Tests.OCR.Services.FieldValidationServiceTests.ValidateFieldAsync_DocumentSpecificRules_AppliedCorrectly(documentType: "Check", fieldName: "Amount", value: "15000", expectedValid: True, scenario: "large check with warning") [< 1 ms]
  Passed NoLock.Social.Core.Tests.OCR.Services.FieldValidationServiceTests.ValidateFieldAsync_DocumentSpecificRules_AppliedCorrectly(documentType: "Check", fieldName: "Amount", value: "0", expectedValid: False, scenario: "zero amount on check") [< 1 ms]
  Passed NoLock.Social.Core.Tests.OCR.Services.FieldValidationServiceTests.ValidateFieldAsync_DocumentSpecificRules_AppliedCorrectly(documentType: "Receipt", fieldName: "Total", value: "-10.00", expectedValid: False, scenario: "negative total on receipt") [< 1 ms]
  Passed NoLock.Social.Core.Tests.OCR.Services.FieldValidationServiceTests.ValidateFieldAsync_PostalCodeField_ValidatesCorrectly(postalCode: "ABCDE", expectedValid: False, scenario: "letters") [2 ms]
  Passed NoLock.Social.Core.Tests.Identity.Services.UserTrackingServiceTests.MarkUserAsActiveAsync_ShouldClearCache_WhenUserIsCached [5 ms]
  Passed NoLock.Social.Core.Tests.OCR.Services.FieldValidationServiceTests.ValidateFieldAsync_PostalCodeField_ValidatesCorrectly(postalCode: "12345-6789", expectedValid: True, scenario: "zip+4") [< 1 ms]
  Passed NoLock.Social.Core.Tests.OCR.Services.FieldValidationServiceTests.ValidateFieldAsync_PostalCodeField_ValidatesCorrectly(postalCode: "12345", expectedValid: True, scenario: "5-digit zip") [< 1 ms]
  Passed NoLock.Social.Core.Tests.Identity.Services.UserTrackingServiceTests.Constructor_ShouldInitializeSuccessfully_WithValidDependencies [< 1 ms]
  Passed NoLock.Social.Core.Tests.OCR.Services.FieldValidationServiceTests.ValidateFieldAsync_PostalCodeField_ValidatesCorrectly(postalCode: "1234", expectedValid: False, scenario: "too short") [1 ms]
  Passed NoLock.Social.Core.Tests.Identity.Services.UserTrackingServiceTests.MarkUserAsActiveAsync_ShouldThrowArgumentException_WhenPublicKeyIsInvalid(publicKey: "  ") [1 ms]
  Passed NoLock.Social.Core.Tests.OCR.Services.FieldValidationServiceTests.ValidateFieldAsync_PostalCodeField_ValidatesCorrectly(postalCode: "123456", expectedValid: False, scenario: "6 digits") [< 1 ms]
  Passed NoLock.Social.Core.Tests.Identity.Services.UserTrackingServiceTests.MarkUserAsActiveAsync_ShouldThrowArgumentException_WhenPublicKeyIsInvalid(publicKey: null) [< 1 ms]
  Passed NoLock.Social.Core.Tests.Identity.Services.UserTrackingServiceTests.MarkUserAsActiveAsync_ShouldThrowArgumentException_WhenPublicKeyIsInvalid(publicKey: "") [< 1 ms]
  Passed NoLock.Social.Core.Tests.OCR.Services.FieldValidationServiceTests.ValidateFieldAsync_AccountNumberField_ValidatesCorrectly(accountNumber: "1234", expectedValid: True, scenario: "minimum length") [1 ms]
  Passed NoLock.Social.Core.Tests.OCR.Services.FieldValidationServiceTests.ValidateFieldAsync_AccountNumberField_ValidatesCorrectly(accountNumber: "123", expectedValid: False, scenario: "too short") [< 1 ms]
  Passed NoLock.Social.Core.Tests.OCR.Services.FieldValidationServiceTests.ValidateFieldAsync_AccountNumberField_ValidatesCorrectly(accountNumber: "123456789012345678", expectedValid: False, scenario: "too long") [< 1 ms]
  Passed NoLock.Social.Core.Tests.OCR.Services.FieldValidationServiceTests.ValidateFieldAsync_AccountNumberField_ValidatesCorrectly(accountNumber: "12AB5678", expectedValid: False, scenario: "contains letters") [< 1 ms]
  Passed NoLock.Social.Core.Tests.OCR.Services.FieldValidationServiceTests.ValidateFieldAsync_AccountNumberField_ValidatesCorrectly(accountNumber: "12345678901234567", expectedValid: True, scenario: "maximum length") [< 1 ms]
  Passed NoLock.Social.Core.Tests.OCR.Services.FieldValidationServiceTests.ValidateFieldAsync_PhoneField_ValidatesCorrectly(phone: "abc-def-ghij", expectedValid: False, scenario: "letters") [4 ms]
  Passed NoLock.Social.Core.Tests.OCR.Services.FieldValidationServiceTests.ValidateFieldAsync_PhoneField_ValidatesCorrectly(phone: "555-123-4567", expectedValid: True, scenario: "dashed phone") [< 1 ms]
  Passed NoLock.Social.Core.Tests.OCR.Services.FieldValidationServiceTests.ValidateFieldAsync_PhoneField_ValidatesCorrectly(phone: "+1-555-123-4567", expectedValid: True, scenario: "international phone") [< 1 ms]
  Passed NoLock.Social.Core.Tests.OCR.Services.FieldValidationServiceTests.ValidateFieldAsync_PhoneField_ValidatesCorrectly(phone: "5551234567", expectedValid: True, scenario: "plain phone") [< 1 ms]
  Passed NoLock.Social.Core.Tests.OCR.Services.FieldValidationServiceTests.ValidateFieldAsync_PhoneField_ValidatesCorrectly(phone: "(555) 123-4567", expectedValid: True, scenario: "formatted phone") [< 1 ms]
  Passed NoLock.Social.Core.Tests.OCR.Services.FieldValidationServiceTests.ValidateFieldAsync_PhoneField_ValidatesCorrectly(phone: "123", expectedValid: False, scenario: "too short") [< 1 ms]
  Passed NoLock.Social.Core.Tests.OCR.Services.FieldValidationServiceTests.ValidateFieldAsync_WithPatternRule_ValidatesCorrectly [< 1 ms]
  Passed NoLock.Social.Core.Tests.OCR.Services.FieldValidationServiceTests.ValidateFieldAsync_SpecialUnicodeCharacters_HandlesCorrectly [< 1 ms]
  Passed NoLock.Social.Core.Tests.OCR.Services.FieldValidationServiceTests.ValidateFieldAsync_VeryLongString_HandlesGracefully [< 1 ms]
  Passed NoLock.Social.Core.Tests.OCR.Services.FieldValidationServiceTests.GetFieldValidationRulesAsync_DifferentFieldsGetDifferentRules [< 1 ms]
  Passed NoLock.Social.Core.Tests.Identity.Services.UserTrackingServiceTests.Cache_ShouldBeThreadSafe_WithConcurrentReadsAndWrites [9 ms]
  Passed NoLock.Social.Core.Tests.Cryptography.CryptoErrorHandlingServiceTests.GetRecoverySuggestions_ShouldProvideKeyDerivationSuggestions [2 ms]
  Passed NoLock.Social.Core.Tests.Cryptography.CryptoErrorHandlingServiceTests.GetUserFriendlyMessage_ShouldReturnAppropriateMessage(category: Storage, expectedSubstring: "Storage operation failed") [< 1 ms]
  Passed NoLock.Social.Core.Tests.Cryptography.CryptoErrorHandlingServiceTests.GetUserFriendlyMessage_ShouldReturnAppropriateMessage(category: SessionManagement, expectedSubstring: "Session management error") [< 1 ms]
  Passed NoLock.Social.Core.Tests.Cryptography.CryptoErrorHandlingServiceTests.GetUserFriendlyMessage_ShouldReturnAppropriateMessage(category: Unknown, expectedSubstring: "An unexpected error occurred") [< 1 ms]
  Passed NoLock.Social.Core.Tests.Cryptography.CryptoErrorHandlingServiceTests.GetUserFriendlyMessage_ShouldReturnAppropriateMessage(category: SignatureGeneration, expectedSubstring: "Failed to generate signature") [< 1 ms]
  Passed NoLock.Social.Core.Tests.Cryptography.CryptoErrorHandlingServiceTests.GetUserFriendlyMessage_ShouldReturnAppropriateMessage(category: SignatureVerification, expectedSubstring: "Failed to verify signature") [< 1 ms]
  Passed NoLock.Social.Core.Tests.Cryptography.CryptoErrorHandlingServiceTests.GetUserFriendlyMessage_ShouldReturnAppropriateMessage(category: KeyDerivation, expectedSubstring: "Failed to process your passphrase") [< 1 ms]
  Passed NoLock.Social.Core.Tests.Cryptography.CryptoErrorHandlingServiceTests.GetUserFriendlyMessage_ShouldReturnAppropriateMessage(category: Initialization, expectedSubstring: "Initialization failed") [< 1 ms]
  Passed NoLock.Social.Core.Tests.Cryptography.CryptoErrorHandlingServiceTests.GetUserFriendlyMessage_ShouldReturnAppropriateMessage(category: Memory, expectedSubstring: "Memory allocation error") [< 1 ms]
  Passed NoLock.Social.Core.Tests.Identity.Services.UserTrackingServiceTests.Service_ShouldBeThreadSafe_WhenAccessedConcurrently [3 ms]
  Passed NoLock.Social.Core.Tests.Identity.Services.UserTrackingServiceTests.GetUserActivityAsync_ShouldReturnEmptySummary_ForNewUser [1 ms]
  Passed NoLock.Social.Core.Tests.Cryptography.CryptoErrorHandlingServiceTests.HandleErrorAsync_ShouldCategorizeSessionError [4 ms]
  Passed NoLock.Social.Core.Tests.Cryptography.CryptoErrorHandlingServiceTests.GetRecoverySuggestions_ShouldProvideSignatureVerificationSuggestions [< 1 ms]
  Passed NoLock.Social.Core.Tests.Identity.Services.UserTrackingServiceTests.CheckUserExistsAsync_ShouldThrowArgumentException_WhenPublicKeyIsInvalid(publicKey: "") [< 1 ms]
  Passed NoLock.Social.Core.Tests.Identity.Services.UserTrackingServiceTests.CheckUserExistsAsync_ShouldThrowArgumentException_WhenPublicKeyIsInvalid(publicKey: "  ") [< 1 ms]
  Passed NoLock.Social.Core.Tests.Cryptography.CryptoErrorHandlingServiceTests.HandleErrorAsync_ShouldCategorizeSignatureError [< 1 ms]
  Passed NoLock.Social.Core.Tests.Identity.Services.UserTrackingServiceTests.CheckUserExistsAsync_ShouldThrowArgumentException_WhenPublicKeyIsInvalid(publicKey: null) [< 1 ms]
  Passed NoLock.Social.Core.Tests.Identity.Services.UserTrackingServiceTests.CheckUserExistsAsync_ShouldHandleSpecialCharactersInPublicKey [< 1 ms]
  Passed NoLock.Social.Core.Tests.Cryptography.CryptoErrorHandlingServiceTests.GetRecoverySuggestions_ShouldProvideSessionSuggestions [< 1 ms]
  Passed NoLock.Social.Core.Tests.Identity.Services.UserTrackingServiceTests.GetUserActivityAsync_ShouldThrowArgumentException_WhenPublicKeyIsInvalid(publicKey: null) [< 1 ms]
  Passed NoLock.Social.Core.Tests.Identity.Services.UserTrackingServiceTests.GetUserActivityAsync_ShouldThrowArgumentException_WhenPublicKeyIsInvalid(publicKey: "") [< 1 ms]
  Passed NoLock.Social.Core.Tests.Cryptography.CryptoErrorHandlingServiceTests.SanitizeForLogging_ShouldRemoveSensitiveKeys [1 ms]
  Passed NoLock.Social.Core.Tests.Identity.Services.UserTrackingServiceTests.GetUserActivityAsync_ShouldThrowArgumentException_WhenPublicKeyIsInvalid(publicKey: "  ") [< 1 ms]
  Passed NoLock.Social.Core.Tests.Identity.Services.UserTrackingServiceTests.Constructor_ShouldThrowArgumentNullException_WhenLoggerIsNull [< 1 ms]
  Passed NoLock.Social.Core.Tests.Identity.Services.UserTrackingServiceTests.CheckUserExistsAsync_ShouldHandleVariousKeyLengths(publicKey: "shortKey") [< 1 ms]
  Passed NoLock.Social.Core.Tests.Cryptography.CryptoErrorHandlingServiceTests.LogErrorAsync_ShouldLogWithoutSensitiveData [1 ms]
  Passed NoLock.Social.Core.Tests.Identity.Services.UserTrackingServiceTests.CheckUserExistsAsync_ShouldHandleVariousKeyLengths(publicKey: "veryLongPublicKeyWithManyCharactersToTestSubstring"···) [< 1 ms]
  Passed NoLock.Social.Core.Tests.Cryptography.CryptoErrorHandlingServiceTests.HandleErrorAsync_ShouldCategorizeKeyDerivationError [< 1 ms]
  Passed NoLock.Social.Core.Tests.Cryptography.CryptoErrorHandlingServiceTests.HandleErrorAsync_ShouldCategorizeMemoryError [3 ms]
  Passed NoLock.Social.Core.Tests.Identity.Services.UserTrackingServiceTests.Service_ShouldHandleRapidCacheClearAndAccess [6 ms]
  Passed NoLock.Social.Core.Tests.Cryptography.CryptoErrorHandlingServiceTests.HandleErrorAsync_ShouldNotLogSensitiveData [3 ms]
  Passed NoLock.Social.Core.Tests.Identity.Services.UserTrackingServiceTests.MarkUserAsActiveAsync_ShouldHandleNonCachedUser [1 ms]
  Passed NoLock.Social.Core.Tests.Camera.CameraServiceTests.DetectDocumentEdgesAsync_WithValidImageData_ReturnsEdgeResult [54 ms]
  Passed NoLock.Social.Core.Tests.Identity.Services.UserTrackingServiceTests.CheckUserExistsAsync_ShouldReturnNotExists_ForNewUser [< 1 ms]
  Passed NoLock.Social.Core.Tests.Cryptography.CryptoErrorHandlingServiceTests.LogErrorAsync_ShouldUseCorrectLogLevel [1 ms]
  Passed NoLock.Social.Core.Tests.Identity.Services.UserTrackingServiceTests.GetUserActivityAsync_ShouldLogDebugInformation [< 1 ms]
  Passed NoLock.Social.Core.Tests.Camera.CameraServiceTests.CheckPermissionsAsync_ReturnsCorrectBoolean(state: Granted, expected: True) [1 ms]
  Passed NoLock.Social.Core.Tests.Hashing.SHA256HashAlgorithmTests.ComputeHashAsync_WithValidInput_ReturnsConsistentHash [1 ms]
  Passed NoLock.Social.Core.Tests.Camera.CameraServiceTests.CheckPermissionsAsync_ReturnsCorrectBoolean(state: Prompt, expected: False) [1 ms]
  Passed NoLock.Social.Core.Tests.Camera.CameraServiceTests.CheckPermissionsAsync_ReturnsCorrectBoolean(state: Denied, expected: False) [< 1 ms]
  Passed NoLock.Social.Core.Tests.Camera.CameraServiceTests.CheckPermissionsAsync_ReturnsCorrectBoolean(state: NotRequested, expected: False) [< 1 ms]
  Passed NoLock.Social.Core.Tests.Identity.Services.UserTrackingServiceTests.CheckUserExistsAsync_ShouldReturnCachedResult_OnSubsequentCalls [3 ms]
  Passed NoLock.Social.Core.Tests.Camera.CameraServiceTests.IsTorchSupportedAsync_CallsJSAndReturnsResult [< 1 ms]
  Passed NoLock.Social.Core.Tests.Hashing.SHA256HashAlgorithmTests.ComputeHash_WithDifferentInputs_ReturnsDifferentHashes [2 ms]
  Passed NoLock.Social.Core.Tests.Hashing.SHA256HashAlgorithmTests.AlgorithmName_ReturnsCorrectName [< 1 ms]
  Passed NoLock.Social.Core.Tests.Hashing.SHA256HashAlgorithmTests.ComputeHash_WithValidInput_ReturnsConsistentHash [< 1 ms]
  Passed NoLock.Social.Core.Tests.Identity.Services.UserTrackingServiceTests.MarkUserAsActiveAsync_ShouldForceCacheRefresh_OnNextCheck [1 ms]
  Passed NoLock.Social.Core.Tests.Identity.Services.UserTrackingServiceTests.Service_ShouldMaintainSeparateCacheEntriesPerKey [< 1 ms]
  Passed NoLock.Social.Core.Tests.Camera.CameraServiceTests.GetPermissionStateAsync_ParsesJSResponseCorrectly(jsResponse: "denied", expected: Denied) [1 ms]
  Passed NoLock.Social.Core.Tests.Camera.CameraServiceTests.GetPermissionStateAsync_ParsesJSResponseCorrectly(jsResponse: null, expected: NotRequested) [< 1 ms]
  Passed NoLock.Social.Core.Tests.Camera.CameraServiceTests.GetPermissionStateAsync_ParsesJSResponseCorrectly(jsResponse: "granted", expected: Granted) [< 1 ms]
  Passed NoLock.Social.Core.Tests.Camera.CameraServiceTests.GetPermissionStateAsync_ParsesJSResponseCorrectly(jsResponse: "unknown", expected: NotRequested) [< 1 ms]
  Passed NoLock.Social.Core.Tests.Camera.CameraServiceTests.GetPermissionStateAsync_ParsesJSResponseCorrectly(jsResponse: "not-requested", expected: NotRequested) [< 1 ms]
  Passed NoLock.Social.Core.Tests.Camera.CameraServiceTests.GetPermissionStateAsync_ParsesJSResponseCorrectly(jsResponse: "prompt", expected: Prompt) [< 1 ms]
  Passed NoLock.Social.Core.Tests.OCR.Services.ReceiptOCRServiceTests.SubmitDocumentAsync_WrongDocumentType_ThrowsArgumentException [2 ms]
  Passed NoLock.Social.Core.Tests.OCR.Services.ReceiptOCRServiceTests.SubmitDocumentAsync_SuccessfulProcessing_CallsApiAndLogsInformation [3 ms]
  Passed NoLock.Social.Core.Tests.OCR.Services.ReceiptOCRServiceTests.SubmitDocumentAsync_UnexpectedException_ThrowsInvalidOperationException [2 ms]
  Passed NoLock.Social.Core.Tests.OCR.Services.ReceiptOCRServiceTests.SubmitDocumentAsync_CancellationToken_PropagatesToken [< 1 ms]
  Passed NoLock.Social.Core.Tests.OCR.Services.ReceiptOCRServiceTests.SubmitDocumentAsync_SuccessWithNullMerchant_HandlesGracefully [1 ms]
  Passed NoLock.Social.Core.Tests.Cryptography.Extensions.ReactiveExtensionsTests.BufferUntilUnlocked_ShouldBufferAndReplay(initial: Locked, final: Unlocked, itemCount: 3, scenario: "Buffer until unlocked") [54 ms]
  Passed NoLock.Social.Core.Tests.OCR.Services.ReceiptOCRServiceTests.SubmitDocumentAsync_NullRequest_ThrowsArgumentNullException [< 1 ms]
  Passed NoLock.Social.Core.Tests.Camera.CameraServiceTests.ValidateImageQualityAsync_IdentifiesIssuesCorrectly(blurScore: 0.80000000000000004, lightingScore: 0.80000000000000004, edgeScore: 0.29999999999999999, expectBlurIssue: False, expectLightingIssue: False, expectEdgeIssue: True) [12 ms]
  Passed NoLock.Social.Core.Tests.Camera.CameraServiceTests.ValidateImageQualityAsync_IdentifiesIssuesCorrectly(blurScore: 0.29999999999999999, lightingScore: 0.80000000000000004, edgeScore: 0.80000000000000004, expectBlurIssue: True, expectLightingIssue: False, expectEdgeIssue: False) [3 ms]
  Passed NoLock.Social.Core.Tests.Camera.CameraServiceTests.ValidateImageQualityAsync_IdentifiesIssuesCorrectly(blurScore: 0.80000000000000004, lightingScore: 0.40000000000000002, edgeScore: 0.80000000000000004, expectBlurIssue: False, expectLightingIssue: True, expectEdgeIssue: False) [< 1 ms]
  Passed NoLock.Social.Core.Tests.OCR.Services.ReceiptOCRServiceTests.SubmitDocumentAsync_MistralOCRException_ThrowsInvalidOperationException [4 ms]
  Passed NoLock.Social.Core.Tests.Camera.CameraServiceTests.ValidateImageQualityAsync_IdentifiesIssuesCorrectly(blurScore: 0.29999999999999999, lightingScore: 0.40000000000000002, edgeScore: 0.29999999999999999, expectBlurIssue: True, expectLightingIssue: True, expectEdgeIssue: True) [< 1 ms]
  Passed NoLock.Social.Core.Tests.Cryptography.ReactiveSessionStateServiceTests.ConcurrentOperations_ShouldNotCauseDeadlock [258 ms]
  Passed NoLock.Social.Core.Tests.Camera.CameraServiceTests.ValidateImageQualityAsync_PerformsCompleteAnalysis [< 1 ms]
  Passed NoLock.Social.Core.Tests.OCR.Services.ReceiptOCRServiceTests.SubmitDocumentAsync_HttpRequestException_ThrowsInvalidOperationException [2 ms]
  Passed NoLock.Social.Core.Tests.Cryptography.ReactiveSessionStateServiceTests.GetRemainingTime_WhenSessionExpired_ShouldReturnZero [1 ms]
  Passed NoLock.Social.Core.Tests.OCR.Services.ReceiptOCRServiceTests.SubmitDocumentAsync_InvalidImageData_ThrowsArgumentException(imageData: []) [< 1 ms]
  Passed NoLock.Social.Core.Tests.OCR.Services.ReceiptOCRServiceTests.SubmitDocumentAsync_InvalidImageData_ThrowsArgumentException(imageData: null) [< 1 ms]
  Passed NoLock.Social.Core.Tests.OCR.Services.ReceiptOCRServiceTests.Constructor_NullLogger_ThrowsArgumentNullException [< 1 ms]
  Passed NoLock.Social.Core.Tests.Cryptography.ReactiveSessionStateServiceTests.UpdateActivity_WhenUnlocked_ShouldNotCauseRecursiveLock [< 1 ms]
  Passed NoLock.Social.Core.Tests.Camera.CameraServiceTests.GetZoomAsync_ReturnsCurrentZoomLevel [2 ms]
  Passed NoLock.Social.Core.Tests.Common.Utilities.ExceptionHandlerTests.ExecuteAsync_Void_ExceptionHandling(operationName: "AsyncVoidError1", errorMessage: "Async operation failed", rethrow: True) [21 ms]
  Passed NoLock.Social.Core.Tests.OCR.Services.ReceiptOCRServiceTests.SubmitDocumentAsync_EmptyResponse_LogsWarning [1 ms]
  Passed NoLock.Social.Core.Tests.Camera.CameraServiceTests.GetDocumentSessionAsync_WithInvalidSession_ThrowsInvalidOperationException [1 ms]
  Passed NoLock.Social.Core.Tests.Camera.CameraServiceTests.InitializeAsync_AfterDispose_ThrowsObjectDisposedException [< 1 ms]
  Passed NoLock.Social.Core.Tests.OCR.Services.ReceiptOCRServiceTests.SubmitDocumentAsync_SuccessWithNullTotal_HandlesGracefully [1 ms]
  Passed NoLock.Social.Core.Tests.Camera.CameraServiceTests.RemovePageFromSessionAsync_RemovesCorrectPage [< 1 ms]
  Passed NoLock.Social.Core.Tests.OCR.Services.ReceiptOCRServiceTests.SubmitDocumentAsync_TaskCanceledException_ThrowsInvalidOperationException [1 ms]
  Passed NoLock.Social.Core.Tests.Camera.CameraServiceTests.RequestPermission_ParsesJSResponseCorrectly(jsResponse: "unknown", expected: Denied) [< 1 ms]
  Passed NoLock.Social.Core.Tests.Camera.CameraServiceTests.RequestPermission_ParsesJSResponseCorrectly(jsResponse: "prompt", expected: Prompt) [< 1 ms]
  Passed NoLock.Social.Core.Tests.Camera.CameraServiceTests.RequestPermission_ParsesJSResponseCorrectly(jsResponse: null, expected: Denied) [< 1 ms]
  Passed NoLock.Social.Core.Tests.Camera.CameraServiceTests.RequestPermission_ParsesJSResponseCorrectly(jsResponse: "denied", expected: Denied) [< 1 ms]
  Passed NoLock.Social.Core.Tests.Camera.CameraServiceTests.RequestPermission_ParsesJSResponseCorrectly(jsResponse: "granted", expected: Granted) [< 1 ms]
  Passed NoLock.Social.Core.Tests.OCR.Services.ReceiptOCRServiceTests.SubmitDocumentAsync_ResponseWithError_LogsError [1 ms]
  Passed NoLock.Social.Core.Tests.OCR.Services.ReceiptOCRServiceTests.Constructor_NullOcrClient_ThrowsArgumentNullException [< 1 ms]
  Passed NoLock.Social.Core.Tests.OCR.Services.ReceiptOCRServiceTests.SubmitDocumentAsync_FileParameterCreation_UsesCorrectMetadata [< 1 ms]
  Passed NoLock.Social.Core.Tests.Performance.PerformanceMetricsTests.PerformanceMetrics_DefaultValues_ShouldBeCorrect [< 1 ms]
  Passed NoLock.Social.Core.Tests.Performance.PerformanceMetricsTests.PerformanceMetrics_CustomMetrics_ShouldStoreValues(key: "userId", value: 42) [< 1 ms]
  Passed NoLock.Social.Core.Tests.Camera.CameraServiceTests.StartStreamAsync_WithoutPermission_ThrowsInvalidOperationException(state: Prompt) [2 ms]
  Passed NoLock.Social.Core.Tests.Performance.PerformanceMetricsTests.PerformanceMetrics_CustomMetrics_ShouldStoreValues(key: "success", value: True) [< 1 ms]
  Passed NoLock.Social.Core.Tests.Performance.PerformanceMetricsTests.PerformanceMetrics_CustomMetrics_ShouldStoreValues(key: "requestId", value: "12345") [< 1 ms]
  Passed NoLock.Social.Core.Tests.Performance.PerformanceMetricsTests.PerformanceMetrics_CustomMetrics_ShouldStoreValues(key: "responseTime", value: 123.45) [< 1 ms]
  Passed NoLock.Social.Core.Tests.Performance.PerformanceMetricsTests.PerformanceMetrics_CustomMetrics_ShouldStoreValues(key: "key1", value: "value1") [< 1 ms]
  Passed NoLock.Social.Core.Tests.Camera.CameraServiceTests.StartStreamAsync_WithoutPermission_ThrowsInvalidOperationException(state: Denied) [< 1 ms]
  Passed NoLock.Social.Core.Tests.Performance.PerformanceMetricsTests.PerformanceMetrics_CustomMetrics_ShouldInitializeAsEmptyDictionary [< 1 ms]
  Passed NoLock.Social.Core.Tests.Camera.CameraServiceTests.StartStreamAsync_WithoutPermission_ThrowsInvalidOperationException(state: NotRequested) [< 1 ms]
  Passed NoLock.Social.Core.Tests.Performance.PerformanceMetricsTests.PerformanceMetrics_ShouldStoreBasicProperties(operationName: "Operation1", durationMs: 100, memoryBytes: 1024, success: True, errorMessage: null) [< 1 ms]
  Passed NoLock.Social.Core.Tests.Camera.CameraServiceTests.CreateDocumentSessionAsync_AfterDispose_ThrowsObjectDisposedException [< 1 ms]
  Passed NoLock.Social.Core.Tests.Performance.PerformanceMetricsTests.PerformanceMetrics_ShouldStoreBasicProperties(operationName: "QuickOp", durationMs: 10, memoryBytes: 256, success: True, errorMessage: null) [< 1 ms]
  Passed NoLock.Social.Core.Tests.Performance.PerformanceMetricsTests.PerformanceMetrics_ShouldStoreBasicProperties(operationName: "LongRunningOp", durationMs: 5000, memoryBytes: 10240, success: True, errorMessage: null) [< 1 ms]
  Passed NoLock.Social.Core.Tests.Performance.PerformanceMetricsTests.PerformanceMetrics_ShouldStoreBasicProperties(operationName: "Operation2", durationMs: 250, memoryBytes: 2048, success: False, errorMessage: "Error occurred") [< 1 ms]
  Passed NoLock.Social.Core.Tests.Performance.PerformanceMetricsTests.PerformanceMetrics_ShouldStoreBasicProperties(operationName: "FailedOp", durationMs: 50, memoryBytes: 512, success: False, errorMessage: "Timeout") [< 1 ms]
  Passed NoLock.Social.Core.Tests.Performance.PerformanceMetricsTests.PerformanceMetrics_MemoryUsedBytes_CanBeNegative(startMemory: 100, endMemory: 200, expectedUsed: -100) [< 1 ms]
  Passed NoLock.Social.Core.Tests.Performance.PerformanceMetricsTests.PerformanceMetrics_MemoryUsedBytes_CanBeNegative(startMemory: 0, endMemory: 0, expectedUsed: 0) [< 1 ms]
  Passed NoLock.Social.Core.Tests.Performance.PerformanceMetricsTests.PerformanceMetrics_MemoryUsedBytes_CanBeNegative(startMemory: 1000, endMemory: 500, expectedUsed: 500) [< 1 ms]
  Passed NoLock.Social.Core.Tests.Performance.PerformanceMetricsTests.PerformanceMetrics_MemoryUsedBytes_CanBeNegative(startMemory: 9223372036854775807, endMemory: 0, expectedUsed: 9223372036854775807) [< 1 ms]
  Passed NoLock.Social.Core.Tests.Camera.CameraServiceTests.AddPageToSessionAsync_WithInvalidSessionId_ThrowsException(invalidSessionId: null) [< 1 ms]
  Passed NoLock.Social.Core.Tests.Camera.CameraServiceTests.AddPageToSessionAsync_WithInvalidSessionId_ThrowsException(invalidSessionId: "") [< 1 ms]
  Passed NoLock.Social.Core.Tests.Performance.PerformanceMetricsTests.PerformanceMetrics_Duration_ShouldUseExplicitValueWhenSet [< 1 ms]
  Passed NoLock.Social.Core.Tests.Performance.PerformanceMetricsTests.PerformanceMetrics_ComplexCustomMetrics_ShouldWork [< 1 ms]
  Passed NoLock.Social.Core.Tests.Performance.PerformanceMetricsTests.PerformanceMetrics_Duration_ShouldCalculateFromStartAndEndTime [< 1 ms]
  Passed NoLock.Social.Core.Tests.Performance.PerformanceThresholdsTests.IsViolated_WithMetrics_DurationThreshold(thresholdMs: 1000, actualMs: 999, expectedViolation: False, scenario: "Just under threshold") [< 1 ms]
  Passed NoLock.Social.Core.Tests.Performance.PerformanceThresholdsTests.IsViolated_WithMetrics_DurationThreshold(thresholdMs: 100, actualMs: 200, expectedViolation: True, scenario: "Duration exceeds threshold") [< 1 ms]
  Passed NoLock.Social.Core.Tests.Performance.PerformanceThresholdsTests.IsViolated_WithMetrics_DurationThreshold(thresholdMs: 100, actualMs: 50, expectedViolation: False, scenario: "Duration within threshold") [< 1 ms]
  Passed NoLock.Social.Core.Tests.Performance.PerformanceThresholdsTests.IsViolated_WithMetrics_DurationThreshold(thresholdMs: 100, actualMs: 100, expectedViolation: False, scenario: "Duration equals threshold") [< 1 ms]
  Passed NoLock.Social.Core.Tests.Performance.PerformanceThresholdsTests.IsViolated_WithMetrics_DurationThreshold(thresholdMs: 500, actualMs: 600, expectedViolation: True, scenario: "Large duration exceeds") [< 1 ms]
  Passed NoLock.Social.Core.Tests.Performance.PerformanceThresholdsTests.IsViolated_WithStatistics_AllThresholds(durationThresholdMs: 100, avgDurationMs: 200, memoryThresholdBytes: 1048576, avgMemoryBytes: 2097152, minSuccessRate: 95, actualSuccessRate: 94, expectedViolation: True, scenario: "All thresholds violated") [< 1 ms]
  Passed NoLock.Social.Core.Tests.Performance.PerformanceThresholdsTests.IsViolated_WithStatistics_AllThresholds(durationThresholdMs: 100, avgDurationMs: 50, memoryThresholdBytes: 1048576, avgMemoryBytes: 2097152, minSuccessRate: 95, actualSuccessRate: 96, expectedViolation: True, scenario: "Memory only violated") [< 1 ms]
  Passed NoLock.Social.Core.Tests.Performance.PerformanceThresholdsTests.IsViolated_WithStatistics_AllThresholds(durationThresholdMs: 100, avgDurationMs: 200, memoryThresholdBytes: 1048576, avgMemoryBytes: 524288, minSuccessRate: 95, actualSuccessRate: 96, expectedViolation: True, scenario: "Duration only violated") [< 1 ms]
  Passed NoLock.Social.Core.Tests.Performance.PerformanceThresholdsTests.IsViolated_WithStatistics_AllThresholds(durationThresholdMs: 100, avgDurationMs: 50, memoryThresholdBytes: 1048576, avgMemoryBytes: 524288, minSuccessRate: 95, actualSuccessRate: 94, expectedViolation: True, scenario: "Success rate only violated") [< 1 ms]
  Passed NoLock.Social.Core.Tests.Performance.PerformanceThresholdsTests.IsViolated_WithStatistics_AllThresholds(durationThresholdMs: 100, avgDurationMs: 50, memoryThresholdBytes: 1048576, avgMemoryBytes: 524288, minSuccessRate: 95, actualSuccessRate: 96, expectedViolation: False, scenario: "All thresholds met") [< 1 ms]
  Passed NoLock.Social.Core.Tests.Performance.PerformanceThresholdsTests.IsViolated_WithMetrics_CombinedThresholds(durationThresholdMs: 100, actualDurationMs: 200, memoryThresholdBytes: 1048576, actualMemoryBytes: 524288, expectedViolation: True, scenario: "Only duration exceeded") [< 1 ms]
  Passed NoLock.Social.Core.Tests.Performance.PerformanceThresholdsTests.IsViolated_WithMetrics_CombinedThresholds(durationThresholdMs: 100, actualDurationMs: 50, memoryThresholdBytes: 1048576, actualMemoryBytes: 2097152, expectedViolation: True, scenario: "Only memory exceeded") [< 1 ms]
  Passed NoLock.Social.Core.Tests.Performance.PerformanceThresholdsTests.IsViolated_WithMetrics_CombinedThresholds(durationThresholdMs: 100, actualDurationMs: 50, memoryThresholdBytes: 1048576, actualMemoryBytes: 524288, expectedViolation: False, scenario: "Both thresholds met") [< 1 ms]
  Passed NoLock.Social.Core.Tests.Performance.PerformanceThresholdsTests.IsViolated_WithMetrics_CombinedThresholds(durationThresholdMs: 100, actualDurationMs: 200, memoryThresholdBytes: 1048576, actualMemoryBytes: 2097152, expectedViolation: True, scenario: "Both thresholds exceeded") [< 1 ms]
  Passed NoLock.Social.Core.Tests.Performance.PerformanceThresholdsTests.PerformanceThresholds_PartialConfiguration_ShouldWork(durationMs: null, memoryBytes: 1048576, minSuccessRate: null) [< 1 ms]
  Passed NoLock.Social.Core.Tests.Performance.PerformanceThresholdsTests.PerformanceThresholds_PartialConfiguration_ShouldWork(durationMs: 100, memoryBytes: null, minSuccessRate: null) [< 1 ms]
  Passed NoLock.Social.Core.Tests.Performance.PerformanceThresholdsTests.PerformanceThresholds_PartialConfiguration_ShouldWork(durationMs: null, memoryBytes: null, minSuccessRate: 95) [< 1 ms]
  Passed NoLock.Social.Core.Tests.Performance.PerformanceThresholdsTests.PerformanceThresholds_PartialConfiguration_ShouldWork(durationMs: null, memoryBytes: 1048576, minSuccessRate: 95) [< 1 ms]
  Passed NoLock.Social.Core.Tests.Performance.PerformanceThresholdsTests.PerformanceThresholds_PartialConfiguration_ShouldWork(durationMs: 100, memoryBytes: 1048576, minSuccessRate: null) [< 1 ms]
  Passed NoLock.Social.Core.Tests.Performance.PerformanceThresholdsTests.IsViolated_WithStatistics_SuccessRateThreshold(minSuccessRate: 99.900000000000006, actualSuccessRate: 99.799999999999997, expectedViolation: True, scenario: "High precision threshold violated") [< 1 ms]
  Passed NoLock.Social.Core.Tests.Performance.PerformanceThresholdsTests.IsViolated_WithStatistics_SuccessRateThreshold(minSuccessRate: 95, actualSuccessRate: 96, expectedViolation: False, scenario: "Success rate above threshold") [< 1 ms]
  Passed NoLock.Social.Core.Tests.Performance.PerformanceThresholdsTests.IsViolated_WithStatistics_SuccessRateThreshold(minSuccessRate: 95, actualSuccessRate: 94, expectedViolation: True, scenario: "Success rate below threshold") [< 1 ms]
  Passed NoLock.Social.Core.Tests.Performance.PerformanceThresholdsTests.IsViolated_WithStatistics_SuccessRateThreshold(minSuccessRate: 95, actualSuccessRate: 95, expectedViolation: False, scenario: "Success rate equals threshold") [< 1 ms]
  Passed NoLock.Social.Core.Tests.Performance.PerformanceThresholdsTests.IsViolated_WithStatistics_SuccessRateThreshold(minSuccessRate: 50, actualSuccessRate: 75, expectedViolation: False, scenario: "Success rate well above threshold") [< 1 ms]
  Passed NoLock.Social.Core.Tests.Performance.PerformanceThresholdsTests.IsViolated_WithMetrics_MemoryThreshold(thresholdBytes: 1048576, actualBytes: 1048576, expectedViolation: False, scenario: "Memory equals threshold") [3 ms]
  Passed NoLock.Social.Core.Tests.Performance.PerformanceThresholdsTests.IsViolated_WithMetrics_MemoryThreshold(thresholdBytes: 5242880, actualBytes: 5242879, expectedViolation: False, scenario: "Just under memory threshold") [< 1 ms]
  Passed NoLock.Social.Core.Tests.Performance.PerformanceThresholdsTests.IsViolated_WithMetrics_MemoryThreshold(thresholdBytes: 1048576, actualBytes: 524288, expectedViolation: False, scenario: "Memory within threshold") [< 1 ms]
  Passed NoLock.Social.Core.Tests.Performance.PerformanceThresholdsTests.IsViolated_WithMetrics_MemoryThreshold(thresholdBytes: 1048576, actualBytes: 2097152, expectedViolation: True, scenario: "Memory exceeds threshold") [< 1 ms]
  Passed NoLock.Social.Core.Tests.Performance.PerformanceThresholdsTests.IsViolated_WithMetrics_MemoryThreshold(thresholdBytes: 10485760, actualBytes: 20971520, expectedViolation: True, scenario: "Large memory exceeds") [< 1 ms]
  Passed NoLock.Social.Core.Tests.Performance.PerformanceThresholdsTests.IsViolated_WithMetrics_NoThresholds_ShouldReturnFalse [< 1 ms]
  Passed NoLock.Social.Core.Tests.Performance.PerformanceThresholdsTests.IsViolated_WithStatistics_NoThresholds_ShouldReturnFalse [< 1 ms]
  Passed NoLock.Social.Core.Tests.Camera.CameraServiceTests.SwitchCameraAsync_WithValidDeviceId_SwitchesCamera [9 ms]
  Passed NoLock.Social.Core.Tests.Camera.CameraServiceTests.Dispose_StopsActiveStream [1 ms]
  Passed NoLock.Social.Core.Tests.Camera.CameraServiceTests.InitializeAsync_ShouldCompleteSuccessfully [< 1 ms]
  Passed NoLock.Social.Core.Tests.Camera.CameraServiceTests.IsSessionActiveAsync_WithInvalidSession_ReturnsFalse(sessionId: "nonexistent") [< 1 ms]
  Passed NoLock.Social.Core.Tests.Camera.CameraServiceTests.IsSessionActiveAsync_WithInvalidSession_ReturnsFalse(sessionId: null) [< 1 ms]
  Passed NoLock.Social.Core.Tests.Camera.CameraServiceTests.IsSessionActiveAsync_WithInvalidSession_ReturnsFalse(sessionId: "") [< 1 ms]
  Passed NoLock.Social.Core.Tests.Camera.CameraServiceTests.RemovePageFromSessionAsync_WithInvalidIndex_ThrowsArgumentOutOfRangeException(invalidIndex: 10) [< 1 ms]
  Passed NoLock.Social.Core.Tests.Camera.CameraServiceTests.RemovePageFromSessionAsync_WithInvalidIndex_ThrowsArgumentOutOfRangeException(invalidIndex: -1) [< 1 ms]
  Passed NoLock.Social.Core.Tests.Common.Utilities.ExceptionHandlerTests.ExecuteAsync_Void_ExceptionHandling(operationName: "AsyncVoidError3", errorMessage: "Timeout occurred", rethrow: True) [18 ms]
  Passed NoLock.Social.Core.Tests.Camera.CameraServiceTests.ClearDocumentSessionAsync_RemovesAllPages [< 1 ms]
  Passed NoLock.Social.Core.Tests.Camera.CameraServiceTests.StartStreamAsync_WithExistingStream_ReturnsSameStream [1 ms]
  Passed NoLock.Social.Core.Tests.Identity.Services.SessionPersistenceServiceTests.PersistSessionAsync_ShouldRespectMaxExpiryTime(requestedMinutes: 30, expectedMinutes: 30) [110 ms]
  Passed NoLock.Social.Core.Tests.Camera.CameraServiceTests.DetectBlurAsync_WithValidImageData_ReturnsBlurResult [2 ms]
  Passed NoLock.Social.Core.Tests.OCR.Services.WakeLockServiceTests.AcquireWakeLockAsync_WhenSupported_ReturnsSuccessResult(browserSupported: True, jsResult: True, reason: null) [9 ms]
  Passed NoLock.Social.Core.Tests.Camera.CameraServiceTests.IsZoomSupportedAsync_CallsJSAndReturnsResult [1 ms]
  Passed NoLock.Social.Core.Tests.Camera.CameraServiceTests.Constructor_WithValidJSRuntime_CreatesInstance [< 1 ms]
  Passed NoLock.Social.Core.Tests.Camera.CameraServiceTests.GetDocumentSessionAsync_WithValidSession_ReturnsSession [< 1 ms]
  Passed NoLock.Social.Core.Tests.OCR.Services.WakeLockServiceTests.AcquireWakeLockAsync_WhenSupported_ReturnsSuccessResult(browserSupported: True, jsResult: True, reason: "OCR Processing") [1 ms]
  Passed NoLock.Social.Core.Tests.Camera.CameraServiceTests.StartStreamAsync_WithGrantedPermission_StartsStream [< 1 ms]
  Passed NoLock.Social.Core.Tests.OCR.Services.WakeLockServiceTests.AcquireWakeLockAsync_WhenSupported_ReturnsSuccessResult(browserSupported: True, jsResult: True, reason: "Custom Reason") [< 1 ms]
  Passed NoLock.Social.Core.Tests.OCR.Services.WakeLockServiceTests.StopVisibilityMonitoringAsync_WhenNotActive_DoesNotCallJS [< 1 ms]
  Passed NoLock.Social.Core.Tests.OCR.Services.WakeLockServiceTests.StartVisibilityMonitoringAsync_WhenNotActive_StartsSuccessfully [1 ms]
  Passed NoLock.Social.Core.Tests.OCR.Services.WakeLockServiceTests.Constructor_WithNullLogger_ThrowsArgumentNullException [< 1 ms]
  Passed NoLock.Social.Core.Tests.Camera.CameraServiceTests.CaptureImageAsync_WithActiveStream_CapturesImage [5 ms]
  Passed NoLock.Social.Core.Tests.Identity.RememberMeServiceTests.UpdateLastUsedAsync_WithRememberedUsername_UpdatesTimestamp [110 ms]
  Passed NoLock.Social.Core.Tests.Identity.RememberMeServiceTests.RememberUsernameAsync_EmptyUsername_ThrowsArgumentException [< 1 ms]
  Passed NoLock.Social.Core.Tests.Camera.CameraServiceTests.DisposeDocumentSessionAsync_RemovesSession [4 ms]
  Passed NoLock.Social.Core.Tests.Common.Utilities.ExceptionHandlerTests.ExecuteAsync_Void_ExceptionHandling(operationName: "AsyncVoidError2", errorMessage: "Task cancelled", rethrow: False) [16 ms]
  Passed NoLock.Social.Core.Tests.Camera.CameraServiceTests.StopStreamAsync_WithActiveStream_StopsStream [1 ms]
  Passed NoLock.Social.Core.Tests.Identity.RememberMeServiceTests.RememberedUserData_OnlyContainsNonSensitiveData [2 ms]
  Passed NoLock.Social.Core.Tests.Camera.CameraServiceTests.Constructor_WithNullJSRuntime_ThrowsArgumentNullException [< 1 ms]
  Passed NoLock.Social.Core.Tests.Identity.RememberMeServiceTests.GetRememberedUsernameAsync_CachesResult [< 1 ms]
  Passed NoLock.Social.Core.Tests.Identity.RememberMeServiceTests.GetRememberedUsernameAsync_JSInteropFails_ReturnsNull [1 ms]
  Passed NoLock.Social.Core.Tests.Camera.CameraServiceTests.GetAvailableCamerasAsync_ReturnsDeviceList [1 ms]
  Passed NoLock.Social.Core.Tests.Identity.RememberMeServiceTests.GetRememberedUsernameAsync_NoStoredData_ReturnsNull [< 1 ms]
  Passed NoLock.Social.Core.Tests.Identity.RememberMeServiceTests.GetRememberedUsernameAsync_ValidStoredData_ReturnsUsername [< 1 ms]
  Passed NoLock.Social.Core.Tests.Camera.CameraServiceTests.ReorderPagesInSessionAsync_ReordersCorrectly [1 ms]
  Passed NoLock.Social.Core.Tests.Identity.RememberMeServiceTests.RememberUsernameAsync_NeverStoresPassphrase [< 1 ms]
  Passed NoLock.Social.Core.Tests.Identity.RememberMeServiceTests.RememberUsernameAsync_WhitespaceUsername_ThrowsArgumentException [< 1 ms]
  Passed NoLock.Social.Core.Tests.Camera.CameraServiceTests.CreateDocumentSessionAsync_CreatesNewSession [1 ms]
  Passed NoLock.Social.Core.Tests.Cryptography.Extensions.ReactiveExtensionsTests.BufferUntilUnlocked_ShouldBufferAndReplay(initial: Locking, final: Unlocked, itemCount: 2, scenario: "Buffer locking to unlocked") [52 ms]
[xUnit.net 00:00:00.60]     NoLock.Social.Core.Tests.Cryptography.Extensions.ReactiveExtensionsTests.WhenUnlocked_ShouldEmitOnlyWhenUnlocked [SKIP]
[xUnit.net 00:00:00.60]       Requires WithLatestFrom behavior investigation
  Skipped NoLock.Social.Core.Tests.Cryptography.Extensions.ReactiveExtensionsTests.WhenUnlocked_ShouldEmitOnlyWhenUnlocked [1 ms]
  Passed NoLock.Social.Core.Tests.Camera.CameraServiceTests.IsSessionActiveAsync_WithActiveSession_ReturnsTrue [< 1 ms]
  Passed NoLock.Social.Core.Tests.Identity.RememberMeServiceTests.GetRememberedUsernameAsync_ExpiredData_ClearsAndReturnsNull [1 ms]
  Passed NoLock.Social.Core.Tests.Camera.CameraServiceTests.CleanupInactiveSessionsAsync_RemovesInactiveSessions [1 ms]
  Passed NoLock.Social.Core.Tests.Camera.CameraServiceTests.Dispose_CleansUpResources [< 1 ms]
  Passed NoLock.Social.Core.Tests.Camera.CameraServiceTests.StopStreamAsync_WithoutActiveStream_DoesNothing [< 1 ms]
  Passed NoLock.Social.Core.Tests.Identity.RememberMeServiceTests.RememberUsernameAsync_ValidUsername_StoresSuccessfully [< 1 ms]
  Passed NoLock.Social.Core.Tests.Camera.CameraServiceTests.ValidateImageQualityAsync_WithNullImage_ThrowsArgumentException [< 1 ms]
  Passed NoLock.Social.Core.Tests.Identity.RememberMeServiceTests.ClearRememberedDataAsync_JSInteropFails_DoesNotThrow [1 ms]
  Passed NoLock.Social.Core.Tests.Common.Utilities.ExceptionHandlerTests.ExecuteAsync_Void_ExceptionHandling(operationName: "AsyncVoidError4", errorMessage: "Resource unavailable", rethrow: False) [11 ms]
  Passed NoLock.Social.Core.Tests.Cryptography.SigningServiceTests.SignContentWithKeyPair_NullKeyPair_ThrowsArgumentNullException [1 ms]
  Passed NoLock.Social.Core.Tests.Camera.CameraServiceTests.AssessLightingAsync_WithValidImageData_ReturnsLightingResult [3 ms]
  Passed NoLock.Social.Core.Tests.Common.Services.JSRuntimeWrapperTests.InvokeVoidAsync_WithVariousArguments_DoesNotThrow(identifier: "voidFunc4", args: []) [< 1 ms]
  Passed NoLock.Social.Core.Tests.Common.Services.JSRuntimeWrapperTests.InvokeVoidAsync_WithVariousArguments_DoesNotThrow(identifier: "voidFunc2", args: [123, True, "test"]) [< 1 ms]
  Passed NoLock.Social.Core.Tests.Common.Services.JSRuntimeWrapperTests.InvokeVoidAsync_WithVariousArguments_DoesNotThrow(identifier: "voidFunc3", args: [null]) [< 1 ms]
  Passed NoLock.Social.Core.Tests.Common.Services.JSRuntimeWrapperTests.InvokeVoidAsync_WithVariousArguments_DoesNotThrow(identifier: "voidFunc1", args: ["test"]) [< 1 ms]
  Passed NoLock.Social.Core.Tests.Common.Services.JSRuntimeWrapperTests.InvokeVoidAsync_WithNoArguments_DoesNotThrow [< 1 ms]
  Passed NoLock.Social.Core.Tests.Common.Utilities.ExceptionHandlerTests.Execute_WithReturnValue_ExceptionHandling(operationName: "FileError", errorMessage: "File not found", rethrow: True) [1 ms]
  Passed NoLock.Social.Core.Tests.Common.Services.JSRuntimeWrapperTests.InvokeVoidAsync_WithValidIdentifier_DoesNotThrow [< 1 ms]
  Passed NoLock.Social.Core.Tests.Common.Utilities.ExceptionHandlerTests.Execute_WithReturnValue_ExceptionHandling(operationName: "ParseError", errorMessage: "Invalid format", rethrow: False) [< 1 ms]
  Passed NoLock.Social.Core.Tests.Cryptography.SigningServiceTests.SignContentAsync_ValidContent_ReturnsSignedContent [2 ms]
  Passed NoLock.Social.Core.Tests.Cryptography.SigningServiceTests.SignContentAsync_NullPrivateKey_ThrowsArgumentNullException [< 1 ms]
  Passed NoLock.Social.Core.Tests.Cryptography.SigningServiceTests.SignContentAsync_HashingFails_ThrowsCryptoException [< 1 ms]
  Passed NoLock.Social.Core.Tests.Common.Services.JSRuntimeWrapperTests.InvokeAsync_WithNoArguments_CallsJSRuntime [2 ms]
  Passed NoLock.Social.Core.Tests.Common.Utilities.ExceptionHandlerTests.Execute_WithReturnValue_ExceptionHandling(operationName: "ConfigError", errorMessage: "Missing configuration", rethrow: True) [1 ms]
  Passed NoLock.Social.Core.Tests.Cryptography.SigningServiceTests.ToBase64_ReturnsCorrectBase64Representation [< 1 ms]
  Passed NoLock.Social.Core.Tests.Common.Utilities.ExceptionHandlerTests.Execute_WithReturnValue_ExceptionHandling(operationName: "RuntimeError", errorMessage: "Runtime exception", rethrow: False) [< 1 ms]
  Passed NoLock.Social.Core.Tests.Cryptography.SigningServiceTests.SignContentAsync_InvalidPublicKeyLength_ThrowsArgumentException [< 1 ms]
  Passed NoLock.Social.Core.Tests.Cryptography.SigningServiceTests.SignContentWithKeyPair_ValidInput_SignsSuccessfully [< 1 ms]
  Passed NoLock.Social.Core.Tests.Common.Services.JSRuntimeWrapperTests.InvokeAsync_WithComplexType_ReturnsCorrectType [1 ms]
  Passed NoLock.Social.Core.Tests.Common.Utilities.ExceptionHandlerTests.Execute_Void_ExceptionHandling(operationName: "VoidError4", errorMessage: "Resource locked", rethrow: False) [1 ms]
  Passed NoLock.Social.Core.Tests.Common.Utilities.ExceptionHandlerTests.Execute_Void_ExceptionHandling(operationName: "VoidError2", errorMessage: "Invalid state", rethrow: False) [2 ms]
  Passed NoLock.Social.Core.Tests.Cryptography.SigningServiceTests.SignContentAsync_LargeContent_SignsSuccessfully [3 ms]
  Passed NoLock.Social.Core.Tests.Common.Services.JSRuntimeWrapperTests.InvokeAsync_TaskCancellation_PropagatesCancellation [3 ms]
  Passed NoLock.Social.Core.Tests.Common.Services.JSRuntimeWrapperTests.Constructor_NullJSRuntime_ThrowsArgumentNullException [< 1 ms]
  Passed NoLock.Social.Core.Tests.Common.Utilities.ExceptionHandlerTests.Execute_Void_ExceptionHandling(operationName: "VoidError3", errorMessage: "Access denied", rethrow: True) [1 ms]
  Passed NoLock.Social.Core.Tests.Cryptography.SigningServiceTests.SignContentAsync_EmptyContent_ThrowsArgumentException [< 1 ms]
  Passed NoLock.Social.Core.Tests.Cryptography.ReactiveSessionStateServiceTests.UpdateActivity_WhenLocked_ShouldNotUpdateRemainingTime [59 ms]
  Passed NoLock.Social.Core.Tests.Cryptography.SigningServiceTests.SignContentAsync_SigningFails_ThrowsCryptoException [< 1 ms]
  Passed NoLock.Social.Core.Tests.Common.Services.JSRuntimeWrapperTests.InvokeAsync_WithVariousArguments_CallsJSRuntimeCorrectly(identifier: "function1", args: ["test"], expectedResult: "result1") [1 ms]
  Passed NoLock.Social.Core.Tests.Common.Utilities.ExceptionHandlerTests.Execute_Void_ExceptionHandling(operationName: "VoidError1", errorMessage: "Operation failed", rethrow: True) [1 ms]
  Passed NoLock.Social.Core.Tests.Cryptography.SigningServiceTests.SignContentAsync_UnicodeContent_SignsCorrectly [< 1 ms]
  Passed NoLock.Social.Core.Tests.Common.Services.JSRuntimeWrapperTests.InvokeAsync_WithVariousArguments_CallsJSRuntimeCorrectly(identifier: "function2", args: [123, True], expectedResult: "result2") [< 1 ms]
  Passed NoLock.Social.Core.Tests.Cryptography.SigningServiceTests.SignContentAsync_NullPublicKey_ThrowsArgumentNullException [< 1 ms]
  Passed NoLock.Social.Core.Tests.Common.Services.JSRuntimeWrapperTests.InvokeAsync_WithVariousArguments_CallsJSRuntimeCorrectly(identifier: "function3", args: [null, "test", 456], expectedResult: "result3") [< 1 ms]
  Passed NoLock.Social.Core.Tests.Cryptography.SigningServiceTests.SignContentAsync_NullContent_ThrowsArgumentNullException [< 1 ms]
  Passed NoLock.Social.Core.Tests.Common.Utilities.ExceptionHandlerTests.Execute_WithReturnValue_Success(operationName: "SyncOp4", expectedValue: "", logDebug: False) [1 ms]
  Passed NoLock.Social.Core.Tests.Common.Utilities.ExceptionHandlerTests.Execute_WithReturnValue_Success(operationName: "SyncOp1", expectedValue: "test value 1", logDebug: True) [< 1 ms]
  Passed NoLock.Social.Core.Tests.Cryptography.SigningServiceTests.SignContentAsync_InvalidPrivateKeyLength_ThrowsArgumentException [< 1 ms]
  Passed NoLock.Social.Core.Tests.Common.Utilities.ExceptionHandlerTests.Execute_WithReturnValue_Success(operationName: "SyncOp2", expectedValue: "test value 2", logDebug: False) [< 1 ms]
  Passed NoLock.Social.Core.Tests.Common.Services.JSRuntimeWrapperTests.InvokeAsync_WhenJSRuntimeThrows_PropagatesException [< 1 ms]
  Passed NoLock.Social.Core.Tests.Common.Services.JSRuntimeWrapperTests.Constructor_ValidJSRuntime_CreatesInstance [< 1 ms]
  Passed NoLock.Social.Core.Tests.Common.Utilities.ExceptionHandlerTests.Execute_WithReturnValue_Success(operationName: "SyncOp3", expectedValue: null, logDebug: True) [< 1 ms]
  Passed NoLock.Social.Core.Tests.Common.Services.JSRuntimeWrapperTests.InvokeAsync_WithEmptyIdentifier_CallsJSRuntime [< 1 ms]
  Passed NoLock.Social.Core.Tests.Common.Services.JSRuntimeWrapperTests.InvokeVoidAsync_WithNullArgument_DoesNotThrow [< 1 ms]
  Passed NoLock.Social.Core.Tests.Common.Services.JSRuntimeWrapperTests.InvokeAsync_ConcurrentCalls_AllCallsSucceed [2 ms]
  Passed NoLock.Social.Core.Tests.Common.Services.JSRuntimeWrapperTests.InvokeVoidAsync_ConcurrentCalls_AllCallsComplete [< 1 ms]
  Passed NoLock.Social.Core.Tests.OCR.Services.DocumentProcessingQueueTests.EnqueueDocumentAsync_WithDifferentPriorities_EnqueuesSuccessfully(priority: Low, scenario: "Low priority") [3 ms]
  Passed NoLock.Social.Core.Tests.OCR.Services.DocumentProcessingQueueTests.EnqueueDocumentAsync_WithDifferentPriorities_EnqueuesSuccessfully(priority: Normal, scenario: "Normal priority") [< 1 ms]
  Passed NoLock.Social.Core.Tests.OCR.Services.DocumentProcessingQueueTests.EnqueueDocumentAsync_WithDifferentPriorities_EnqueuesSuccessfully(priority: Critical, scenario: "Critical priority") [< 1 ms]
  Passed NoLock.Social.Core.Tests.OCR.Services.DocumentProcessingQueueTests.EnqueueDocumentAsync_WithDifferentPriorities_EnqueuesSuccessfully(priority: High, scenario: "High priority") [< 1 ms]
  Passed NoLock.Social.Core.Tests.Common.Services.JSRuntimeWrapperTests.InvokeAsync_WithValidIdentifier_CallsJSRuntime [< 1 ms]
  Passed NoLock.Social.Core.Tests.OCR.Services.DocumentProcessingQueueTests.GetQueuedDocumentAsync_InvalidQueueId_ThrowsArgumentNullException(queueId: "", scenario: "empty queueId") [< 1 ms]
  Passed NoLock.Social.Core.Tests.OCR.Services.DocumentProcessingQueueTests.GetQueuedDocumentAsync_InvalidQueueId_ThrowsArgumentNullException(queueId: "   ", scenario: "whitespace queueId") [< 1 ms]
  Passed NoLock.Social.Core.Tests.OCR.Services.DocumentProcessingQueueTests.GetQueuedDocumentAsync_InvalidQueueId_ThrowsArgumentNullException(queueId: null, scenario: "null queueId") [< 1 ms]
  Passed NoLock.Social.Core.Tests.Common.Services.JSRuntimeWrapperTests.InvokeAsync_WithNullableType_ReturnsNull [< 1 ms]
  Passed NoLock.Social.Core.Tests.OCR.Services.DocumentProcessingQueueTests.PauseProcessingAsync_ChangesStateToPaused [1 ms]
  Passed NoLock.Social.Core.Tests.Common.Services.JSRuntimeWrapperTests.InvokeAsync_WithSpecialCharactersInIdentifier_CallsJSRuntime [< 1 ms]
  Passed NoLock.Social.Core.Tests.OCR.Services.DocumentProcessingQueueTests.EnqueueDocumentAsync_WithMetadata_StoresMetadata [1 ms]
  Passed NoLock.Social.Core.Tests.OCR.Services.DocumentProcessingQueueTests.QueueCounts_ReflectCorrectNumbers(queuedCount: 3, processingCount: 0, completedCount: 0, scenario: "only queued documents") [1 ms]
  Passed NoLock.Social.Core.Tests.OCR.Services.DocumentProcessingQueueTests.QueueCounts_ReflectCorrectNumbers(queuedCount: 2, processingCount: 1, completedCount: 0, scenario: "mixed queued and processing") [1 ms]
  Passed NoLock.Social.Core.Tests.OCR.Services.DocumentProcessingQueueTests.QueueCounts_ReflectCorrectNumbers(queuedCount: 0, processingCount: 0, completedCount: 0, scenario: "empty queue") [< 1 ms]
  Passed NoLock.Social.Core.Tests.OCR.Services.DocumentProcessingQueueTests.QueueCounts_ReflectCorrectNumbers(queuedCount: 2, processingCount: 1, completedCount: 3, scenario: "all status types") [< 1 ms]
  Passed NoLock.Social.Core.Tests.OCR.Services.DocumentProcessingQueueTests.QueueCounts_ReflectCorrectNumbers(queuedCount: 0, processingCount: 0, completedCount: 5, scenario: "only completed documents") [< 1 ms]
  Passed NoLock.Social.Core.Tests.OCR.Services.DocumentProcessingQueueTests.UpdateDocumentStatusAsync_WithOCRStatus_UpdatesOCRFields [2 ms]
  Passed NoLock.Social.Core.Tests.Common.Utilities.ExceptionHandlerTests.ExecuteAsync_WithReturnValue_Success(operationName: "Operation1", expectedValue: 42, logDebug: True) [15 ms]
  Passed NoLock.Social.Core.Tests.OCR.Services.DocumentProcessingQueueTests.UpdateDocumentStatusAsync_WithError_StoresErrorDetails [< 1 ms]
  Passed NoLock.Social.Core.Tests.Accessibility.Services.FocusManagementServiceTests.ReleaseFocusTrapAsync_ShouldReleaseTrap_Successfully [10 ms]
  Passed NoLock.Social.Core.Tests.OCR.Services.DocumentProcessingQueueTests.GetQueuedDocumentsAsync_WithDocuments_ReturnsOrderedList(documentCount: 5, scenario: "multiple documents") [2 ms]
  Passed NoLock.Social.Core.Tests.OCR.Services.DocumentProcessingQueueTests.GetQueuedDocumentsAsync_WithDocuments_ReturnsOrderedList(documentCount: 10, scenario: "many documents") [< 1 ms]
  Passed NoLock.Social.Core.Tests.OCR.Services.DocumentProcessingQueueTests.GetQueuedDocumentsAsync_WithDocuments_ReturnsOrderedList(documentCount: 1, scenario: "single document") [< 1 ms]
  Passed NoLock.Social.Core.Tests.Accessibility.Services.FocusManagementServiceTests.DisposeAsync_ShouldReleaseFocusTrap_WhenTrapped [1 ms]
  Passed NoLock.Social.Core.Tests.OCR.Services.DocumentProcessingQueueTests.Dispose_ReleasesResources [< 1 ms]
  Passed NoLock.Social.Core.Tests.Accessibility.Services.FocusManagementServiceTests.StoreFocusAsync_ShouldStoreElement_Successfully [1 ms]
  Passed NoLock.Social.Core.Tests.Performance.PerformanceMonitoringServiceTests.MultipleOperations_CalculatesStatisticsCorrectly [207 ms]
  Passed NoLock.Social.Core.Tests.Accessibility.Services.FocusManagementServiceTests.FocusFirstElementAsync_ShouldFocusFirstElement_Successfully [2 ms]
  Passed NoLock.Social.Core.Tests.Accessibility.Services.FocusManagementServiceTests.GetActiveElementAsync_ShouldReturnNull_WhenNoActiveElement [3 ms]
  Passed NoLock.Social.Core.Tests.Common.Utilities.ExceptionHandlerTests.ExecuteAsync_WithReturnValue_Success(operationName: "LongOperation", expectedValue: 999, logDebug: True) [11 ms]
  Passed NoLock.Social.Core.Tests.Accessibility.Services.FocusManagementServiceTests.IsFocusedAsync_ShouldReturnFalse_WhenElementIsNotFocused [2 ms]
  Passed NoLock.Social.Core.Tests.Accessibility.Services.FocusManagementServiceTests.GetActiveElementAsync_ShouldReturnElement_WhenExists [< 1 ms]
  Passed NoLock.Social.Core.Tests.Accessibility.Services.FocusManagementServiceTests.FocusLastElementAsync_ShouldFocusLastElement_Successfully [2 ms]
  Passed NoLock.Social.Core.Tests.Accessibility.Services.FocusManagementServiceTests.SetFocusAsync_ShouldSetFocus_Successfully [2 ms]
  Passed NoLock.Social.Core.Tests.Accessibility.Services.FocusManagementServiceTests.IsFocusedAsync_ShouldReturnFalse_WhenExceptionOccurs [< 1 ms]
  Passed NoLock.Social.Core.Tests.Performance.PerformanceMonitoringServiceTests.ExportMetricsAsync_GeneratesValidJson [15 ms]
  Passed NoLock.Social.Core.Tests.Accessibility.Services.FocusManagementServiceTests.RestoreFocusAsync_ShouldRestoreFocus_WhenElementWasStored [2 ms]
  Passed NoLock.Social.Core.Tests.Performance.PerformanceMonitoringServiceTests.GetBrowserMetricsAsync_HandlesException [< 1 ms]
  Passed NoLock.Social.Core.Tests.Accessibility.Services.FocusManagementServiceTests.IsFocusedAsync_ShouldReturnTrue_WhenElementIsFocused [1 ms]
  Passed NoLock.Social.Core.Tests.Performance.PerformanceMonitoringServiceTests.SetThresholds_WithStatistics_ChecksViolation [< 1 ms]
  Passed NoLock.Social.Core.Tests.Accessibility.Services.FocusManagementServiceTests.TrapFocusAsync_ShouldTrapFocus_Successfully [2 ms]
  Passed NoLock.Social.Core.Tests.Common.Utilities.ExceptionHandlerTests.ExecuteAsync_WithReturnValue_Success(operationName: "Operation2", expectedValue: 100, logDebug: False) [13 ms]
  Passed NoLock.Social.Core.Tests.Accessibility.Services.FocusManagementServiceTests.GetActiveElementAsync_ShouldReturnNull_WhenExceptionOccurs [1 ms]
  Passed NoLock.Social.Core.Tests.Identity.Services.SessionPersistenceServiceTests.PersistSessionAsync_ShouldRespectMaxExpiryTime(requestedMinutes: 500, expectedMinutes: 500) [81 ms]
  Passed NoLock.Social.Core.Tests.Accessibility.Services.FocusManagementServiceTests.RestoreFocusAsync_ShouldLogDebug_WhenNoStoredElement [1 ms]
  Passed NoLock.Social.Core.Tests.Accessibility.Services.FocusManagementServiceTests.DisposeAsync_ShouldDisposeModule_WhenCreated [< 1 ms]
  Passed NoLock.Social.Core.Tests.Accessibility.Services.FocusManagementServiceTests.DisposeAsync_ShouldHandleExceptionsGracefully [2 ms]
  Passed NoLock.Social.Core.Tests.Accessibility.Services.FocusManagementServiceTests.ReleaseFocusTrapAsync_ShouldLogError_WhenExceptionOccurs [1 ms]
  Passed NoLock.Social.Core.Tests.Accessibility.Services.AnnouncementServiceTests.GetCurrentAnnouncements_InitialState_ReturnsBothEmpty [1 ms]
  Passed NoLock.Social.Core.Tests.Common.Utilities.ExceptionHandlerTests.ExecuteAsync_WithReturnValue_Success(operationName: "QuickOp", expectedValue: -1, logDebug: False) [11 ms]
  Passed NoLock.Social.Core.Tests.Extensions.ServiceCollectionExtensionsTests.AddCryptographicServices_RegistersAllCryptographicServices [21 ms]
  Passed NoLock.Social.Core.Tests.Extensions.ServiceCollectionExtensionsTests.AddTypedContentAddressableStorage_ConfiguresSerializerBasedOnParameter(useJsonSerializer: True, scenario: "with JSON serializer") [< 1 ms]
  Passed NoLock.Social.Core.Tests.Extensions.ServiceCollectionExtensionsTests.AddTypedContentAddressableStorage_ConfiguresSerializerBasedOnParameter(useJsonSerializer: False, scenario: "without JSON serializer") [< 1 ms]
  Passed NoLock.Social.Core.Tests.Extensions.ServiceCollectionExtensionsTests.AddContentAddressableStorage_RegistersHashServices [< 1 ms]
  Passed NoLock.Social.Core.Tests.Extensions.ServiceCollectionExtensionsTests.AddOfflineStorageServices_ReturnsServiceCollectionWithoutAddingServices [< 1 ms]
  Passed NoLock.Social.Core.Tests.Common.Utilities.ExceptionHandlerTests.ExecuteAsync_WithReturnValue_Success(operationName: "ComplexOperation", expectedValue: 0, logDebug: True) [11 ms]
  Passed NoLock.Social.Core.Tests.Extensions.ServiceCollectionExtensionsTests.CombinedServiceRegistration_RegistersAllServicesWithoutConflicts [8 ms]
  Passed NoLock.Social.Core.Tests.Extensions.ServiceCollectionExtensionsTests.AddSecurityServices_RegistersSecurityService [2 ms]
  Passed NoLock.Social.Core.Tests.Extensions.ServiceCollectionExtensionsTests.AddCryptographicServices_RegistersServicesWithCorrectLifetimes [< 1 ms]
  Passed NoLock.Social.Core.Tests.Extensions.ServiceCollectionExtensionsTests.AddCryptographicServices_ConfiguresSessionStateBasedOnParameter(useReactive: False, scenario: "standard session state") [< 1 ms]
  Passed NoLock.Social.Core.Tests.Extensions.ServiceCollectionExtensionsTests.AddCryptographicServices_ConfiguresSessionStateBasedOnParameter(useReactive: True, scenario: "reactive session state") [< 1 ms]
  Passed NoLock.Social.Core.Tests.Extensions.ServiceCollectionExtensionsTests.AllExtensionMethods_ReturnServiceCollectionForChaining [< 1 ms]
  Passed NoLock.Social.Core.Tests.Extensions.ServiceCollectionExtensionsTests.AddContentAddressableStorage_RegistersServicesWithCorrectLifetimes [< 1 ms]
  Passed NoLock.Social.Core.Tests.Extensions.ServiceCollectionExtensionsTests.AddPerformanceMonitoring_RegistersPerformanceMonitoringService [< 1 ms]
  Passed NoLock.Social.Core.Tests.Extensions.ServiceCollectionExtensionsTests.AddCameraServices_RegistersCameraService [< 1 ms]
  Passed NoLock.Social.Core.Tests.Extensions.ServiceCollectionExtensionsTests.AddAccessibilityServices_RegistersAllAccessibilityServices [< 1 ms]
  Passed NoLock.Social.Core.Tests.Extensions.ServiceCollectionExtensionsTests.AddImageProcessingServices_ReturnsServiceCollectionWithoutAddingServices [< 1 ms]
  Passed NoLock.Social.Core.Tests.Extensions.ServiceCollectionExtensionsTests.AddLoginServices_RegistersAllLoginServices [1 ms]
  Passed NoLock.Social.Core.Tests.Extensions.ServiceCollectionExtensionsTests.AddTypedContentAddressableStorage_DefaultsToJsonSerializer [< 1 ms]
  Passed NoLock.Social.Core.Tests.OCR.Services.DocumentTypeDetectorTests.DetectDocumentTypeAsync_KeywordWeighting_ProducesExpectedConfidence(ocrText: "Form W-4\nEmployee's Withholding Certificate", minExpectedConfidence: 0.80000000000000004, scenario: "W4 with strong identifiers") [6 ms]
  Passed NoLock.Social.Core.Tests.Common.Utilities.ExceptionHandlerTests.ExecuteAsync_DifferentExceptionTypes(exceptionType: typeof(System.InvalidOperationException), message: "Invalid operation") [19 ms]
  Passed NoLock.Social.Core.Tests.OCR.Services.DocumentTypeDetectorTests.DetectDocumentTypeAsync_KeywordWeighting_ProducesExpectedConfidence(ocrText: "W-2 Wage and Tax Statement\nEIN: 12-3456789", minExpectedConfidence: 0.80000000000000004, scenario: "W2 with strong identifiers") [1 ms]
  Passed NoLock.Social.Core.Tests.OCR.Services.DocumentTypeDetectorTests.DetectDocumentTypeAsync_KeywordWeighting_ProducesExpectedConfidence(ocrText: "single married dependents", minExpectedConfidence: 0.29999999999999999, scenario: "W4 with only weak keywords") [< 1 ms]
  Passed NoLock.Social.Core.Tests.OCR.Services.DocumentTypeDetectorTests.DetectDocumentTypeAsync_KeywordWeighting_ProducesExpectedConfidence(ocrText: "routing number: 123456789\naccount number: 9876543"···, minExpectedConfidence: 0.5, scenario: "Check with strong technical keywords") [< 1 ms]
  Passed NoLock.Social.Core.Tests.OCR.Services.DocumentTypeDetectorTests.DetectDocumentTypeAsync_KeywordWeighting_ProducesExpectedConfidence(ocrText: "w-4 withholding", minExpectedConfidence: 0.59999999999999998, scenario: "W4 with minimal but strong keywords") [< 1 ms]
  Passed NoLock.Social.Core.Tests.OCR.Services.DocumentTypeDetectorTests.DetectMultipleDocumentTypesAsync_RespectsMaxResults(maxResults: 10, expectedMax: 10) [< 1 ms]
  Passed NoLock.Social.Core.Tests.OCR.Services.DocumentTypeDetectorTests.DetectMultipleDocumentTypesAsync_RespectsMaxResults(maxResults: 3, expectedMax: 3) [< 1 ms]
  Passed NoLock.Social.Core.Tests.OCR.Services.DocumentTypeDetectorTests.DetectMultipleDocumentTypesAsync_RespectsMaxResults(maxResults: 1, expectedMax: 1) [< 1 ms]
  Passed NoLock.Social.Core.Tests.OCR.Services.DocumentTypeDetectorTests.CacheKey_Generation_WorksCorrectly(text1: "short text", text2: "short text", shouldBeSame: True, scenario: "Identical short texts") [1 ms]
  Passed NoLock.Social.Core.Tests.OCR.Services.DocumentTypeDetectorTests.CacheKey_Generation_WorksCorrectly(text1: "a", text2: "b", shouldBeSame: False, scenario: "Different single characters") [2 ms]
  Passed NoLock.Social.Core.Tests.OCR.Services.DocumentTypeDetectorTests.CacheKey_Generation_WorksCorrectly(text1: "short text", text2: "short text ", shouldBeSame: False, scenario: "Different whitespace") [< 1 ms]
  Passed NoLock.Social.Core.Tests.OCR.Services.DocumentTypeDetectorTests.DetectDocumentTypeAsync_VariousDocumentTypes_DataDriven(ocrText: "Bill To: Customer\nShip To: Address\nInvoice Numbe"···, expectedType: Invoice, shouldBeConfident: True, minKeywordMatches: 3, scenario: "Invoice with shipping information") [< 1 ms]
  Passed NoLock.Social.Core.Tests.OCR.Services.DocumentTypeDetectorTests.DetectDocumentTypeAsync_VariousDocumentTypes_DataDriven(ocrText: "W-2 Wage and Tax Statement\nFederal Income Tax: $5"···, expectedType: W2, shouldBeConfident: True, minKeywordMatches: 4, scenario: "W2 with multiple strong indicators") [< 1 ms]
  Passed NoLock.Social.Core.Tests.OCR.Services.DocumentTypeDetectorTests.DetectDocumentTypeAsync_VariousDocumentTypes_DataDriven(ocrText: "Form 1099\nPayer: Company\nRecipient: Individual\n"···, expectedType: Form1099, shouldBeConfident: True, minKeywordMatches: 1, scenario: "Form1099 with basic keywords") [< 1 ms]
  Passed NoLock.Social.Core.Tests.OCR.Services.DocumentTypeDetectorTests.DetectDocumentTypeAsync_VariousDocumentTypes_DataDriven(ocrText: "random text with date and signature", expectedType: Other, shouldBeConfident: False, minKeywordMatches: 0, scenario: "Text with only weak indicators") [< 1 ms]
  Passed NoLock.Social.Core.Tests.OCR.Services.DocumentTypeDetectorTests.DetectMultipleDocumentTypesAsync_AmbiguousDocument_ReturnsAmbiguous [1 ms]
  Passed NoLock.Social.Core.Tests.OCR.Services.DocumentTypeDetectorTests.DetectDocumentTypeAsync_W4Document_DetectsWithHighConfidence [< 1 ms]
  Passed NoLock.Social.Core.Tests.Common.Utilities.ExceptionHandlerTests.ExecuteAsync_DifferentExceptionTypes(exceptionType: typeof(System.NotSupportedException), message: "Not supported") [16 ms]
  Passed NoLock.Social.Core.Tests.OCR.Services.DocumentTypeDetectorTests.DetectMultipleDocumentTypesAsync_MixedKeywords_DetectsAmbiguous(ocrText: "receipt invoice", expectedTypes: [Receipt, Invoice], scenario: "Receipt and Invoice keywords") [2 ms]
  Passed NoLock.Social.Core.Tests.OCR.Services.DocumentTypeDetectorTests.DetectMultipleDocumentTypesAsync_MixedKeywords_DetectsAmbiguous(ocrText: "w-2 w-4 withholding", expectedTypes: [W2, W4], scenario: "W2 and W4 keywords") [< 1 ms]
  Passed NoLock.Social.Core.Tests.OCR.Services.DocumentTypeDetectorTests.DetectMultipleDocumentTypesAsync_MixedKeywords_DetectsAmbiguous(ocrText: "check routing number invoice bill to", expectedTypes: [Check, Invoice], scenario: "Check and Invoice mix") [1 ms]
  Passed NoLock.Social.Core.Tests.OCR.Services.DocumentTypeDetectorTests.DetectMultipleDocumentTypesAsync_InvalidMaxResults_HandlesGracefully(requestedMax: 0, expectedMax: 1, scenario: "Zero max results should default to 1") [< 1 ms]
  Passed NoLock.Social.Core.Tests.OCR.Services.DocumentTypeDetectorTests.DetectMultipleDocumentTypesAsync_InvalidMaxResults_HandlesGracefully(requestedMax: 100, expectedMax: 6, scenario: "Very high max results should be capped to availabl"···) [1 ms]
  Passed NoLock.Social.Core.Tests.OCR.Services.DocumentTypeDetectorTests.DetectMultipleDocumentTypesAsync_InvalidMaxResults_HandlesGracefully(requestedMax: -1, expectedMax: 1, scenario: "Negative max results should default to 1") [1 ms]
  Passed NoLock.Social.Core.Tests.OCR.Services.DocumentTypeDetectorTests.DetectDocumentTypeAsync_UnusualFormatting_StillDetects(ocrText: "\t\tRECEIPT\n\n\n", expectedType: Receipt, scenario: "Text with excessive whitespace") [2 ms]
  Passed NoLock.Social.Core.Tests.Identity.Services.SessionPersistenceServiceTests.PersistSessionAsync_ShouldRespectMaxExpiryTime(requestedMinutes: 2000, expectedMinutes: 1440) [86 ms]
  Passed NoLock.Social.Core.Tests.OCR.Services.DocumentProcessingQueueTests.StopAsync_ChangesStateToStopped [111 ms]
  Passed NoLock.Social.Core.Tests.OCR.Services.DocumentProcessingQueueTests.RemoveDocumentAsync_ExistingDocument_RemovesSuccessfully [8 ms]
  Passed NoLock.Social.Core.Tests.OCR.Services.DocumentProcessingQueueTests.GetStatisticsAsync_CalculatesAverageProcessingTime(time1Ms: 100, time2Ms: 200, expectedAverage: 150, scenario: "average of two processing times") [4 ms]
  Passed NoLock.Social.Core.Tests.OCR.Services.DocumentProcessingQueueTests.GetStatisticsAsync_CalculatesAverageProcessingTime(time1Ms: 50, time2Ms: 150, expectedAverage: 100, scenario: "different processing times") [4 ms]
  Passed NoLock.Social.Core.Tests.OCR.Services.DocumentProcessingQueueTests.GetQueuedDocumentAsync_ExistingDocument_ReturnsDocument [2 ms]
  Passed NoLock.Social.Core.Tests.OCR.Services.DocumentTypeDetectorTests.DetectDocumentTypeAsync_UnusualFormatting_StillDetects(ocrText: "invoice invoice invoice invoice invoice", expectedType: Invoice, scenario: "Repeated single keyword") [67 ms]
  Passed NoLock.Social.Core.Tests.Common.Utilities.ExceptionHandlerTests.ExecuteAsync_DifferentExceptionTypes(exceptionType: typeof(System.TimeoutException), message: "Operation timed out") [62 ms]
  Passed NoLock.Social.Core.Tests.OCR.Services.DocumentTypeDetectorTests.DetectDocumentTypeAsync_UnusualFormatting_StillDetects(ocrText: "W-4!@#$%^&*()", expectedType: W4, scenario: "Text with special characters") [19 ms]
  Passed NoLock.Social.Core.Tests.OCR.Services.DocumentTypeDetectorTests.DetectDocumentTypeAsync_UnusualFormatting_StillDetects(ocrText: "12345 67890 RECEIPT 98765", expectedType: Receipt, scenario: "Keywords mixed with numbers") [47 ms]
  Passed NoLock.Social.Core.Tests.OCR.Services.DocumentTypeDetectorTests.ConfidenceScoring_HighKeywordMatch_ProducesHighConfidence [14 ms]
  Passed NoLock.Social.Core.Tests.Common.Utilities.ExceptionHandlerTests.ExecuteAsync_DifferentExceptionTypes(exceptionType: typeof(System.ArgumentNullException), message: "Value cannot be null") [95 ms]
  Passed NoLock.Social.Core.Tests.OCR.Services.DocumentTypeDetectorTests.DetectDocumentTypeAsync_CachesResults [4 ms]
  Passed NoLock.Social.Core.Tests.OCR.Services.DocumentTypeDetectorTests.DetectDocumentTypeAsync_CommonDocuments_DetectsCorrectly(ocrText: "RECEIPT\nTotal: $45.99\nSubtotal: $42.00\nTax: $3."···, expectedType: Receipt, shouldBeConfident: True, scenario: "Standard receipt") [1 ms]
  Passed NoLock.Social.Core.Tests.OCR.Services.DocumentProcessingQueueTests.EnqueueDocumentAsync_WhenQueueStopping_ThrowsInvalidOperationException [111 ms]
  Passed NoLock.Social.Core.Tests.OCR.Services.DocumentProcessingQueueTests.RetryDocumentAsync_NonRetryableDocument_ThrowsInvalidOperationException [1 ms]
  Passed NoLock.Social.Core.Tests.OCR.Services.DocumentProcessingQueueTests.CancelDocumentProcessingAsync_RaisesEvents [1 ms]
  Passed NoLock.Social.Core.Tests.OCR.Services.DocumentTypeDetectorTests.DetectDocumentTypeAsync_CommonDocuments_DetectsCorrectly(ocrText: "invoice #12345\nBill To: John Doe\nAmount Due: $50"···, expectedType: Invoice, shouldBeConfident: True, scenario: "Standard invoice") [2 ms]
  Passed NoLock.Social.Core.Tests.OCR.Services.DocumentProcessingQueueTests.UpdateDocumentStatusAsync_ValidStatus_UpdatesSuccessfully(status: Processing, scenario: "processing status") [< 1 ms]
  Passed NoLock.Social.Core.Tests.OCR.Services.DocumentProcessingQueueTests.UpdateDocumentStatusAsync_ValidStatus_UpdatesSuccessfully(status: Cancelled, scenario: "cancelled status") [< 1 ms]
  Passed NoLock.Social.Core.Tests.OCR.Services.DocumentProcessingQueueTests.UpdateDocumentStatusAsync_ValidStatus_UpdatesSuccessfully(status: Completed, scenario: "completed status") [< 1 ms]
  Passed NoLock.Social.Core.Tests.OCR.Services.DocumentProcessingQueueTests.UpdateDocumentStatusAsync_ValidStatus_UpdatesSuccessfully(status: Failed, scenario: "failed status") [< 1 ms]
  Passed NoLock.Social.Core.Tests.OCR.Services.DocumentProcessingQueueTests.StartAsync_ChangesStateToRunning [< 1 ms]
  Passed NoLock.Social.Core.Tests.OCR.Services.DocumentProcessingQueueTests.ClearCompletedDocumentsAsync_RemovesOnlyCompletedDocuments(completedCount: 5, pendingCount: 0, expectedRemoved: 5, scenario: "all completed documents") [< 1 ms]
  Passed NoLock.Social.Core.Tests.OCR.Services.DocumentProcessingQueueTests.ClearCompletedDocumentsAsync_RemovesOnlyCompletedDocuments(completedCount: 3, pendingCount: 2, expectedRemoved: 3, scenario: "some completed documents") [< 1 ms]
  Passed NoLock.Social.Core.Tests.OCR.Services.DocumentProcessingQueueTests.ClearCompletedDocumentsAsync_RemovesOnlyCompletedDocuments(completedCount: 0, pendingCount: 5, expectedRemoved: 0, scenario: "no completed documents") [< 1 ms]
  Passed NoLock.Social.Core.Tests.OCR.Services.DocumentTypeDetectorTests.DetectDocumentTypeAsync_CommonDocuments_DetectsCorrectly(ocrText: "PAY TO THE ORDER OF: John Smith\n$500.00\nFive Hun"···, expectedType: Check, shouldBeConfident: True, scenario: "Bank check") [1 ms]
  Passed NoLock.Social.Core.Tests.OCR.Services.DocumentProcessingQueueTests.CancelDocumentProcessingAsync_InvalidQueueId_ThrowsArgumentNullException(queueId: null, scenario: "null queueId") [< 1 ms]
  Passed NoLock.Social.Core.Tests.OCR.Services.DocumentProcessingQueueTests.CancelDocumentProcessingAsync_InvalidQueueId_ThrowsArgumentNullException(queueId: "", scenario: "empty queueId") [< 1 ms]
  Passed NoLock.Social.Core.Tests.OCR.Services.DocumentProcessingQueueTests.EnqueueDocumentAsync_RaisesDocumentQueuedEvent [< 1 ms]
  Passed NoLock.Social.Core.Tests.OCR.Services.DocumentTypeDetectorTests.DetectDocumentTypeAsync_ConcurrentCalls_ThreadSafe [3 ms]
  Passed NoLock.Social.Core.Tests.OCR.Services.DocumentTypeDetectorTests.ManualConfirmation_LowConfidence_RequiresManualConfirmation [1 ms]
  Passed NoLock.Social.Core.Tests.OCR.Services.DocumentTypeDetectorTests.DetectDocumentTypeAsync_InvalidInput_ReturnsUnknown(input: "", expectedType: Other, expectedScore: 0, scenario: "Empty OCR data") [< 1 ms]
  Passed NoLock.Social.Core.Tests.OCR.Services.DocumentTypeDetectorTests.DetectDocumentTypeAsync_InvalidInput_ReturnsUnknown(input: "   ", expectedType: Other, expectedScore: 0, scenario: "Whitespace OCR data") [< 1 ms]
  Passed NoLock.Social.Core.Tests.OCR.Services.DocumentTypeDetectorTests.DetectDocumentTypeAsync_InvalidInput_ReturnsUnknown(input: null, expectedType: Other, expectedScore: 0, scenario: "Null OCR data") [< 1 ms]
  Passed NoLock.Social.Core.Tests.Common.Utilities.ExceptionHandlerTests.ExecuteAsync_DifferentExceptionTypes(exceptionType: typeof(System.ArgumentException), message: "Invalid argument") [17 ms]
  Passed NoLock.Social.Core.Tests.OCR.Services.DocumentTypeDetectorTests.CacheKey_VeryLongText_UsesOnlyFirst100Chars [1 ms]
  Passed NoLock.Social.Core.Tests.OCR.Services.DocumentTypeDetectorTests.ClearCache_ConcurrentWithDetection_ThreadSafe [7 ms]
  Passed NoLock.Social.Core.Tests.OCR.Services.DocumentTypeDetectorTests.DetectMultipleDocumentTypesAsync_ReturnsTopMatches [4 ms]
  Passed NoLock.Social.Core.Tests.OCR.Services.DocumentTypeDetectorTests.DetectDocumentTypeAsync_MixedCaseKeywords_StillDetects [< 1 ms]
  Passed NoLock.Social.Core.Tests.OCR.Services.DocumentTypeDetectorTests.DetectDocumentTypeAsync_VeryLongText_HandlesGracefully [1 ms]
  Passed NoLock.Social.Core.Tests.OCR.Services.DocumentTypeDetectorTests.DetectDocumentTypeAsync_Cancellation_ThrowsOperationCanceledException [1 ms]
  Passed NoLock.Social.Core.Tests.OCR.Services.DocumentTypeDetectorTests.DetectDocumentTypeAsync_HighConfidenceBonusApplied_When5OrMoreKeywordsMatch [< 1 ms]
  Passed NoLock.Social.Core.Tests.OCR.Services.DocumentTypeDetectorTests.ClearCache_RemovesCachedResults [1 ms]
  Passed NoLock.Social.Core.Tests.OCR.Services.DocumentTypeDetectorTests.ConfidenceScoring_LowKeywordMatch_ProducesLowConfidence [< 1 ms]
  Passed NoLock.Social.Core.Tests.Cryptography.BrowserCompatibilityServiceTests.IsWebCryptoAvailableAsync_WhenAvailable_ReturnsTrue [< 1 ms]
  Passed NoLock.Social.Core.Tests.Cryptography.BrowserCompatibilityServiceTests.GetCompatibilityInfoAsync_WhenWebCryptoMissing_ReturnsIncompatibleInfo [1 ms]
  Passed NoLock.Social.Core.Tests.Cryptography.BrowserCompatibilityServiceTests.IsWebCryptoAvailableAsync_WhenNotAvailable_ReturnsFalse [< 1 ms]
  Passed NoLock.Social.Core.Tests.Cryptography.BrowserCompatibilityServiceTests.IsSecureContextAsync_WhenSecure_ReturnsTrue [3 ms]
  Passed NoLock.Social.Core.Tests.Cryptography.BrowserCompatibilityServiceTests.IsSecureContextAsync_WhenNotSecure_ReturnsFalse [< 1 ms]
  Passed NoLock.Social.Core.Tests.Cryptography.BrowserCompatibilityServiceTests.GetCompatibilityInfoAsync_WhenFullyCompatible_ReturnsCompatibleInfo [< 1 ms]
  Passed NoLock.Social.Core.Tests.Cryptography.BrowserCompatibilityServiceTests.GetCompatibilityInfoAsync_WhenNotSecure_ReturnsIncompatibleInfo [1 ms]
  Passed NoLock.Social.Core.Tests.Cryptography.SessionStateServiceTests.StartSessionAsync_WithValidData_ShouldCreateSession [2 ms]
  Passed NoLock.Social.Core.Tests.Cryptography.SessionStateServiceTests.GetRemainingTime_ShouldReturnCorrectTimeSpan [< 1 ms]
  Passed NoLock.Social.Core.Tests.Cryptography.SessionStateServiceTests.LockSessionAsync_WhenUnlocked_ShouldLockSession [< 1 ms]
  Passed NoLock.Social.Core.Tests.Identity.Services.SessionPersistenceServiceTests.PersistSessionAsync_ShouldRespectMaxExpiryTime(requestedMinutes: 60, expectedMinutes: 60) [218 ms]
  Passed NoLock.Social.Core.Tests.Cryptography.SessionStateServiceTests.UpdateActivity_ShouldUpdateLastActivityTime [11 ms]
  Passed NoLock.Social.Core.Tests.Cryptography.SessionStateServiceTests.Dispose_ShouldClearSession [< 1 ms]
  Passed NoLock.Social.Core.Tests.Cryptography.SessionStateServiceTests.UnlockSessionAsync_WithLockedSession_ShouldUnlock [2 ms]
  Passed NoLock.Social.Core.Tests.Accessibility.Services.AnnouncementServiceTests.AnnounceAssertiveAsync_WithDifferentCategories_PreservesCategory(category: Error) [302 ms]
  Passed NoLock.Social.Core.Tests.Cryptography.SessionStateServiceTests.EndSessionAsync_ShouldClearAllData [1 ms]
  Passed NoLock.Social.Core.Tests.Cryptography.SessionStateServiceTests.CheckTimeoutAsync_WhenTimedOut_ShouldLockSession [< 1 ms]
  Passed NoLock.Social.Core.Tests.Cryptography.SessionStateServiceTests.UnlockSessionAsync_WithWrongPassphrase_ShouldRemainLocked [< 1 ms]
  Passed NoLock.Social.Core.Tests.Cryptography.SessionStateServiceTests.StartSessionAsync_WhenAlreadyUnlocked_ShouldReturnFalse [< 1 ms]
  Passed NoLock.Social.Core.Tests.Cryptography.SessionStateServiceTests.InitialState_ShouldBeLocked [< 1 ms]
  Passed NoLock.Social.Core.Tests.Cryptography.SessionStateServiceTests.CheckTimeoutAsync_WhenNotTimedOut_ShouldRemainUnlocked [< 1 ms]
  Passed NoLock.Social.Core.Tests.Performance.PerformanceTimerTests.MultipleDispose_ShouldOnlyRecordOnce [< 1 ms]
  Passed NoLock.Social.Core.Tests.OCR.Services.DocumentProcessingQueueTests.StateChanges_RaiseQueueStateChangedEvent [109 ms]
  Passed NoLock.Social.Core.Tests.OCR.Services.DocumentProcessingQueueTests.RetryDocumentAsync_FailedDocument_PreparesForRetry [2 ms]
  Passed NoLock.Social.Core.Tests.Common.Utilities.ExceptionHandlerTests.ExecuteAsync_Void_Success(operationName: "VoidAsyncOp4", delayMs: 100) [104 ms]
  Passed NoLock.Social.Core.Tests.OCR.Services.DocumentProcessingQueueTests.GetNextDocumentForProcessing_WithQueuedDocuments_ReturnsHighestPriority [1 ms]
  Passed NoLock.Social.Core.Tests.OCR.Services.DocumentProcessingQueueTests.GetNextDocumentForProcessing_AllProcessing_ReturnsNull [< 1 ms]
  Passed NoLock.Social.Core.Tests.OCR.Services.DocumentProcessingQueueTests.GetQueuedDocumentAsync_NonExistentDocument_ReturnsNull [< 1 ms]
  Passed NoLock.Social.Core.Tests.OCR.Services.DocumentProcessingQueueTests.UpdateDocumentStatusAsync_RaisesProcessingStatusChangedEvent [< 1 ms]
  Passed NoLock.Social.Core.Tests.OCR.Services.DocumentProcessingQueueTests.EnqueueDocumentAsync_MultipleDocuments_UpdatesQueuePositions [< 1 ms]
  Passed NoLock.Social.Core.Tests.OCR.Services.DocumentProcessingQueueTests.MixedConcurrentOperations_HandledSafely [< 1 ms]
  Passed NoLock.Social.Core.Tests.OCR.Services.DocumentProcessingQueueTests.GetStatisticsAsync_ReturnsValidStatistics [< 1 ms]
  Passed NoLock.Social.Core.Tests.OCR.Services.DocumentProcessingQueueTests.ResumeProcessingAsync_ChangesStateToRunning [< 1 ms]
  Passed NoLock.Social.Core.Tests.OCR.Services.DocumentProcessingQueueTests.GetNextDocumentForProcessing_EmptyQueue_ReturnsNull [< 1 ms]
  Passed NoLock.Social.Core.Tests.OCR.Services.DocumentProcessingQueueTests.GetQueuedDocumentsAsync_EmptyQueue_ReturnsEmptyList [< 1 ms]
  Passed NoLock.Social.Core.Tests.OCR.Services.DocumentProcessingQueueTests.EnqueueDocumentAsync_NullRequest_ThrowsArgumentNullException [1 ms]
  Passed NoLock.Social.Core.Tests.OCR.Services.DocumentProcessingQueueTests.EnqueueDocumentAsync_ValidRequest_ReturnsQueueId [< 1 ms]
  Passed NoLock.Social.Core.Tests.OCR.Services.DocumentProcessingQueueTests.RemoveDocumentAsync_NonExistentDocument_ReturnsFalse [< 1 ms]
  Passed NoLock.Social.Core.Tests.OCR.Services.DocumentProcessingQueueTests.RemoveDocumentAsync_RaisesProcessingCompletedEvent [< 1 ms]
  Passed NoLock.Social.Core.Tests.OCR.Services.DocumentProcessingQueueTests.CancelDocumentProcessingAsync_CancellableDocument_CancelsSuccessfully [< 1 ms]
  Passed NoLock.Social.Core.Tests.OCR.Services.DocumentProcessingQueueTests.Dispose_MultipleCalls_DoesNotThrow [< 1 ms]
  Passed NoLock.Social.Core.Tests.OCR.Services.DocumentProcessingQueueTests.CancelDocumentProcessingAsync_NonExistentDocument_ReturnsFalse [< 1 ms]
  Passed NoLock.Social.Core.Tests.OCR.Services.DocumentProcessingQueueTests.EnqueueDocumentAsync_ConcurrentEnqueues_HandledSafely [1 ms]
  Passed NoLock.Social.Core.Tests.Common.Utilities.ExceptionHandlerTests.ExecuteAsync_Void_Success(operationName: "VoidAsyncOp1", delayMs: 10) [11 ms]
  Passed NoLock.Social.Core.Tests.Common.Utilities.ExceptionHandlerTests.ExecuteAsync_Void_Success(operationName: "VoidAsyncOp3", delayMs: 0) [< 1 ms]
  Passed NoLock.Social.Core.Tests.Identity.SessionPersistenceServiceTests.PersistSessionAsync_ValidData_StoresSessionMetadata [4 ms]
  Passed NoLock.Social.Core.Tests.Identity.Services.SessionPersistenceServiceTests.PersistSessionAsync_ShouldRespectMaxExpiryTime(requestedMinutes: 120, expectedMinutes: 120) [75 ms]
  Passed NoLock.Social.Core.Tests.Identity.Services.SessionPersistenceServiceTests.HasValidPersistedSessionAsync_ShouldReturnFalse_WhenExceptionOccurs [< 1 ms]
  Passed NoLock.Social.Core.Tests.Identity.SessionPersistenceServiceTests.ExtendSessionExpiryAsync_ExtendsValidSession [2 ms]
  Passed NoLock.Social.Core.Tests.Identity.SessionPersistenceServiceTests.GetPersistedSessionAsync_NoSession_ReturnsNull [< 1 ms]
  Passed NoLock.Social.Core.Tests.Identity.Services.SessionPersistenceServiceTests.GetPersistedSessionAsync_ShouldReturnSession_WhenValidSessionExists [1 ms]
  Passed NoLock.Social.Core.Tests.Identity.Services.SessionPersistenceServiceTests.ExtendSessionExpiryAsync_ShouldNotExceedMaxExpiry [1 ms]
  Passed NoLock.Social.Core.Tests.Identity.SessionPersistenceServiceTests.GetRemainingSessionTimeAsync_NoSession_ReturnsZero [2 ms]
  Passed NoLock.Social.Core.Tests.Identity.Services.SessionPersistenceServiceTests.Constructor_ShouldThrowArgumentNullException_WhenLoggerIsNull [< 1 ms]
  Passed NoLock.Social.Core.Tests.Identity.Services.SessionPersistenceServiceTests.GetPersistedSessionAsync_ShouldReturnNull_WhenDeserializationFails [< 1 ms]
  Passed NoLock.Social.Core.Tests.Identity.SessionPersistenceServiceTests.ClearPersistedSessionAsync_RemovesAllSessionData [1 ms]
  Passed NoLock.Social.Core.Tests.Identity.Services.SessionPersistenceServiceTests.PersistSessionAsync_ShouldThrowArgumentException_WhenEncryptionKeyIsNull [2 ms]
  Passed NoLock.Social.Core.Tests.Identity.SessionPersistenceServiceTests.GetPersistedSessionAsync_ValidSession_ReturnsSessionData [1 ms]
  Passed NoLock.Social.Core.Tests.Identity.Services.SessionPersistenceServiceTests.GetPersistedSessionAsync_ShouldReturnNull_WhenNoSessionStored [< 1 ms]
  Passed NoLock.Social.Core.Tests.Identity.SessionPersistenceServiceTests.HasValidPersistedSessionAsync_ValidSession_ReturnsTrue [< 1 ms]
  Passed NoLock.Social.Core.Tests.Identity.SessionPersistenceServiceTests.GetSessionMetadataAsync_ReturnsStoredMetadata [1 ms]
  Passed NoLock.Social.Core.Tests.Identity.Services.SessionPersistenceServiceTests.DecryptSessionAsync_ShouldThrowArgumentNullException_WhenEncryptedDataIsNull [1 ms]
  Passed NoLock.Social.Core.Tests.Identity.SessionPersistenceServiceTests.GetRemainingSessionTimeAsync_ValidSession_ReturnsCorrectTime [< 1 ms]
  Passed NoLock.Social.Core.Tests.Identity.Services.SessionPersistenceServiceTests.PersistSessionAsync_ShouldThrowArgumentNullException_WhenSessionDataIsNull [< 1 ms]
  Passed NoLock.Social.Core.Tests.Identity.SessionPersistenceServiceTests.GetPersistedSessionAsync_ExpiredSession_ClearsAndReturnsNull [< 1 ms]
  Passed NoLock.Social.Core.Tests.Identity.SessionPersistenceServiceTests.HasValidPersistedSessionAsync_NoSession_ReturnsFalse [< 1 ms]
  Passed NoLock.Social.Core.Tests.Accessibility.Services.CameraVoiceCommandIntegrationTests.InitializeAsync_ShouldLogWarning_WhenAlreadyInitialized [10 ms]
  Passed NoLock.Social.Core.Tests.Accessibility.Services.CameraVoiceCommandIntegrationTests.StartCameraCommands_ShouldCallStartStream(command: "activate camera") [2 ms]
  Passed NoLock.Social.Core.Tests.Accessibility.Services.CameraVoiceCommandIntegrationTests.StartCameraCommands_ShouldCallStartStream(command: "start camera") [< 1 ms]
  Passed NoLock.Social.Core.Tests.Accessibility.Services.CameraVoiceCommandIntegrationTests.StartCameraCommands_ShouldCallStartStream(command: "begin scanning") [< 1 ms]
  Passed NoLock.Social.Core.Tests.Accessibility.Services.CameraVoiceCommandIntegrationTests.DisposeAsync_ShouldStopListening_WhenListening [< 1 ms]
  Passed NoLock.Social.Core.Tests.Accessibility.Services.CameraVoiceCommandIntegrationTests.DisposeAsync_ShouldBeIdempotent [< 1 ms]
  Passed NoLock.Social.Core.Tests.Accessibility.Services.CameraVoiceCommandIntegrationTests.SwitchCamera_ShouldSwitchToNextCamera_WhenMultipleCamerasAvailable(command: "switch camera") [2 ms]
  Passed NoLock.Social.Core.Tests.Accessibility.Services.CameraVoiceCommandIntegrationTests.SwitchCamera_ShouldSwitchToNextCamera_WhenMultipleCamerasAvailable(command: "change camera") [< 1 ms]
  Passed NoLock.Social.Core.Tests.Accessibility.Services.CameraVoiceCommandIntegrationTests.SwitchCamera_ShouldSwitchToNextCamera_WhenMultipleCamerasAvailable(command: "flip camera") [< 1 ms]
  Passed NoLock.Social.Core.Tests.Accessibility.Services.CameraVoiceCommandIntegrationTests.TorchCommands_ShouldToggleTorch(command: "torch on", enabled: True) [2 ms]
  Passed NoLock.Social.Core.Tests.Accessibility.Services.CameraVoiceCommandIntegrationTests.TorchCommands_ShouldToggleTorch(command: "light off", enabled: False) [< 1 ms]
  Passed NoLock.Social.Core.Tests.Accessibility.Services.CameraVoiceCommandIntegrationTests.TorchCommands_ShouldToggleTorch(command: "light on", enabled: True) [< 1 ms]
  Passed NoLock.Social.Core.Tests.Accessibility.Services.CameraVoiceCommandIntegrationTests.TorchCommands_ShouldToggleTorch(command: "flash off", enabled: False) [< 1 ms]
  Passed NoLock.Social.Core.Tests.Accessibility.Services.CameraVoiceCommandIntegrationTests.TorchCommands_ShouldToggleTorch(command: "flash on", enabled: True) [< 1 ms]
  Passed NoLock.Social.Core.Tests.Accessibility.Services.CameraVoiceCommandIntegrationTests.TorchCommands_ShouldToggleTorch(command: "torch off", enabled: False) [< 1 ms]
  Passed NoLock.Social.Core.Tests.Performance.PerformanceTimerTests.PerformanceTimer_DurationAccuracy(sleepMs: 100) [101 ms]
  Passed NoLock.Social.Core.Tests.Accessibility.Services.CameraVoiceCommandIntegrationTests.OnVoiceCommandRecognized_ShouldLogInformation [3 ms]
  Passed NoLock.Social.Core.Tests.Accessibility.Services.CameraVoiceCommandIntegrationTests.StartListeningAsync_ShouldStartListening_Successfully [1 ms]
  Passed NoLock.Social.Core.Tests.Accessibility.Services.CameraVoiceCommandIntegrationTests.CaptureCommands_ShouldCallCaptureImage(command: "take photo") [1 ms]
  Passed NoLock.Social.Core.Tests.Accessibility.Services.CameraVoiceCommandIntegrationTests.CaptureCommands_ShouldCallCaptureImage(command: "capture") [< 1 ms]
  Passed NoLock.Social.Core.Tests.Accessibility.Services.CameraVoiceCommandIntegrationTests.CaptureCommands_ShouldCallCaptureImage(command: "take picture") [< 1 ms]
  Passed NoLock.Social.Core.Tests.Accessibility.Services.CameraVoiceCommandIntegrationTests.CaptureCommands_ShouldCallCaptureImage(command: "snap") [< 1 ms]
  Passed NoLock.Social.Core.Tests.Accessibility.Services.CameraVoiceCommandIntegrationTests.Constructor_ShouldThrowArgumentNullException_WhenCameraServiceIsNull [< 1 ms]
  Passed NoLock.Social.Core.Tests.Accessibility.Services.CameraVoiceCommandIntegrationTests.StopCameraCommands_ShouldCallStopStream(command: "deactivate camera") [1 ms]
  Passed NoLock.Social.Core.Tests.Accessibility.Services.CameraVoiceCommandIntegrationTests.StopCameraCommands_ShouldCallStopStream(command: "end scanning") [< 1 ms]
  Passed NoLock.Social.Core.Tests.Accessibility.Services.CameraVoiceCommandIntegrationTests.StopCameraCommands_ShouldCallStopStream(command: "stop camera") [< 1 ms]
  Passed NoLock.Social.Core.Tests.Accessibility.Services.CameraVoiceCommandIntegrationTests.OnSpeechError_ShouldLogError [1 ms]
  Passed NoLock.Social.Core.Tests.Accessibility.Services.CameraVoiceCommandIntegrationTests.StartListeningAsync_ShouldInitializeFirst_WhenNotInitialized [< 1 ms]
  Passed NoLock.Social.Core.Tests.Accessibility.Services.CameraVoiceCommandIntegrationTests.StopListeningAsync_ShouldThrowObjectDisposedException_WhenDisposed [< 1 ms]
  Passed NoLock.Social.Core.Tests.Accessibility.Services.CameraVoiceCommandIntegrationTests.ZoomOut_ShouldDecreaseZoom [1 ms]
  Passed NoLock.Social.Core.Tests.Accessibility.Services.CameraVoiceCommandIntegrationTests.StopListeningAsync_ShouldStopListening_Successfully [< 1 ms]
  Passed NoLock.Social.Core.Tests.Accessibility.Services.CameraVoiceCommandIntegrationTests.Constructor_ShouldThrowArgumentNullException_WhenVoiceCommandServiceIsNull [< 1 ms]
  Passed NoLock.Social.Core.Tests.OCR.Services.WakeLockServiceTests.Dispose_WhenWakeLockActive_ReleasesWakeLock [501 ms]
  Passed NoLock.Social.Core.Tests.OCR.Services.WakeLockServiceTests.StartVisibilityMonitoringAsync_WhenJSExceptionThrown_ThrowsInvalidOperationException [< 1 ms]
  Passed NoLock.Social.Core.Tests.Accessibility.Services.CameraVoiceCommandIntegrationTests.InitializeAsync_ShouldSubscribeToEvents [5 ms]
  Passed NoLock.Social.Core.Tests.OCR.Services.WakeLockServiceTests.AcquireWakeLockAsync_WhenGenericExceptionThrown_ReturnsFailureResult [< 1 ms]
  Passed NoLock.Social.Core.Tests.Accessibility.Services.CameraVoiceCommandIntegrationTests.ResetZoom_ShouldSetZoomToOne [< 1 ms]
  Passed NoLock.Social.Core.Tests.OCR.Services.WakeLockServiceTests.ReleaseWakeLockAsync_RaisesWakeLockStatusChangedEvent [< 1 ms]
  Passed NoLock.Social.Core.Tests.Accessibility.Services.CameraVoiceCommandIntegrationTests.StartListeningAsync_ShouldThrowObjectDisposedException_WhenDisposed [< 1 ms]
  Passed NoLock.Social.Core.Tests.Accessibility.Services.CameraVoiceCommandIntegrationTests.Constructor_ShouldThrowArgumentNullException_WhenLoggerIsNull [< 1 ms]
  Passed NoLock.Social.Core.Tests.OCR.Services.WakeLockServiceTests.AcquireWakeLockAsync_WhenAlreadyActive_ReturnsSuccessWithoutJSCall [1 ms]
  Passed NoLock.Social.Core.Tests.Accessibility.Services.CameraVoiceCommandIntegrationTests.InitializeAsync_ShouldThrowObjectDisposedException_WhenDisposed [< 1 ms]
  Passed NoLock.Social.Core.Tests.Accessibility.Services.CameraVoiceCommandIntegrationTests.InitializeAsync_ShouldRegisterAllCommands_Successfully [< 1 ms]
  Passed NoLock.Social.Core.Tests.OCR.Services.WakeLockServiceTests.PropertyAccess_IsThreadSafe [< 1 ms]
  Passed NoLock.Social.Core.Tests.Common.Utilities.ExceptionHandlerTests.ExecuteAsync_Void_Success(operationName: "VoidAsyncOp2", delayMs: 50) [57 ms]
  Passed NoLock.Social.Core.Tests.Common.Utilities.ExceptionHandlerTests.Execute_Void_Success(operationName: "VoidOp2") [< 1 ms]
  Passed NoLock.Social.Core.Tests.OCR.Services.WakeLockServiceTests.MethodsAfterDispose_ThrowObjectDisposedException [< 1 ms]
  Passed NoLock.Social.Core.Tests.OCR.Services.WakeLockServiceTests.Constructor_WithNullJSRuntime_ThrowsArgumentNullException [< 1 ms]
  Passed NoLock.Social.Core.Tests.Common.Utilities.ExceptionHandlerTests.Execute_Void_Success(operationName: "VoidOp3") [< 1 ms]
  Passed NoLock.Social.Core.Tests.Common.Utilities.ExceptionHandlerTests.Execute_Void_Success(operationName: "VoidOp4") [< 1 ms]
  Passed NoLock.Social.Core.Tests.Common.Utilities.ExceptionHandlerTests.Execute_Void_Success(operationName: "VoidOp1") [< 1 ms]
  Passed NoLock.Social.Core.Tests.OCR.Services.WakeLockServiceTests.ReleaseWakeLockAsync_WhenJSExceptionThrown_ReturnsFailureResult [2 ms]
  Passed NoLock.Social.Core.Tests.Accessibility.Services.CameraVoiceCommandIntegrationTests.SwitchCamera_ShouldLogWarning_WhenOnlyOneCameraAvailable [3 ms]
  Passed NoLock.Social.Core.Tests.OCR.Services.WakeLockServiceTests.AcquireWakeLockAsync_WhenJSReturnsFalse_ReturnsFailureResult [< 1 ms]
  Passed NoLock.Social.Core.Tests.Accessibility.Services.CameraVoiceCommandIntegrationTests.ZoomIn_ShouldNotExceedMaxZoom [1 ms]
  Passed NoLock.Social.Core.Tests.Accessibility.Services.CameraVoiceCommandIntegrationTests.DisposeAsync_ShouldUnsubscribeEvents_WhenInitialized [2 ms]
  Passed NoLock.Social.Core.Tests.Accessibility.Services.CameraVoiceCommandIntegrationTests.ZoomIn_ShouldIncreaseZoom [< 1 ms]
  Passed NoLock.Social.Core.Tests.Accessibility.Services.CameraVoiceCommandIntegrationTests.ZoomOut_ShouldNotGoBelowMinZoom [< 1 ms]
  Passed NoLock.Social.Core.Tests.Identity.SessionPersistenceIntegrationTests.ExtendSessionAsync_ExtendsPersistedSession [2 ms]
  Passed NoLock.Social.Core.Tests.Identity.SessionPersistenceIntegrationTests.TryRestoreSessionAsync_NoPersistedSession_ReturnsFalse [< 1 ms]
  Passed NoLock.Social.Core.Tests.Common.Utilities.ExceptionHandlerTests.ExecuteAsync_WithReturnValue_ExceptionHandling(operationName: "NetworkError", errorMessage: "Host unreachable", rethrow: False) [12 ms]
  Passed NoLock.Social.Core.Tests.Identity.SessionPersistenceIntegrationTests.TryRestoreSessionAsync_ValidPersistedSession_RestoresInLockedState [3 ms]
  Passed NoLock.Social.Core.Tests.Identity.SessionPersistenceIntegrationTests.SessionTimeout_DoesNotAffectPersistedSession [< 1 ms]
  Passed NoLock.Social.Core.Tests.Identity.SessionPersistenceIntegrationTests.StartSessionAsync_PersistsSessionData [1 ms]
  Passed NoLock.Social.Core.Tests.Identity.SessionPersistenceIntegrationTests.EndSessionAsync_ClearsPersistedSession [< 1 ms]
  Passed NoLock.Social.Core.Tests.Identity.SessionPersistenceIntegrationTests.SessionStateChanges_EmitEventsOnRestore [< 1 ms]
  Passed NoLock.Social.Core.Tests.Common.Utilities.ExceptionHandlerTests.ExecuteAsync_WithReturnValue_ExceptionHandling(operationName: "AuthError", errorMessage: "Unauthorized access", rethrow: False) [13 ms]
  Passed NoLock.Social.Core.Tests.Identity.Services.SessionPersistenceServiceTests.PersistSessionAsync_ShouldReturnFalse_WhenStorageFails [78 ms]
  Passed NoLock.Social.Core.Tests.Identity.Services.SessionPersistenceServiceTests.ExtendSessionExpiryAsync_ShouldExtendExpiry_WhenSessionExists [1 ms]
  Passed NoLock.Social.Core.Tests.Identity.Services.SessionPersistenceServiceTests.PersistSessionAsync_ShouldThrowArgumentException_WhenEncryptionKeyIsEmpty [2 ms]
  Passed NoLock.Social.Core.Tests.Identity.Services.SessionPersistenceServiceTests.GetRemainingSessionTimeAsync_ShouldReturnZero_WhenExceptionOccurs [1 ms]
  Passed NoLock.Social.Core.Tests.Identity.Services.SessionPersistenceServiceTests.ClearPersistedSessionAsync_ShouldRemoveBothStorageKeys [2 ms]
  Passed NoLock.Social.Core.Tests.Identity.Services.SessionPersistenceServiceTests.DecryptSessionAsync_ShouldThrowArgumentException_WhenDecryptionKeyIsNull [< 1 ms]
  Passed NoLock.Social.Core.Tests.Identity.Services.SessionPersistenceServiceTests.ClearPersistedSessionAsync_ShouldNotThrow_WhenClearFails [< 1 ms]
  Passed NoLock.Social.Core.Tests.Identity.Services.SessionPersistenceServiceTests.GetRemainingSessionTimeAsync_ShouldReturnRemainingTime_WhenSessionValid [< 1 ms]
  Passed NoLock.Social.Core.Tests.Common.Utilities.ExceptionHandlerTests.ExecuteAsync_WithReturnValue_ExceptionHandling(operationName: "DatabaseError", errorMessage: "Connection timeout", rethrow: True) [13 ms]
  Passed NoLock.Social.Core.Tests.Identity.Services.SessionPersistenceServiceTests.Constructor_ShouldThrowArgumentNullException_WhenJSRuntimeIsNull [< 1 ms]
  Passed NoLock.Social.Core.Tests.Identity.Services.SessionPersistenceServiceTests.ExtendSessionExpiryAsync_ShouldNotThrow_WhenSessionDoesNotExist [2 ms]
  Passed NoLock.Social.Core.Tests.Identity.Services.SessionPersistenceServiceTests.HasValidPersistedSessionAsync_ShouldReturnFalse_WhenNoSessionExists [< 1 ms]
  Passed NoLock.Social.Core.Tests.Common.Utilities.ExceptionHandlerTests.ExecuteAsync_WithReturnValue_ExceptionHandling(operationName: "ValidationError", errorMessage: "Invalid input", rethrow: True) [12 ms]
  Passed NoLock.Social.Core.Tests.Common.Utilities.ExceptionHandlerTests.ExecuteAsync_WithCancellationToken_ShouldHandleCancellation [1 ms]
  Passed NoLock.Social.Core.Tests.Common.Utilities.ExceptionHandlerTests.ExecuteAsync_NestedExceptions_ShouldLogCorrectly [14 ms]
  Passed NoLock.Social.Core.Tests.OCR.Services.WakeLockServiceTests.OnVisibilityChanged_WhenHiddenAndWakeLockActive_AutoReleasesWakeLock [102 ms]
  Passed NoLock.Social.Core.Tests.OCR.Services.WakeLockServiceTests.ReleaseWakeLockAsync_WhenJSReturnsFalse_ReturnsFailureResult [< 1 ms]
  Passed NoLock.Social.Core.Tests.OCR.Services.WakeLockServiceTests.Constructor_WithValidParameters_InitializesCorrectly [< 1 ms]
  Passed NoLock.Social.Core.Tests.OCR.Services.WakeLockServiceTests.StartVisibilityMonitoringAsync_WhenAlreadyActive_DoesNotCallJSAgain [< 1 ms]
  Passed NoLock.Social.Core.Tests.OCR.Services.WakeLockServiceTests.AcquireWakeLockAsync_WhenBrowserNotSupported_ReturnsFailureResult [< 1 ms]
  Passed NoLock.Social.Core.Tests.OCR.Services.WakeLockServiceTests.AcquireWakeLockAsync_WhenJSExceptionThrown_ReturnsFailureResult [< 1 ms]
  Passed NoLock.Social.Core.Tests.OCR.Services.WakeLockServiceTests.StopVisibilityMonitoringAsync_WhenActive_StopsSuccessfully [< 1 ms]
  Passed NoLock.Social.Core.Tests.OCR.Services.WakeLockServiceTests.ReleaseWakeLockAsync_WhenActive_ReturnsSuccessResult [< 1 ms]
  Passed NoLock.Social.Core.Tests.OCR.Services.WakeLockServiceTests.AcquireWakeLockAsync_RaisesWakeLockStatusChangedEvent [< 1 ms]
  Passed NoLock.Social.Core.Tests.OCR.Services.WakeLockServiceTests.ConcurrentWakeLockOperations_HandledSafely [3 ms]
  Passed NoLock.Social.Core.Tests.OCR.Services.WakeLockServiceTests.ReleaseWakeLockAsync_WhenNotActive_ReturnsSuccessWithoutJSCall [< 1 ms]
  Passed NoLock.Social.Core.Tests.OCR.Services.WakeLockServiceTests.OnVisibilityChanged_RaisesVisibilityChangedEvent [< 1 ms]
  Passed NoLock.Social.Core.Tests.Identity.Services.SessionPersistenceServiceTests.PersistSessionAsync_ShouldStoreInSessionStorage_WhenConfiguredToUseSessionStorage [73 ms]
  Passed NoLock.Social.Core.Tests.Identity.Services.SessionPersistenceServiceTests.DecryptSessionAsync_ShouldReturnNull_CurrentImplementationIsSimplified [< 1 ms]
  Passed NoLock.Social.Core.Tests.Identity.Services.SessionPersistenceServiceTests.GetRemainingSessionTimeAsync_ShouldReturnZero_WhenNoSession [< 1 ms]
  Passed NoLock.Social.Core.Tests.Identity.Services.SessionPersistenceServiceTests.GetPersistedSessionAsync_ShouldReturnNull_WhenSessionExpired [1 ms]
  Passed NoLock.Social.Core.Tests.Accessibility.Services.AnnouncementServiceTests.AnnounceAssertiveAsync_WithDifferentCategories_PreservesCategory(category: VoiceCommand) [300 ms]
  Passed NoLock.Social.Core.Tests.Performance.PerformanceTimerTests.PerformanceTimer_DurationAccuracy(sleepMs: 200) [201 ms]
  Passed NoLock.Social.Core.Tests.Performance.PerformanceTimerTests.PerformanceTimer_DurationAccuracy(sleepMs: 10) [11 ms]
  Passed NoLock.Social.Core.Tests.Identity.Services.SessionPersistenceServiceTests.PersistSessionAsync_ShouldGenerateSaltAndIV [71 ms]
  Passed NoLock.Social.Core.Tests.Identity.Services.SessionPersistenceServiceTests.GetRemainingSessionTimeAsync_ShouldReturnZero_WhenSessionExpired [1 ms]
  Passed NoLock.Social.Core.Tests.Performance.PerformanceTimerTests.PerformanceTimer_DurationAccuracy(sleepMs: 50) [51 ms]
  Passed NoLock.Social.Core.Tests.Cryptography.Extensions.ReactiveExtensionsTests.ThrottleProgress_ShouldSampleProgressUpdates(totalMs: 500, throttleMs: 200, updates: 5, scenario: "Medium progress updates") [784 ms]
  Passed NoLock.Social.Core.Tests.Performance.PerformanceTimerTests.PerformanceTimer_ShouldRecordAccurateTimestamps [101 ms]
  Passed NoLock.Social.Core.Tests.Performance.PerformanceTimerTests.MarkAsFailure_ShouldSetFailureState(errorMessage: "Database connection failed") [< 1 ms]
  Passed NoLock.Social.Core.Tests.Performance.PerformanceTimerTests.MarkAsFailure_ShouldSetFailureState(errorMessage: "Timeout occurred") [< 1 ms]
  Passed NoLock.Social.Core.Tests.Performance.PerformanceTimerTests.MarkAsFailure_ShouldSetFailureState(errorMessage: "Network error") [< 1 ms]
  Passed NoLock.Social.Core.Tests.Performance.PerformanceTimerTests.MarkAsFailure_ShouldSetFailureState(errorMessage: "Invalid input data") [< 1 ms]
  Passed NoLock.Social.Core.Tests.Performance.PerformanceTimerTests.MarkAsFailure_ShouldSetFailureState(errorMessage: "Authorization failed") [< 1 ms]
  Passed NoLock.Social.Core.Tests.Performance.PerformanceTimerTests.AddMetric_ShouldStoreCustomMetrics(key: "metric3", value: 45.670000000000002, description: "Custom metric double") [< 1 ms]
  Passed NoLock.Social.Core.Tests.Performance.PerformanceTimerTests.AddMetric_ShouldStoreCustomMetrics(key: "metric2", value: "test value", description: "Custom metric string") [< 1 ms]
  Passed NoLock.Social.Core.Tests.Performance.PerformanceTimerTests.AddMetric_ShouldStoreCustomMetrics(key: "metric1", value: 123, description: "Custom metric integer") [< 1 ms]
  Passed NoLock.Social.Core.Tests.Performance.PerformanceTimerTests.AddMetric_ShouldStoreCustomMetrics(key: "metric4", value: True, description: "Custom metric boolean") [< 1 ms]
  Passed NoLock.Social.Core.Tests.Performance.PerformanceTimerTests.PerformanceTimer_ShouldRecordMetricsOnDispose [51 ms]
  Passed NoLock.Social.Core.Tests.Performance.PerformanceTimerTests.PerformanceTimer_WithMultipleCustomMetrics_ShouldStoreAll [< 1 ms]
  Passed NoLock.Social.Core.Tests.Performance.PerformanceTimerTests.PerformanceTimer_FailureThenSuccess_ShouldRecordFailure [< 1 ms]
  Passed NoLock.Social.Core.Tests.Performance.PerformanceTimerTests.PerformanceTimer_ShouldWorkWithAsyncOperations [51 ms]
  Passed NoLock.Social.Core.Tests.Performance.PerformanceTimerTests.PerformanceTimer_ShouldCaptureMemoryUsage [1 ms]
  Passed NoLock.Social.Core.Tests.Accessibility.Services.AnnouncementServiceTests.AnnounceAssertiveAsync_WithDifferentCategories_PreservesCategory(category: QualityFeedback) [301 ms]
  Passed NoLock.Social.Core.Tests.Cryptography.Extensions.ReactiveExtensionsTests.ThrottleProgress_ShouldSampleProgressUpdates(totalMs: 100, throttleMs: 50, updates: 3, scenario: "Fast progress updates") [202 ms]
  Passed NoLock.Social.Core.Tests.OCR.Services.WakeLockServiceTests.Dispose_WhenVisibilityMonitoringActive_StopsMonitoring [501 ms]
  Passed NoLock.Social.Core.Tests.Accessibility.Services.AnnouncementServiceTests.AnnounceAssertiveAsync_WithDifferentCategories_PreservesCategory(category: OfflineStatus) [301 ms]
  Passed NoLock.Social.Core.Tests.Accessibility.Services.AnnouncementServiceTests.AnnounceAssertiveAsync_WithInvalidMessage_LogsWarningAndReturns(invalidMessage: "   ") [2 ms]
  Passed NoLock.Social.Core.Tests.Accessibility.Services.AnnouncementServiceTests.AnnounceAssertiveAsync_WithInvalidMessage_LogsWarningAndReturns(invalidMessage: "") [< 1 ms]
  Passed NoLock.Social.Core.Tests.Accessibility.Services.AnnouncementServiceTests.AnnounceAssertiveAsync_WithInvalidMessage_LogsWarningAndReturns(invalidMessage: null) [< 1 ms]
  Passed NoLock.Social.Core.Tests.Accessibility.Services.AnnouncementServiceTests.ClearAnnouncementsAsync_WithActiveAnnouncements_ClearsBothAndFiresEvents [52 ms]
  Passed NoLock.Social.Core.Tests.Accessibility.Services.AnnouncementServiceTests.AnnouncePoliteAsync_WithNavigationCategory_UsesCorrectSettings [109 ms]
  Passed NoLock.Social.Core.Tests.Accessibility.Services.AnnouncementServiceTests.AnnouncePoliteAsync_WithInvalidMessage_LogsWarningAndReturns(invalidMessage: "") [12 ms]
  Passed NoLock.Social.Core.Tests.Accessibility.Services.AnnouncementServiceTests.AnnouncePoliteAsync_WithInvalidMessage_LogsWarningAndReturns(invalidMessage: null) [< 1 ms]
  Passed NoLock.Social.Core.Tests.Accessibility.Services.AnnouncementServiceTests.AnnouncePoliteAsync_WithInvalidMessage_LogsWarningAndReturns(invalidMessage: "   ") [< 1 ms]
  Passed NoLock.Social.Core.Tests.Accessibility.Services.AnnouncementServiceTests.Constructor_WithValidLogger_CreatesInstance [< 1 ms]
  Passed NoLock.Social.Core.Tests.Accessibility.Services.AnnouncementServiceTests.AnnouncePoliteAsync_WithDifferentCategories_PreservesCategory(category: PageManagement) [102 ms]
  Passed NoLock.Social.Core.Tests.Accessibility.Services.AnnouncementServiceTests.AnnouncePoliteAsync_WithDifferentCategories_PreservesCategory(category: CameraOperation) [101 ms]
  Passed NoLock.Social.Core.Tests.Accessibility.Services.AnnouncementServiceTests.AnnouncePoliteAsync_WithDifferentCategories_PreservesCategory(category: Navigation) [101 ms]
  Passed NoLock.Social.Core.Tests.Accessibility.Services.AnnouncementServiceTests.AnnouncePoliteAsync_WithDifferentCategories_PreservesCategory(category: General) [101 ms]
  Passed NoLock.Social.Core.Tests.Accessibility.Services.AnnouncementServiceTests.GetCurrentAnnouncements_DuringAssertiveAnnouncement_ReturnsAssertiveMessage [302 ms]
  Passed NoLock.Social.Core.Tests.Cryptography.Extensions.ReactiveExtensionsTests.ThrottleProgress_ShouldSampleProgressUpdates(totalMs: 1000, throttleMs: 300, updates: 10, scenario: "Slow progress updates") [1 s]
  Passed NoLock.Social.Core.Tests.Cryptography.Extensions.ReactiveExtensionsTests.RetryWithBackoff_ShouldFailAfterMaxRetries [42 ms]
  Passed NoLock.Social.Core.Tests.Cryptography.Extensions.ReactiveExtensionsTests.RetryWithBackoff_ShouldRetryWithExponentialDelay(retryCount: 1, initialDelayMs: 100, expectedAttempts: 1, scenario: "Single retry") [2 ms]
  Passed NoLock.Social.Core.Tests.Accessibility.Services.AnnouncementServiceTests.AnnounceAssertiveAsync_WithOfflineStatusCategory_UsesCorrectSettings [302 ms]
  Passed NoLock.Social.Core.Tests.Accessibility.Services.AnnouncementServiceTests.UnicodeCharactersInMessage_PreservedCorrectly [102 ms]
  Passed NoLock.Social.Core.Tests.Accessibility.Services.AnnouncementServiceTests.GetCurrentAnnouncements_DuringPoliteAnnouncement_ReturnsPoliteMessage [101 ms]
  Passed NoLock.Social.Core.Tests.Accessibility.Services.AnnouncementServiceTests.MixedAnnouncements_PoliteAndAssertive_BothHandledIndependently [301 ms]
  Passed NoLock.Social.Core.Tests.OCR.Services.PollingServiceTests.PollAsync_RespectsMaxAttempts(maxAttempts: 3, shouldEnforceLimit: True, scenario: "respects max attempts limit") [3 s]
  Passed NoLock.Social.Core.Tests.OCR.Services.PollingServiceTests.PollAsync_RespectsMaxAttempts(maxAttempts: null, shouldEnforceLimit: False, scenario: "no limit when max attempts is null") [< 1 ms]
  Passed NoLock.Social.Core.Tests.Accessibility.Services.AnnouncementServiceTests.AnnouncePoliteAsync_WithValidMessage_FiresEventAndClearsAfterDelay [102 ms]
  Passed NoLock.Social.Core.Tests.Accessibility.Services.AnnouncementServiceTests.Constructor_WithNullLogger_ThrowsArgumentNullException [< 1 ms]
  Passed NoLock.Social.Core.Tests.Cryptography.Extensions.ReactiveExtensionsTests.RetryWithBackoff_ShouldRetryWithExponentialDelay(retryCount: 5, initialDelayMs: 50, expectedAttempts: 5, scenario: "Many retries with short delay") [754 ms]
[xUnit.net 00:00:04.05]     NoLock.Social.Core.Tests.Cryptography.Extensions.ReactiveExtensionsTests.CombineProgress_ShouldWeightProgressCorrectly [SKIP]
[xUnit.net 00:00:04.05]       Test data needs correction for weighted progress calculation
[xUnit.net 00:00:04.05]     NoLock.Social.Core.Tests.Cryptography.Extensions.ReactiveExtensionsTests.CompleteOnTimeout_ShouldCompleteAtWarningThreshold [SKIP]
[xUnit.net 00:00:04.05]       CompleteOnTimeout logic needs review
[xUnit.net 00:00:04.06]     NoLock.Social.Core.Tests.Cryptography.Extensions.ReactiveExtensionsTests.CreateProgressObservable_ShouldCreateWorkingProgressReporter [SKIP]
[xUnit.net 00:00:04.06]       Progress reporter async behavior needs investigation
  Passed NoLock.Social.Core.Tests.Accessibility.Services.AnnouncementServiceTests.MultipleAnnouncements_InRapidSuccession_AllProcessedCorrectly [102 ms]
  Passed NoLock.Social.Core.Tests.Cryptography.Extensions.ReactiveExtensionsTests.RetryWithBackoff_ShouldRetryWithExponentialDelay(retryCount: 3, initialDelayMs: 100, expectedAttempts: 3, scenario: "Multiple retries") [300 ms]
  Passed NoLock.Social.Core.Tests.Cryptography.Extensions.ReactiveExtensionsTests.CombineProgress_WithEmptyArray_ShouldReturnZero [1 ms]
  Skipped NoLock.Social.Core.Tests.Cryptography.Extensions.ReactiveExtensionsTests.CombineProgress_ShouldWeightProgressCorrectly [1 ms]
  Passed NoLock.Social.Core.Tests.Cryptography.Extensions.ReactiveExtensionsTests.FromEventPattern_ShouldConvertEventsToObservable [3 ms]
  Skipped NoLock.Social.Core.Tests.Cryptography.Extensions.ReactiveExtensionsTests.CompleteOnTimeout_ShouldCompleteAtWarningThreshold [1 ms]
  Passed NoLock.Social.Core.Tests.Cryptography.Extensions.ReactiveExtensionsTests.ObserveOnUI_ShouldReturnObservable [2 ms]
  Skipped NoLock.Social.Core.Tests.Cryptography.Extensions.ReactiveExtensionsTests.CreateProgressObservable_ShouldCreateWorkingProgressReporter [1 ms]
  Passed NoLock.Social.Core.Tests.Accessibility.Services.AnnouncementServiceTests.AnnounceAssertiveAsync_WithValidMessage_FiresEventAndClearsAfterLongerDelay [302 ms]
  Passed NoLock.Social.Core.Tests.Accessibility.Services.AnnouncementServiceTests.SpecialCharactersInMessage_PreservedCorrectly [101 ms]
  Passed NoLock.Social.Core.Tests.Accessibility.Services.AnnouncementServiceTests.AnnouncePoliteAsync_WithExceptionInHandler_LogsErrorAndContinues [1 ms]
  Passed NoLock.Social.Core.Tests.Accessibility.Services.AnnouncementServiceTests.VeryLongMessage_HandledCorrectly [102 ms]
  Passed NoLock.Social.Core.Tests.OCR.Services.PollingServiceTests.PollAsync_RespectsMaxPollingDuration(pollingDurationSeconds: 2, attemptsToComplete: 3, shouldSucceed: False, scenario: "timeout with short duration") [2 s]
  Passed NoLock.Social.Core.Tests.OCR.Services.PollingServiceTests.PollAsync_RespectsMaxPollingDuration(pollingDurationSeconds: 10, attemptsToComplete: 5, shouldSucceed: True, scenario: "no timeout with long duration") [4 s]
  Passed NoLock.Social.Core.Tests.OCR.Services.PollingServiceTests.PollAsync_HandlesRapidPolling(initialInterval: 1, multiplier: 2, maxInterval: 4) [6 s]
  Passed NoLock.Social.Core.Tests.OCR.Services.PollingServiceTests.PollAsync_HandlesRapidPolling(initialInterval: 1, multiplier: 10, maxInterval: 8) [16 s]
  Passed NoLock.Social.Core.Tests.OCR.Services.PollingServiceTests.PollAsync_PreservesOriginalExceptionDetails [1 ms]
  Passed NoLock.Social.Core.Tests.OCR.Services.PollingServiceTests.PollingConfiguration_ValidateSucceedsForValidConfig(initialInterval: 1, maxInterval: 8, multiplier: 2, maxDuration: 60, useBackoff: True, scenario: "valid fast configuration") [< 1 ms]
  Passed NoLock.Social.Core.Tests.OCR.Services.PollingServiceTests.PollingConfiguration_ValidateSucceedsForValidConfig(initialInterval: 5, maxInterval: 30, multiplier: 2, maxDuration: 300, useBackoff: True, scenario: "valid OCR default configuration") [< 1 ms]
  Passed NoLock.Social.Core.Tests.OCR.Services.PollingServiceTests.PollingConfiguration_ValidateSucceedsForValidConfig(initialInterval: 30, maxInterval: 30, multiplier: 1, maxDuration: 1800, useBackoff: False, scenario: "valid slow configuration") [< 1 ms]
  Passed NoLock.Social.Core.Tests.OCR.Services.PollingServiceTests.PollingConfiguration_ValidateThrowsForInvalidConfig(initialInterval: -5, expectedExceptionType: typeof(System.ArgumentOutOfRangeException), scenario: "negative initial interval") [< 1 ms]
  Passed NoLock.Social.Core.Tests.OCR.Services.PollingServiceTests.PollingConfiguration_ValidateThrowsForInvalidConfig(initialInterval: 0, expectedExceptionType: typeof(System.ArgumentOutOfRangeException), scenario: "initial interval must be positive") [< 1 ms]
  Passed NoLock.Social.Core.Tests.OCR.Services.PollingServiceTests.PollAsync_CompletesSuccessfullyWithinTimeout(attemptsToComplete: 1, maxDurationSeconds: 100, shouldSucceed: True, scenario: "immediate completion") [12 ms]
  Passed NoLock.Social.Core.Tests.OCR.Services.PollingServiceTests.PollAsync_CompletesSuccessfullyWithinTimeout(attemptsToComplete: 3, maxDurationSeconds: 100, shouldSucceed: True, scenario: "completion after 3 attempts") [4 s]
  Passed NoLock.Social.Core.Tests.OCR.Services.PollingServiceTests.PollAsync_CompletesSuccessfullyWithinTimeout(attemptsToComplete: 5, maxDurationSeconds: 100, shouldSucceed: True, scenario: "completion after 5 attempts") [8 s]
  Passed NoLock.Social.Core.Tests.OCR.Services.PollingServiceTests.PollAsync_RespectsFixedIntervalConfiguration(useExponentialBackoff: True) [6 s]
  Passed NoLock.Social.Core.Tests.OCR.Services.PollingServiceTests.PollAsync_RespectsFixedIntervalConfiguration(useExponentialBackoff: False) [2 s]
  Passed NoLock.Social.Core.Tests.OCR.Services.PollingServiceTests.PollAsync_ProperlyCancelsOnCancellationToken [2 s]
  Passed NoLock.Social.Core.Tests.OCR.Services.PollingServiceTests.PollWithProgressAsync_HandlesNullProgressCallback [2 s]
  Passed NoLock.Social.Core.Tests.OCR.Services.PollingServiceTests.PollAsync_CallsProgressCallbackOnEachAttempt [2 s]
  Passed NoLock.Social.Core.Tests.OCR.Services.PollingServiceTests.PollAsync_ImplementsExponentialBackoffCorrectly [14 s]
  Passed NoLock.Social.Core.Tests.OCR.Services.PollingServiceTests.PollAsync_PropagatesOperationCancellation [1 ms]
  Passed NoLock.Social.Core.Tests.OCR.Services.PollingServiceTests.PollAsync_HandlesTimeoutDuringOperation [1 s]
  Passed NoLock.Social.Core.Tests.OCR.Services.PollingServiceTests.PollAsync_HandlesOperationExceptionsGracefully [< 1 ms]
[xUnit.net 00:01:14.57]   Finished:    NoLock.Social.Core.Tests
  Passed NoLock.Social.Core.Tests.OCR.Services.PollingServiceTests.PollAsync_HandlesTimeoutDuringDelay [1 s]
  Passed NoLock.Social.Core.Tests.OCR.Services.PollingServiceTests.PollAsync_ThrowsForNullOperation [< 1 ms]

Test Run Successful.
Total tests: 1217
     Passed: 1213
    Skipped: 4
 Total time: 1.3196 Minutes

Attachments:
  /Users/alexanderfedin/Projects/nolock.social/Nolock.social.frontend/NoLock.Social.Core.Tests/TestResults/27915db4-d5af-43d2-ac4d-616efb381dbf/coverage.cobertura.xml
  /Users/alexanderfedin/Projects/nolock.social/Nolock.social.frontend/Nolock.Social.Storage.IndexedDb.Tests/TestResults/41632e18-5806-4466-a126-47ea22ea613c/coverage.cobertura.xml
  /Users/alexanderfedin/Projects/nolock.social/Nolock.social.frontend/NoLock.Social.Components.Tests/TestResults/23683080-dda4-44a8-935d-9321ea54d87e/coverage.cobertura.xml
